BL51 BANKED LINKER/LOCATER V5.11                                                        05/22/2023  09:28:21  PAGE 1


BL51 BANKED LINKER/LOCATER V5.11, INVOKED BY:
C:\KEIL\C51\BIN\BL51.EXE dscr.obj, fw.obj, CYStream.obj, ..\..\..\..\Target\Lib\LP\EZUSB.LIB, ..\..\..\..\Target\Lib\LP\
>> USBJmpTb.OBJ TO CYStream CODE (0X0080) XDATA (0X1400)


MEMORY MODEL: SMALL


INPUT MODULES INCLUDED:
  dscr.obj (DSCR)
  fw.obj (FW)
  CYStream.obj (CYSTREAM)
  ..\..\..\..\Target\Lib\LP\EZUSB.LIB (RESUME)
  ..\..\..\..\Target\Lib\LP\EZUSB.LIB (DISCON)
  ..\..\..\..\Target\Lib\LP\EZUSB.LIB (EZREGS)
  ..\..\..\..\Target\Lib\LP\EZUSB.LIB (GET_STRD)
  ..\..\..\..\Target\Lib\LP\EZUSB.LIB (SUSP)
  ..\..\..\..\Target\Lib\LP\EZUSB.LIB (DELAY)
  ..\..\..\..\Target\Lib\LP\EZUSB.LIB (DELAY1MS)
  ..\..\..\..\Target\Lib\LP\USBJmpTb.OBJ (USBJMPTBL)
  C:\KEIL\C51\LIB\C51S.LIB (?C_STARTUP)
  C:\KEIL\C51\LIB\C51S.LIB (?C?LADD)
  C:\KEIL\C51\LIB\C51S.LIB (?C?ULCMP)
  C:\KEIL\C51\LIB\C51S.LIB (?C?CCASE)
  C:\KEIL\C51\LIB\C51S.LIB (?C_INIT)


LINK MAP OF MODULE:  CYStream (DSCR)


            TYPE    BASE      LENGTH    RELOCATION   SEGMENT NAME
            -----------------------------------------------------

            * * * * * * *   D A T A   M E M O R Y   * * * * * * *
            REG     0000H     0008H     ABSOLUTE     "REG BANK 0"
            DATA    0008H     0012H     UNIT         _DATA_GROUP_
            DATA    001AH     0004H     UNIT         ?DT?CYSTREAM
                    001EH     0002H                  *** GAP ***
            BIT     0020H.0   0000H.4   UNIT         ?BI?FW
            BIT     0020H.4   0000H.1   UNIT         _BIT_GROUP_
                    0020H.5   0000H.3                *** GAP ***
            DATA    0021H     000EH     UNIT         ?DT?FW
            IDATA   002FH     0001H     UNIT         ?STACK

            * * * * * * *  X D A T A   M E M O R Y  * * * * * * *
                    0000H     1400H                  *** GAP ***
            XDATA   1400H     0010H     UNIT         ?XD?CYSTREAM
                    1410H     CFF0H                  *** GAP ***
            XDATA   E400H     0001H     ABSOLUTE     
                    E401H     007FH                  *** GAP ***
            XDATA   E480H     0001H     ABSOLUTE     
                    E481H     0088H                  *** GAP ***
            XDATA   E509H     0001H     ABSOLUTE     
                    E50AH     00F6H                  *** GAP ***
            XDATA   E600H     0001H     ABSOLUTE     
            XDATA   E601H     0001H     ABSOLUTE     
            XDATA   E602H     0001H     ABSOLUTE     
            XDATA   E603H     0001H     ABSOLUTE     
BL51 BANKED LINKER/LOCATER V5.11                                                      05/22/2023  09:28:21  PAGE 2


            XDATA   E604H     0001H     ABSOLUTE     
            XDATA   E605H     0001H     ABSOLUTE     
            XDATA   E606H     0001H     ABSOLUTE     
            XDATA   E607H     0001H     ABSOLUTE     
            XDATA   E608H     0001H     ABSOLUTE     
            XDATA   E609H     0001H     ABSOLUTE     
            XDATA   E60AH     0001H     ABSOLUTE     
            XDATA   E60BH     0001H     ABSOLUTE     
            XDATA   E60CH     0001H     ABSOLUTE     
                    E60DH     0003H                  *** GAP ***
            XDATA   E610H     0001H     ABSOLUTE     
            XDATA   E611H     0001H     ABSOLUTE     
            XDATA   E612H     0001H     ABSOLUTE     
            XDATA   E613H     0001H     ABSOLUTE     
            XDATA   E614H     0001H     ABSOLUTE     
            XDATA   E615H     0001H     ABSOLUTE     
                    E616H     0002H                  *** GAP ***
            XDATA   E618H     0001H     ABSOLUTE     
            XDATA   E619H     0001H     ABSOLUTE     
            XDATA   E61AH     0001H     ABSOLUTE     
            XDATA   E61BH     0001H     ABSOLUTE     
                    E61CH     0004H                  *** GAP ***
            XDATA   E620H     0001H     ABSOLUTE     
            XDATA   E621H     0001H     ABSOLUTE     
            XDATA   E622H     0001H     ABSOLUTE     
            XDATA   E623H     0001H     ABSOLUTE     
            XDATA   E624H     0001H     ABSOLUTE     
            XDATA   E625H     0001H     ABSOLUTE     
            XDATA   E626H     0001H     ABSOLUTE     
            XDATA   E627H     0001H     ABSOLUTE     
            XDATA   E628H     0001H     ABSOLUTE     
            XDATA   E629H     0001H     ABSOLUTE     
            XDATA   E62AH     0001H     ABSOLUTE     
            XDATA   E62BH     0001H     ABSOLUTE     
            XDATA   E62CH     0001H     ABSOLUTE     
            XDATA   E62DH     0001H     ABSOLUTE     
            XDATA   E62EH     0001H     ABSOLUTE     
            XDATA   E62FH     0001H     ABSOLUTE     
            XDATA   E630H     0001H     ABSOLUTE     
            XDATA   E631H     0001H     ABSOLUTE     
            XDATA   E632H     0001H     ABSOLUTE     
            XDATA   E633H     0001H     ABSOLUTE     
            XDATA   E634H     0001H     ABSOLUTE     
            XDATA   E635H     0001H     ABSOLUTE     
            XDATA   E636H     0001H     ABSOLUTE     
            XDATA   E637H     0001H     ABSOLUTE     
                    E638H     0008H                  *** GAP ***
            XDATA   E640H     0001H     ABSOLUTE     
            XDATA   E641H     0001H     ABSOLUTE     
            XDATA   E642H     0001H     ABSOLUTE     
            XDATA   E643H     0001H     ABSOLUTE     
                    E644H     0004H                  *** GAP ***
            XDATA   E648H     0001H     ABSOLUTE     
            XDATA   E649H     0001H     ABSOLUTE     
                    E64AH     0006H                  *** GAP ***
            XDATA   E650H     0001H     ABSOLUTE     
            XDATA   E651H     0001H     ABSOLUTE     
BL51 BANKED LINKER/LOCATER V5.11                                                      05/22/2023  09:28:21  PAGE 3


            XDATA   E652H     0001H     ABSOLUTE     
            XDATA   E653H     0001H     ABSOLUTE     
            XDATA   E654H     0001H     ABSOLUTE     
            XDATA   E655H     0001H     ABSOLUTE     
            XDATA   E656H     0001H     ABSOLUTE     
            XDATA   E657H     0001H     ABSOLUTE     
            XDATA   E658H     0001H     ABSOLUTE     
            XDATA   E659H     0001H     ABSOLUTE     
            XDATA   E65AH     0001H     ABSOLUTE     
            XDATA   E65BH     0001H     ABSOLUTE     
            XDATA   E65CH     0001H     ABSOLUTE     
            XDATA   E65DH     0001H     ABSOLUTE     
            XDATA   E65EH     0001H     ABSOLUTE     
            XDATA   E65FH     0001H     ABSOLUTE     
            XDATA   E660H     0001H     ABSOLUTE     
            XDATA   E661H     0001H     ABSOLUTE     
            XDATA   E662H     0001H     ABSOLUTE     
            XDATA   E663H     0001H     ABSOLUTE     
            XDATA   E664H     0001H     ABSOLUTE     
            XDATA   E665H     0001H     ABSOLUTE     
            XDATA   E666H     0001H     ABSOLUTE     
            XDATA   E667H     0001H     ABSOLUTE     
            XDATA   E668H     0001H     ABSOLUTE     
                    E669H     0007H                  *** GAP ***
            XDATA   E670H     0001H     ABSOLUTE     
            XDATA   E671H     0001H     ABSOLUTE     
            XDATA   E672H     0001H     ABSOLUTE     
                    E673H     0005H                  *** GAP ***
            XDATA   E678H     0001H     ABSOLUTE     
            XDATA   E679H     0001H     ABSOLUTE     
            XDATA   E67AH     0001H     ABSOLUTE     
            XDATA   E67BH     0001H     ABSOLUTE     
            XDATA   E67CH     0001H     ABSOLUTE     
            XDATA   E67DH     0001H     ABSOLUTE     
            XDATA   E67EH     0001H     ABSOLUTE     
            XDATA   E67FH     0001H     ABSOLUTE     
            XDATA   E680H     0001H     ABSOLUTE     
            XDATA   E681H     0001H     ABSOLUTE     
            XDATA   E682H     0001H     ABSOLUTE     
            XDATA   E683H     0001H     ABSOLUTE     
            XDATA   E684H     0001H     ABSOLUTE     
            XDATA   E685H     0001H     ABSOLUTE     
            XDATA   E686H     0001H     ABSOLUTE     
            XDATA   E687H     0001H     ABSOLUTE     
                    E688H     0002H                  *** GAP ***
            XDATA   E68AH     0001H     ABSOLUTE     
            XDATA   E68BH     0001H     ABSOLUTE     
                    E68CH     0001H                  *** GAP ***
            XDATA   E68DH     0001H     ABSOLUTE     
                    E68EH     0001H                  *** GAP ***
            XDATA   E68FH     0001H     ABSOLUTE     
            XDATA   E690H     0001H     ABSOLUTE     
            XDATA   E691H     0001H     ABSOLUTE     
                    E692H     0002H                  *** GAP ***
            XDATA   E694H     0001H     ABSOLUTE     
            XDATA   E695H     0001H     ABSOLUTE     
                    E696H     0002H                  *** GAP ***
BL51 BANKED LINKER/LOCATER V5.11                                                      05/22/2023  09:28:21  PAGE 4


            XDATA   E698H     0001H     ABSOLUTE     
            XDATA   E699H     0001H     ABSOLUTE     
                    E69AH     0002H                  *** GAP ***
            XDATA   E69CH     0001H     ABSOLUTE     
            XDATA   E69DH     0001H     ABSOLUTE     
                    E69EH     0002H                  *** GAP ***
            XDATA   E6A0H     0001H     ABSOLUTE     
            XDATA   E6A1H     0001H     ABSOLUTE     
            XDATA   E6A2H     0001H     ABSOLUTE     
            XDATA   E6A3H     0001H     ABSOLUTE     
            XDATA   E6A4H     0001H     ABSOLUTE     
            XDATA   E6A5H     0001H     ABSOLUTE     
            XDATA   E6A6H     0001H     ABSOLUTE     
            XDATA   E6A7H     0001H     ABSOLUTE     
            XDATA   E6A8H     0001H     ABSOLUTE     
            XDATA   E6A9H     0001H     ABSOLUTE     
            XDATA   E6AAH     0001H     ABSOLUTE     
            XDATA   E6ABH     0001H     ABSOLUTE     
            XDATA   E6ACH     0001H     ABSOLUTE     
            XDATA   E6ADH     0001H     ABSOLUTE     
            XDATA   E6AEH     0001H     ABSOLUTE     
            XDATA   E6AFH     0001H     ABSOLUTE     
            XDATA   E6B0H     0001H     ABSOLUTE     
            XDATA   E6B1H     0001H     ABSOLUTE     
            XDATA   E6B2H     0001H     ABSOLUTE     
            XDATA   E6B3H     0001H     ABSOLUTE     
            XDATA   E6B4H     0001H     ABSOLUTE     
            XDATA   E6B5H     0001H     ABSOLUTE     
                    E6B6H     0002H                  *** GAP ***
            XDATA   E6B8H     0008H     ABSOLUTE     
            XDATA   E6C0H     0001H     ABSOLUTE     
            XDATA   E6C1H     0001H     ABSOLUTE     
            XDATA   E6C2H     0001H     ABSOLUTE     
            XDATA   E6C3H     0001H     ABSOLUTE     
            XDATA   E6C4H     0001H     ABSOLUTE     
            XDATA   E6C5H     0001H     ABSOLUTE     
            XDATA   E6C6H     0001H     ABSOLUTE     
            XDATA   E6C7H     0001H     ABSOLUTE     
            XDATA   E6C8H     0001H     ABSOLUTE     
            XDATA   E6C9H     0001H     ABSOLUTE     
            XDATA   E6CAH     0001H     ABSOLUTE     
            XDATA   E6CBH     0001H     ABSOLUTE     
            XDATA   E6CCH     0001H     ABSOLUTE     
            XDATA   E6CDH     0001H     ABSOLUTE     
            XDATA   E6CEH     0001H     ABSOLUTE     
            XDATA   E6CFH     0001H     ABSOLUTE     
            XDATA   E6D0H     0001H     ABSOLUTE     
            XDATA   E6D1H     0001H     ABSOLUTE     
            XDATA   E6D2H     0001H     ABSOLUTE     
            XDATA   E6D3H     0001H     ABSOLUTE     
            XDATA   E6D4H     0001H     ABSOLUTE     
                    E6D5H     0005H                  *** GAP ***
            XDATA   E6DAH     0001H     ABSOLUTE     
            XDATA   E6DBH     0001H     ABSOLUTE     
            XDATA   E6DCH     0001H     ABSOLUTE     
                    E6DDH     0005H                  *** GAP ***
            XDATA   E6E2H     0001H     ABSOLUTE     
BL51 BANKED LINKER/LOCATER V5.11                                                      05/22/2023  09:28:21  PAGE 5


            XDATA   E6E3H     0001H     ABSOLUTE     
            XDATA   E6E4H     0001H     ABSOLUTE     
                    E6E5H     0005H                  *** GAP ***
            XDATA   E6EAH     0001H     ABSOLUTE     
            XDATA   E6EBH     0001H     ABSOLUTE     
            XDATA   E6ECH     0001H     ABSOLUTE     
                    E6EDH     0003H                  *** GAP ***
            XDATA   E6F0H     0001H     ABSOLUTE     
            XDATA   E6F1H     0001H     ABSOLUTE     
            XDATA   E6F2H     0001H     ABSOLUTE     
            XDATA   E6F3H     0001H     ABSOLUTE     
            XDATA   E6F4H     0001H     ABSOLUTE     
            XDATA   E6F5H     0001H     ABSOLUTE     
                    E6F6H     0002H                  *** GAP ***
            XDATA   E6F8H     0001H     ABSOLUTE     
            XDATA   E6F9H     0001H     ABSOLUTE     
            XDATA   E6FAH     0001H     ABSOLUTE     
            XDATA   E6FBH     0001H     ABSOLUTE     
            XDATA   E6FCH     0001H     ABSOLUTE     
            XDATA   E6FDH     0001H     ABSOLUTE     
            XDATA   E6FEH     0001H     ABSOLUTE     
                    E6FFH     0041H                  *** GAP ***
            XDATA   E740H     0040H     ABSOLUTE     
            XDATA   E780H     0040H     ABSOLUTE     
            XDATA   E7C0H     0040H     ABSOLUTE     
                    E800H     0800H                  *** GAP ***
            XDATA   F000H     0400H     ABSOLUTE     
            XDATA   F400H     0400H     ABSOLUTE     
            XDATA   F800H     0400H     ABSOLUTE     
            XDATA   FC00H     0400H     ABSOLUTE     

            * * * * * * *   C O D E   M E M O R Y   * * * * * * *
            CODE    0000H     0003H     ABSOLUTE     
                    0003H     0030H                  *** GAP ***
            CODE    0033H     0003H     ABSOLUTE     
                    0036H     000DH                  *** GAP ***
            CODE    0043H     0003H     ABSOLUTE     
                    0046H     000DH                  *** GAP ***
            CODE    0053H     0003H     ABSOLUTE     
                    0056H     002AH                  *** GAP ***
            CODE    0080H     0051H     UNIT         ?PR?ISR_HIGHSPEED?CYSTREAM
            CODE    00D1H     002FH     UNIT         ?PR?EZUSB_DISCON?DISCON
            CODE    0100H     011CH     ABSOLUTE     
            CODE    021CH     0362H     UNIT         ?PR?DR_SETINTERFACE?CYSTREAM
            CODE    057EH     0287H     UNIT         ?PR?SETUPCOMMAND?FW
            CODE    0805H     01F7H     UNIT         ?PR?TD_POLL?CYSTREAM
            CODE    09FCH     01B5H     UNIT         ?PR?MAIN?FW
            CODE    0BB1H     0046H     UNIT         ?PR?_EZUSB_DELAY?DELAY
            CODE    0BF7H     0008H     UNIT         ?PR?DR_SETCONFIGURATION?CYSTREAM
            CODE    0BFFH     0001H     UNIT         ?PR?ISR_EP0ACK?CYSTREAM
            CODE    0C00H     00B8H     PAGE         ?PR?USB_JUMP_TABLE?USBJT
            CODE    0CB8H     00B5H     UNIT         ?PR?TD_INIT?CYSTREAM
            CODE    0D6DH     008CH     UNIT         ?C_C51STARTUP
            CODE    0DF9H     0044H     UNIT         ?C?LIB_CODE
            CODE    0E3DH     003BH     UNIT         ?PR?ISR_EP2INOUT?CYSTREAM
            CODE    0E78H     0036H     UNIT         ?PR?ISR_URES?CYSTREAM
            CODE    0EAEH     002CH     UNIT         ?PR?EZUSB_RESUME?RESUME
BL51 BANKED LINKER/LOCATER V5.11                                                      05/22/2023  09:28:21  PAGE 6


            CODE    0EDAH     002BH     UNIT         ?PR?_EZUSB_GETSTRINGDSCR?GET_STRD
            CODE    0F05H     0025H     UNIT         EZUSB
            CODE    0F2AH     0018H     UNIT         ?PR?ISR_SUDAV?CYSTREAM
            CODE    0F42H     0018H     UNIT         ?PR?ISR_SUSP?CYSTREAM
            CODE    0F5AH     0017H     UNIT         ?C_INITSEG
            CODE    0F71H     0016H     UNIT         ?PR?ISR_SUTOK?CYSTREAM
            CODE    0F87H     0016H     UNIT         ?PR?ISR_SOF?CYSTREAM
            CODE    0F9DH     0012H     UNIT         ?PR?DR_GETCONFIGURATION?CYSTREAM
            CODE    0FAFH     0012H     UNIT         ?PR?DR_GETINTERFACE?CYSTREAM
            CODE    0FC1H     000AH     UNIT         ?CO?FW
            CODE    0FCBH     0004H     UNIT         ?PR?RESUME_ISR?FW
            CODE    0FCFH     0002H     UNIT         ?PR?TD_SUSPEND?CYSTREAM
            CODE    0FD1H     0002H     UNIT         ?PR?TD_RESUME?CYSTREAM
            CODE    0FD3H     0002H     UNIT         ?PR?DR_GETDESCRIPTOR?CYSTREAM
            CODE    0FD5H     0002H     UNIT         ?PR?DR_GETSTATUS?CYSTREAM
            CODE    0FD7H     0002H     UNIT         ?PR?DR_CLEARFEATURE?CYSTREAM
            CODE    0FD9H     0002H     UNIT         ?PR?DR_SETFEATURE?CYSTREAM
            CODE    0FDBH     0002H     UNIT         ?PR?DR_VENDORCMND?CYSTREAM
            CODE    0FDDH     0001H     UNIT         ?PR?ISR_STUB?CYSTREAM
            CODE    0FDEH     0001H     UNIT         ?PR?ISR_EP0IN?CYSTREAM
            CODE    0FDFH     0001H     UNIT         ?PR?ISR_EP0OUT?CYSTREAM
            CODE    0FE0H     0001H     UNIT         ?PR?ISR_EP1IN?CYSTREAM
            CODE    0FE1H     0001H     UNIT         ?PR?ISR_EP1OUT?CYSTREAM
            CODE    0FE2H     0001H     UNIT         ?PR?ISR_EP4INOUT?CYSTREAM
            CODE    0FE3H     0001H     UNIT         ?PR?ISR_EP6INOUT?CYSTREAM
            CODE    0FE4H     0001H     UNIT         ?PR?ISR_EP8INOUT?CYSTREAM
            CODE    0FE5H     0001H     UNIT         ?PR?ISR_IBN?CYSTREAM
            CODE    0FE6H     0001H     UNIT         ?PR?ISR_EP0PINGNAK?CYSTREAM
            CODE    0FE7H     0001H     UNIT         ?PR?ISR_EP1PINGNAK?CYSTREAM
            CODE    0FE8H     0001H     UNIT         ?PR?ISR_EP2PINGNAK?CYSTREAM
            CODE    0FE9H     0001H     UNIT         ?PR?ISR_EP4PINGNAK?CYSTREAM
            CODE    0FEAH     0001H     UNIT         ?PR?ISR_EP6PINGNAK?CYSTREAM
            CODE    0FEBH     0001H     UNIT         ?PR?ISR_EP8PINGNAK?CYSTREAM
            CODE    0FECH     0001H     UNIT         ?PR?ISR_ERRORLIMIT?CYSTREAM
            CODE    0FEDH     0001H     UNIT         ?PR?ISR_EP2PIDERROR?CYSTREAM
            CODE    0FEEH     0001H     UNIT         ?PR?ISR_EP4PIDERROR?CYSTREAM
            CODE    0FEFH     0001H     UNIT         ?PR?ISR_EP6PIDERROR?CYSTREAM
            CODE    0FF0H     0001H     UNIT         ?PR?ISR_EP8PIDERROR?CYSTREAM
            CODE    0FF1H     0001H     UNIT         ?PR?ISR_EP2PFLAG?CYSTREAM
            CODE    0FF2H     0001H     UNIT         ?PR?ISR_EP4PFLAG?CYSTREAM
            CODE    0FF3H     0001H     UNIT         ?PR?ISR_EP6PFLAG?CYSTREAM
            CODE    0FF4H     0001H     UNIT         ?PR?ISR_EP8PFLAG?CYSTREAM
            CODE    0FF5H     0001H     UNIT         ?PR?ISR_EP2EFLAG?CYSTREAM
            CODE    0FF6H     0001H     UNIT         ?PR?ISR_EP4EFLAG?CYSTREAM
            CODE    0FF7H     0001H     UNIT         ?PR?ISR_EP6EFLAG?CYSTREAM
            CODE    0FF8H     0001H     UNIT         ?PR?ISR_EP8EFLAG?CYSTREAM
            CODE    0FF9H     0001H     UNIT         ?PR?ISR_EP2FFLAG?CYSTREAM
            CODE    0FFAH     0001H     UNIT         ?PR?ISR_EP4FFLAG?CYSTREAM
            CODE    0FFBH     0001H     UNIT         ?PR?ISR_EP6FFLAG?CYSTREAM
            CODE    0FFCH     0001H     UNIT         ?PR?ISR_EP8FFLAG?CYSTREAM
            CODE    0FFDH     0001H     UNIT         ?PR?ISR_GPIFCOMPLETE?CYSTREAM
            CODE    0FFEH     0001H     UNIT         ?PR?ISR_GPIFWAVEFORM?CYSTREAM



OVERLAY MAP OF MODULE:   CYStream (DSCR)

BL51 BANKED LINKER/LOCATER V5.11                                                      05/22/2023  09:28:21  PAGE 7



SEGMENT                                      BIT_GROUP          DATA_GROUP 
  +--> CALLED SEGMENT                     START    LENGTH     START    LENGTH
-----------------------------------------------------------------------------
?PR?USB_JUMP_TABLE?USBJT                  -----    -----      -----    -----
  +--> ?PR?ISR_SUDAV?CYSTREAM
  +--> ?PR?ISR_SOF?CYSTREAM
  +--> ?PR?ISR_SUTOK?CYSTREAM
  +--> ?PR?ISR_SUSP?CYSTREAM
  +--> ?PR?ISR_URES?CYSTREAM
  +--> ?PR?ISR_HIGHSPEED?CYSTREAM
  +--> ?PR?ISR_EP0ACK?CYSTREAM
  +--> ?PR?ISR_STUB?CYSTREAM
  +--> ?PR?ISR_EP0IN?CYSTREAM
  +--> ?PR?ISR_EP0OUT?CYSTREAM
  +--> ?PR?ISR_EP1IN?CYSTREAM
  +--> ?PR?ISR_EP1OUT?CYSTREAM
  +--> ?PR?ISR_EP2INOUT?CYSTREAM
  +--> ?PR?ISR_EP4INOUT?CYSTREAM
  +--> ?PR?ISR_EP6INOUT?CYSTREAM
  +--> ?PR?ISR_EP8INOUT?CYSTREAM
  +--> ?PR?ISR_IBN?CYSTREAM
  +--> ?PR?ISR_EP0PINGNAK?CYSTREAM
  +--> ?PR?ISR_EP1PINGNAK?CYSTREAM
  +--> ?PR?ISR_EP2PINGNAK?CYSTREAM
  +--> ?PR?ISR_EP4PINGNAK?CYSTREAM
  +--> ?PR?ISR_EP6PINGNAK?CYSTREAM
  +--> ?PR?ISR_EP8PINGNAK?CYSTREAM
  +--> ?PR?ISR_ERRORLIMIT?CYSTREAM
  +--> ?PR?ISR_EP2PIDERROR?CYSTREAM
  +--> ?PR?ISR_EP4PIDERROR?CYSTREAM
  +--> ?PR?ISR_EP6PIDERROR?CYSTREAM
  +--> ?PR?ISR_EP8PIDERROR?CYSTREAM
  +--> ?PR?ISR_EP2PFLAG?CYSTREAM
  +--> ?PR?ISR_EP4PFLAG?CYSTREAM
  +--> ?PR?ISR_EP6PFLAG?CYSTREAM
  +--> ?PR?ISR_EP8PFLAG?CYSTREAM
  +--> ?PR?ISR_EP2EFLAG?CYSTREAM
  +--> ?PR?ISR_EP4EFLAG?CYSTREAM
  +--> ?PR?ISR_EP6EFLAG?CYSTREAM
  +--> ?PR?ISR_EP8EFLAG?CYSTREAM
  +--> ?PR?ISR_EP2FFLAG?CYSTREAM
  +--> ?PR?ISR_EP4FFLAG?CYSTREAM
  +--> ?PR?ISR_EP6FFLAG?CYSTREAM
  +--> ?PR?ISR_EP8FFLAG?CYSTREAM
  +--> ?PR?ISR_GPIFCOMPLETE?CYSTREAM
  +--> ?PR?ISR_GPIFWAVEFORM?CYSTREAM

*** NEW ROOT ***************************************************

?C_C51STARTUP                             -----    -----      -----    -----
  +--> ?PR?MAIN?FW
  +--> ?C_INITSEG

?PR?MAIN?FW                               -----    -----      0008H    0010H
  +--> ?PR?TD_INIT?CYSTREAM
  +--> ?PR?EZUSB_DISCON?DISCON
BL51 BANKED LINKER/LOCATER V5.11                                                      05/22/2023  09:28:21  PAGE 8


  +--> ?PR?SETUPCOMMAND?FW
  +--> ?PR?TD_SUSPEND?CYSTREAM
  +--> ?PR?EZUSB_RESUME?RESUME
  +--> ?PR?TD_RESUME?CYSTREAM
  +--> ?PR?TD_POLL?CYSTREAM

?PR?EZUSB_DISCON?DISCON                   0020H.4  0000H.1    -----    -----
  +--> ?PR?_EZUSB_DELAY?DELAY

?PR?_EZUSB_DELAY?DELAY                    -----    -----      0018H    0002H

?PR?SETUPCOMMAND?FW                       -----    -----      -----    -----
  +--> ?PR?DR_GETDESCRIPTOR?CYSTREAM
  +--> ?PR?_EZUSB_GETSTRINGDSCR?GET_STRD
  +--> ?PR?DR_GETINTERFACE?CYSTREAM
  +--> ?PR?DR_SETINTERFACE?CYSTREAM
  +--> ?PR?DR_SETCONFIGURATION?CYSTREAM
  +--> ?PR?DR_GETCONFIGURATION?CYSTREAM
  +--> ?PR?DR_GETSTATUS?CYSTREAM
  +--> ?CO?FW
  +--> ?PR?DR_CLEARFEATURE?CYSTREAM
  +--> ?PR?DR_SETFEATURE?CYSTREAM
  +--> ?PR?DR_VENDORCMND?CYSTREAM

?PR?EZUSB_RESUME?RESUME                   -----    -----      -----    -----
  +--> ?PR?_EZUSB_DELAY?DELAY



SYMBOL TABLE OF MODULE:  CYStream (DSCR)

  VALUE           TYPE          NAME
  ----------------------------------

  -------         MODULE        DSCR
  C:0100H         PUBLIC        DEVICEDSCR
  C:0114H         PUBLIC        DEVICEQUALDSCR
  C:01A8H         PUBLIC        FULLSPEEDCONFIGDSCR
  C:0120H         PUBLIC        HIGHSPEEDCONFIGDSCR
  C:01F2H         PUBLIC        STRINGDSCR
  C:021AH         PUBLIC        USERDSCR
  N:0002H         SYMBOL        DSCR_CONFIG
  N:0009H         SYMBOL        DSCR_CONFIG_LEN
  N:0001H         SYMBOL        DSCR_DEVICE
  N:0012H         SYMBOL        DSCR_DEVICE_LEN
  N:0006H         SYMBOL        DSCR_DEVQUAL
  N:000AH         SYMBOL        DSCR_DEVQUAL_LEN
  N:0005H         SYMBOL        DSCR_ENDPNT
  N:0007H         SYMBOL        DSCR_ENDPNT_LEN
  N:0004H         SYMBOL        DSCR_INTRFC
  N:0009H         SYMBOL        DSCR_INTRFC_LEN
  N:0003H         SYMBOL        DSCR_STRING
  N:0002H         SYMBOL        ET_BULK
  N:0000H         SYMBOL        ET_CONTROL
  N:0003H         SYMBOL        ET_INT
  N:0001H         SYMBOL        ET_ISO
  C:01F1H         SYMBOL        FULLSPEEDCONFIGDSCREND
BL51 BANKED LINKER/LOCATER V5.11                                                      05/22/2023  09:28:21  PAGE 9


  C:01A7H         SYMBOL        HIGHSPEEDCONFIGDSCREND
  C:01F2H         SYMBOL        STRINGDSCR0
  C:01F6H         SYMBOL        STRINGDSCR0END
  C:01F6H         SYMBOL        STRINGDSCR1
  C:0206H         SYMBOL        STRINGDSCR1END
  C:0206H         SYMBOL        STRINGDSCR2
  C:021AH         SYMBOL        STRINGDSCR2END
  -------         ENDMOD        DSCR

  -------         MODULE        FW
  C:0000H         SYMBOL        _ICE_DUMMY_
  B:00A8H.7       PUBLIC        EA
  B:0020H.0       PUBLIC        Rwuen
  B:0020H.1       PUBLIC        GotSUD
  C:0FC1H         PUBLIC        EPCS_Offset_Lookup_Table
  C:09FCH         PUBLIC        main
  B:00E8H.0       PUBLIC        EUSB
  C:0FCBH         PUBLIC        resume_isr
  D:0021H         PUBLIC        pHighSpeedConfigDscr
  D:0023H         PUBLIC        pDeviceDscr
  C:057EH         PUBLIC        SetupCommand
  D:0025H         PUBLIC        pConfigDscr
  D:0027H         PUBLIC        pOtherConfigDscr
  D:0029H         PUBLIC        pFullSpeedConfigDscr
  B:0020H.2       PUBLIC        Selfpwr
  D:002BH         PUBLIC        pDeviceQualDscr
  D:00D8H         PUBLIC        EICON
  D:008EH         PUBLIC        CKCON
  D:002DH         PUBLIC        pStringDscr
  B:0020H.3       PUBLIC        Sleep
  -------         PROC          MAIN
  -------         DO            
  D:0008H         SYMBOL        i
  D:0006H         SYMBOL        offset
  D:000CH         SYMBOL        DevDescrLen
  D:0010H         SYMBOL        j
  D:0014H         SYMBOL        IntDescrAddr
  D:0016H         SYMBOL        ExtDescrAddr
  -------         ENDDO         
  C:09FCH         LINE#         104
  C:09FCH         LINE#         105
  C:09FCH         LINE#         109
  C:0A05H         LINE#         114
  C:0A07H         LINE#         115
  C:0A09H         LINE#         116
  C:0A0BH         LINE#         117
  C:0A0DH         LINE#         120
  C:0A10H         LINE#         128
  C:0A18H         LINE#         129
  C:0A1EH         LINE#         130
  C:0A24H         LINE#         131
  C:0A2AH         LINE#         132
  C:0A30H         LINE#         134
  C:0A38H         LINE#         135
  C:0A38H         LINE#         136
  C:0A3EH         LINE#         137
  C:0A42H         LINE#         138
BL51 BANKED LINKER/LOCATER V5.11                                                      05/22/2023  09:28:21  PAGE 10


  C:0A5AH         LINE#         139
  C:0A78H         LINE#         140
  C:0AA2H         LINE#         141
  C:0AC1H         LINE#         142
  C:0AF8H         LINE#         143
  C:0AFEH         LINE#         144
  C:0B08H         LINE#         145
  C:0B13H         LINE#         146
  C:0B1EH         LINE#         147
  C:0B29H         LINE#         148
  C:0B34H         LINE#         149
  C:0B3FH         LINE#         150
  C:0B4AH         LINE#         151
  C:0B4AH         LINE#         153
  C:0B4CH         LINE#         154
  C:0B4FH         LINE#         157
  C:0B56H         LINE#         161
  C:0B5DH         LINE#         166
  C:0B5FH         LINE#         172
  C:0B66H         LINE#         173
  C:0B66H         LINE#         174
  C:0B6BH         LINE#         175
  C:0B6BH         LINE#         181
  C:0B72H         LINE#         186
  C:0B75H         LINE#         189
  C:0B77H         LINE#         193
  C:0B77H         LINE#         194
  C:0B77H         LINE#         195
  C:0B7AH         LINE#         196
  C:0B7AH         LINE#         197
  C:0B7DH         LINE#         198
  C:0B7FH         LINE#         199
  C:0B7FH         LINE#         206
  C:0B82H         LINE#         207
  C:0B82H         LINE#         208
  C:0B87H         LINE#         209
  C:0B87H         LINE#         210
  C:0B89H         LINE#         212
  C:0B89H         LINE#         213
  C:0B8CH         LINE#         214
  C:0B8CH         LINE#         215
  C:0BA5H         LINE#         220
  C:0BA8H         LINE#         221
  C:0BABH         LINE#         222
  C:0BABH         LINE#         223
  C:0BABH         LINE#         224
  C:0BAEH         LINE#         225
  -------         ENDPROC       MAIN
  -------         PROC          SETUPCOMMAND
  -------         DO            
  D:0001H         SYMBOL        dscr_ptr
  -------         ENDDO         
  C:057EH         LINE#         229
  C:057EH         LINE#         230
  C:057EH         LINE#         233
  C:05A1H         LINE#         234
  C:05A1H         LINE#         235
BL51 BANKED LINKER/LOCATER V5.11                                                      05/22/2023  09:28:21  PAGE 11


  C:05A1H         LINE#         236
  C:05A9H         LINE#         237
  C:05BFH         LINE#         238
  C:05BFH         LINE#         239
  C:05BFH         LINE#         240
  C:05C5H         LINE#         241
  C:05CBH         LINE#         242
  C:05CEH         LINE#         243
  C:05CEH         LINE#         244
  C:05D4H         LINE#         245
  C:05DAH         LINE#         246
  C:05DDH         LINE#         247
  C:05DDH         LINE#         248
  C:05E3H         LINE#         249
  C:05E9H         LINE#         250
  C:05ECH         LINE#         251
  C:05ECH         LINE#         252
  C:05F2H         LINE#         253
  C:05F8H         LINE#         254
  C:05FBH         LINE#         255
  C:05FBH         LINE#         256
  C:060EH         LINE#         257
  C:060EH         LINE#         258
  C:0613H         LINE#         259
  C:0618H         LINE#         260
  C:061BH         LINE#         262
  C:0622H         LINE#         263
  C:0625H         LINE#         264
  C:0625H         LINE#         265
  C:062CH         LINE#         266
  C:062CH         LINE#         267
  C:062FH         LINE#         268
  C:062FH         LINE#         269
  C:0632H         LINE#         270
  C:0635H         LINE#         271
  C:0635H         LINE#         272
  C:0638H         LINE#         273
  C:063BH         LINE#         274
  C:063BH         LINE#         275
  C:063EH         LINE#         276
  C:0641H         LINE#         277
  C:0641H         LINE#         278
  C:0644H         LINE#         279
  C:0647H         LINE#         280
  C:0647H         LINE#         281
  C:064FH         LINE#         282
  C:0661H         LINE#         283
  C:0661H         LINE#         284
  C:0661H         LINE#         285
  C:0672H         LINE#         286
  C:0675H         LINE#         287
  C:0679H         LINE#         288
  C:067FH         LINE#         289
  C:0682H         LINE#         290
  C:0682H         LINE#         291
  C:0687H         LINE#         292
  C:0689H         LINE#         293
BL51 BANKED LINKER/LOCATER V5.11                                                      05/22/2023  09:28:21  PAGE 12


  C:068DH         LINE#         294
  C:0693H         LINE#         295
  C:0696H         LINE#         296
  C:0696H         LINE#         297
  C:06D6H         LINE#         298
  C:06D9H         LINE#         299
  C:06DDH         LINE#         300
  C:06E3H         LINE#         301
  C:06E6H         LINE#         302
  C:06E6H         LINE#         303
  C:06EDH         LINE#         304
  C:06EDH         LINE#         305
  C:06F0H         LINE#         306
  C:06F0H         LINE#         307
  C:06F8H         LINE#         308
  C:0707H         LINE#         309
  C:0707H         LINE#         310
  C:0707H         LINE#         311
  C:070EH         LINE#         312
  C:0713H         LINE#         314
  C:071AH         LINE#         315
  C:071DH         LINE#         316
  C:071DH         LINE#         317
  C:0723H         LINE#         318
  C:0723H         LINE#         319
  C:0760H         LINE#         320
  C:0779H         LINE#         321
  C:077CH         LINE#         323
  C:0783H         LINE#         324
  C:0785H         LINE#         325
  C:0785H         LINE#         326
  C:0785H         LINE#         327
  C:0785H         LINE#         328
  C:078AH         LINE#         329
  C:0796H         LINE#         330
  C:0796H         LINE#         331
  C:0796H         LINE#         332
  C:079DH         LINE#         333
  C:07A1H         LINE#         334
  C:07A9H         LINE#         340
  C:07A9H         LINE#         342
  C:07B0H         LINE#         343
  C:07B2H         LINE#         344
  C:07B2H         LINE#         345
  C:07EFH         LINE#         346
  C:07F1H         LINE#         347
  C:07F1H         LINE#         348
  C:07F1H         LINE#         349
  C:07F1H         LINE#         350
  C:07F6H         LINE#         351
  C:07FDH         LINE#         352
  C:07FDH         LINE#         355
  C:0804H         LINE#         356
  -------         ENDPROC       SETUPCOMMAND
  -------         PROC          RESUME_ISR
  C:0FCBH         LINE#         359
  C:0FCBH         LINE#         361
BL51 BANKED LINKER/LOCATER V5.11                                                      05/22/2023  09:28:21  PAGE 13


  C:0FCEH         LINE#         362
  -------         ENDPROC       RESUME_ISR
  -------         ENDMOD        FW

  -------         MODULE        CYSTREAM
  C:0000H         SYMBOL        _ICE_DUMMY_
  C:0FECH         PUBLIC        ISR_Errorlimit
  C:0BF7H         PUBLIC        DR_SetConfiguration
  D:001AH         PUBLIC        AlternateSetting
  C:0FDEH         PUBLIC        ISR_Ep0in
  C:0FE0H         PUBLIC        ISR_Ep1in
  C:0CB8H         PUBLIC        TD_Init
  C:0FDFH         PUBLIC        ISR_Ep0out
  C:0FE1H         PUBLIC        ISR_Ep1out
  C:0805H         PUBLIC        TD_Poll
  D:001BH         PUBLIC        mycount
  C:0FFDH         PUBLIC        ISR_GpifComplete
  C:0FD5H         PUBLIC        DR_GetStatus
  C:0FE6H         PUBLIC        ISR_Ep0pingnak
  C:0FE7H         PUBLIC        ISR_Ep1pingnak
  C:0FFEH         PUBLIC        ISR_GpifWaveform
  C:0FEDH         PUBLIC        ISR_Ep2piderror
  C:0FE8H         PUBLIC        ISR_Ep2pingnak
  C:0FEEH         PUBLIC        ISR_Ep4piderror
  C:0FE9H         PUBLIC        ISR_Ep4pingnak
  C:0FEFH         PUBLIC        ISR_Ep6piderror
  C:0FEAH         PUBLIC        ISR_Ep6pingnak
  D:00AAH         PUBLIC        EP2468STAT
  C:0FF0H         PUBLIC        ISR_Ep8piderror
  C:0FEBH         PUBLIC        ISR_Ep8pingnak
  D:0091H         PUBLIC        EXIF
  C:0FAFH         PUBLIC        DR_GetInterface
  C:0FD7H         PUBLIC        DR_ClearFeature
  C:0FF5H         PUBLIC        ISR_Ep2eflag
  C:0FF9H         PUBLIC        ISR_Ep2fflag
  C:0FF6H         PUBLIC        ISR_Ep4eflag
  C:021CH         PUBLIC        DR_SetInterface
  C:0FFAH         PUBLIC        ISR_Ep4fflag
  C:0FF7H         PUBLIC        ISR_Ep6eflag
  C:0FFBH         PUBLIC        ISR_Ep6fflag
  C:0FD3H         PUBLIC        DR_GetDescriptor
  C:0FF8H         PUBLIC        ISR_Ep8eflag
  C:0FFCH         PUBLIC        ISR_Ep8fflag
  C:0FF1H         PUBLIC        ISR_Ep2pflag
  C:0FF2H         PUBLIC        ISR_Ep4pflag
  C:0FF3H         PUBLIC        ISR_Ep6pflag
  C:0FF4H         PUBLIC        ISR_Ep8pflag
  C:0F2AH         PUBLIC        ISR_Sudav
  C:0FCFH         PUBLIC        TD_Suspend
  D:001DH         PUBLIC        Configuration
  C:0BFFH         PUBLIC        ISR_Ep0ack
  C:0080H         PUBLIC        ISR_Highspeed
  C:0F71H         PUBLIC        ISR_Sutok
  C:0FE5H         PUBLIC        ISR_Ibn
  C:0E3DH         PUBLIC        ISR_Ep2inout
  C:0FE2H         PUBLIC        ISR_Ep4inout
  C:0FDBH         PUBLIC        DR_VendorCmnd
BL51 BANKED LINKER/LOCATER V5.11                                                      05/22/2023  09:28:21  PAGE 14


  C:0FD1H         PUBLIC        TD_Resume
  C:0FE3H         PUBLIC        ISR_Ep6inout
  C:0FDDH         PUBLIC        ISR_Stub
  C:0FE4H         PUBLIC        ISR_Ep8inout
  C:0E78H         PUBLIC        ISR_Ures
  X:1400H         PUBLIC        Digit
  C:0FD9H         PUBLIC        DR_SetFeature
  C:0F87H         PUBLIC        ISR_Sof
  C:0F9DH         PUBLIC        DR_GetConfiguration
  C:0F42H         PUBLIC        ISR_Susp
  -------         PROC          TD_INIT
  -------         DO            
  D:0004H         SYMBOL        i
  D:0006H         SYMBOL        j
  -------         ENDDO         
  C:0CB8H         LINE#         71
  C:0CB8H         LINE#         72
  C:0CB8H         LINE#         76
  C:0CC1H         LINE#         77
  C:0CC4H         LINE#         80
  C:0CCBH         LINE#         81
  C:0CCEH         LINE#         85
  C:0CD5H         LINE#         86
  C:0CD8H         LINE#         87
  C:0CDFH         LINE#         88
  C:0CE2H         LINE#         89
  C:0CE9H         LINE#         90
  C:0CECH         LINE#         91
  C:0CF3H         LINE#         92
  C:0CF6H         LINE#         93
  C:0CFDH         LINE#         94
  C:0D00H         LINE#         95
  C:0D06H         LINE#         98
  C:0D0DH         LINE#         100
  C:0D12H         LINE#         103
  C:0D15H         LINE#         104
  C:0D15H         LINE#         105
  C:0D1BH         LINE#         106
  C:0D1FH         LINE#         107
  C:0D27H         LINE#         108
  C:0D2FH         LINE#         109
  C:0D37H         LINE#         110
  C:0D3BH         LINE#         111
  C:0D3BH         LINE#         112
  C:0D47H         LINE#         113
  C:0D54H         LINE#         114
  C:0D5AH         LINE#         115
  C:0D5FH         LINE#         116
  C:0D6AH         LINE#         119
  C:0D6CH         LINE#         120
  -------         ENDPROC       TD_INIT
  -------         PROC          TD_POLL
  C:0805H         LINE#         122
  C:0805H         LINE#         123
  C:0805H         LINE#         125
  C:080FH         LINE#         126
  C:080FH         LINE#         128
BL51 BANKED LINKER/LOCATER V5.11                                                      05/22/2023  09:28:21  PAGE 15


  C:082DH         LINE#         129
  C:082DH         LINE#         130
  C:082DH         LINE#         132
  C:0835H         LINE#         133
  C:0835H         LINE#         134
  C:083BH         LINE#         135
  C:083FH         LINE#         136
  C:0847H         LINE#         137
  C:084FH         LINE#         138
  C:0857H         LINE#         140
  C:085DH         LINE#         141
  C:0862H         LINE#         143
  C:086AH         LINE#         144
  C:086CH         LINE#         145
  C:086CH         LINE#         147
  C:086CH         LINE#         149
  C:0871H         LINE#         150
  C:0871H         LINE#         151
  C:0877H         LINE#         152
  C:087BH         LINE#         153
  C:0883H         LINE#         154
  C:088BH         LINE#         155
  C:0893H         LINE#         157
  C:0899H         LINE#         158
  C:089EH         LINE#         160
  C:08A6H         LINE#         161
  C:08A8H         LINE#         164
  C:08B0H         LINE#         165
  C:08B0H         LINE#         166
  C:08B6H         LINE#         167
  C:08B6H         LINE#         168
  C:08B7H         LINE#         170
  C:08B7H         LINE#         171
  C:08B7H         LINE#         173
  C:08BFH         LINE#         174
  C:08BFH         LINE#         175
  C:08C5H         LINE#         176
  C:08C9H         LINE#         177
  C:08D1H         LINE#         178
  C:08D9H         LINE#         179
  C:08E1H         LINE#         181
  C:08E7H         LINE#         182
  C:08ECH         LINE#         184
  C:08F4H         LINE#         185
  C:08F6H         LINE#         186
  C:08F6H         LINE#         189
  C:08F6H         LINE#         190
  C:08F6H         LINE#         192
  C:08FEH         LINE#         193
  C:08FEH         LINE#         194
  C:0904H         LINE#         195
  C:0904H         LINE#         196
  C:0905H         LINE#         198
  C:0905H         LINE#         199
  C:0905H         LINE#         201
  C:090AH         LINE#         202
  C:090AH         LINE#         203
BL51 BANKED LINKER/LOCATER V5.11                                                      05/22/2023  09:28:21  PAGE 16


  C:0910H         LINE#         204
  C:0914H         LINE#         205
  C:091CH         LINE#         206
  C:0924H         LINE#         207
  C:092CH         LINE#         209
  C:0932H         LINE#         210
  C:0937H         LINE#         212
  C:093FH         LINE#         213
  C:0941H         LINE#         216
  C:0949H         LINE#         217
  C:0949H         LINE#         218
  C:094FH         LINE#         219
  C:094FH         LINE#         220
  C:094FH         LINE#         221
  C:0950H         LINE#         222
  C:0950H         LINE#         224
  C:0950H         LINE#         226
  C:0950H         LINE#         228
  C:0965H         LINE#         229
  C:0965H         LINE#         230
  C:0965H         LINE#         232
  C:096DH         LINE#         233
  C:096DH         LINE#         234
  C:0973H         LINE#         235
  C:0977H         LINE#         236
  C:097FH         LINE#         237
  C:0987H         LINE#         238
  C:098FH         LINE#         240
  C:0994H         LINE#         241
  C:099AH         LINE#         243
  C:09A2H         LINE#         244
  C:09A4H         LINE#         245
  C:09A4H         LINE#         247
  C:09A4H         LINE#         249
  C:09A9H         LINE#         250
  C:09A9H         LINE#         251
  C:09AFH         LINE#         252
  C:09B1H         LINE#         253
  C:09B1H         LINE#         255
  C:09B1H         LINE#         257
  C:09B6H         LINE#         258
  C:09B6H         LINE#         259
  C:09BCH         LINE#         260
  C:09C0H         LINE#         261
  C:09C8H         LINE#         262
  C:09D0H         LINE#         263
  C:09D8H         LINE#         265
  C:09DEH         LINE#         266
  C:09E4H         LINE#         268
  C:09ECH         LINE#         269
  C:09EEH         LINE#         270
  C:09EEH         LINE#         272
  C:09EEH         LINE#         274
  C:09F3H         LINE#         275
  C:09F3H         LINE#         276
  C:09F9H         LINE#         277
  C:09FBH         LINE#         278
BL51 BANKED LINKER/LOCATER V5.11                                                      05/22/2023  09:28:21  PAGE 17


  C:09FBH         LINE#         279
  C:09FBH         LINE#         280
  C:09FBH         LINE#         281
  -------         ENDPROC       TD_POLL
  -------         PROC          TD_SUSPEND
  C:0FCFH         LINE#         286
  C:0FCFH         LINE#         287
  C:0FCFH         LINE#         288
  C:0FD0H         LINE#         289
  -------         ENDPROC       TD_SUSPEND
  -------         PROC          TD_RESUME
  C:0FD1H         LINE#         291
  C:0FD1H         LINE#         292
  C:0FD1H         LINE#         293
  C:0FD2H         LINE#         294
  -------         ENDPROC       TD_RESUME
  -------         PROC          DR_GETDESCRIPTOR
  C:0FD3H         LINE#         301
  C:0FD3H         LINE#         302
  C:0FD3H         LINE#         303
  C:0FD4H         LINE#         304
  -------         ENDPROC       DR_GETDESCRIPTOR
  -------         PROC          DR_SETCONFIGURATION
  C:0BF7H         LINE#         306
  C:0BF7H         LINE#         307
  C:0BF7H         LINE#         308
  C:0BFDH         LINE#         309
  C:0BFEH         LINE#         310
  -------         ENDPROC       DR_SETCONFIGURATION
  -------         PROC          DR_GETCONFIGURATION
  C:0F9DH         LINE#         312
  C:0F9DH         LINE#         313
  C:0F9DH         LINE#         314
  C:0FA3H         LINE#         315
  C:0FA8H         LINE#         316
  C:0FADH         LINE#         317
  C:0FAEH         LINE#         318
  -------         ENDPROC       DR_GETCONFIGURATION
  -------         PROC          DR_SETINTERFACE
  -------         DO            
  D:0005H         SYMBOL        updateDisplay
  -------         ENDDO         
  C:021CH         LINE#         320
  C:021CH         LINE#         321
  C:021CH         LINE#         322
  C:021EH         LINE#         323
  C:0224H         LINE#         326
  C:022EH         LINE#         327
  C:022EH         LINE#         329
  C:024CH         LINE#         330
  C:024CH         LINE#         331
  C:024CH         LINE#         334
  C:0252H         LINE#         335
  C:0255H         LINE#         337
  C:025CH         LINE#         338
  C:025FH         LINE#         339
  C:0266H         LINE#         340
BL51 BANKED LINKER/LOCATER V5.11                                                      05/22/2023  09:28:21  PAGE 18


  C:0269H         LINE#         341
  C:0270H         LINE#         342
  C:0273H         LINE#         343
  C:027AH         LINE#         344
  C:027DH         LINE#         345
  C:0284H         LINE#         346
  C:0287H         LINE#         349
  C:028DH         LINE#         350
  C:0290H         LINE#         351
  C:0293H         LINE#         352
  C:0296H         LINE#         353
  C:0298H         LINE#         354
  C:029BH         LINE#         357
  C:02A1H         LINE#         358
  C:02A4H         LINE#         360
  C:02A7H         LINE#         362
  C:02A7H         LINE#         364
  C:02ADH         LINE#         365
  C:02B0H         LINE#         367
  C:02B7H         LINE#         368
  C:02BAH         LINE#         369
  C:02C1H         LINE#         370
  C:02C4H         LINE#         371
  C:02CBH         LINE#         372
  C:02CEH         LINE#         373
  C:02D5H         LINE#         374
  C:02D8H         LINE#         375
  C:02DFH         LINE#         376
  C:02E2H         LINE#         379
  C:02E8H         LINE#         380
  C:02EBH         LINE#         381
  C:02ECH         LINE#         382
  C:02EFH         LINE#         383
  C:02F0H         LINE#         384
  C:02F3H         LINE#         385
  C:02F4H         LINE#         387
  C:02F7H         LINE#         389
  C:02F7H         LINE#         391
  C:02FDH         LINE#         392
  C:0300H         LINE#         393
  C:0306H         LINE#         394
  C:0309H         LINE#         396
  C:0310H         LINE#         397
  C:0313H         LINE#         398
  C:031AH         LINE#         399
  C:031DH         LINE#         400
  C:0324H         LINE#         401
  C:0327H         LINE#         402
  C:032EH         LINE#         403
  C:0331H         LINE#         406
  C:0337H         LINE#         407
  C:033AH         LINE#         408
  C:033DH         LINE#         409
  C:0340H         LINE#         410
  C:0342H         LINE#         411
  C:0345H         LINE#         414
  C:034BH         LINE#         415
BL51 BANKED LINKER/LOCATER V5.11                                                      05/22/2023  09:28:21  PAGE 19


  C:034EH         LINE#         418
  C:0354H         LINE#         419
  C:0357H         LINE#         420
  C:0358H         LINE#         421
  C:035BH         LINE#         422
  C:035EH         LINE#         424
  C:035EH         LINE#         426
  C:0364H         LINE#         427
  C:0367H         LINE#         429
  C:037CH         LINE#         430
  C:037FH         LINE#         433
  C:0385H         LINE#         434
  C:0388H         LINE#         435
  C:038BH         LINE#         436
  C:038EH         LINE#         437
  C:0390H         LINE#         438
  C:0393H         LINE#         442
  C:0399H         LINE#         444
  C:039CH         LINE#         446
  C:039CH         LINE#         447
  C:039CH         LINE#         449
  C:03B1H         LINE#         450
  C:03B4H         LINE#         451
  C:03BAH         LINE#         452
  C:03BDH         LINE#         455
  C:03C3H         LINE#         456
  C:03C6H         LINE#         457
  C:03C7H         LINE#         459
  C:03C7H         LINE#         460
  C:03CAH         LINE#         462
  C:03CAH         LINE#         463
  C:03CAH         LINE#         465
  C:03D0H         LINE#         466
  C:03D3H         LINE#         468
  C:03E8H         LINE#         469
  C:03EBH         LINE#         472
  C:03F1H         LINE#         473
  C:03F4H         LINE#         474
  C:03F7H         LINE#         475
  C:03FAH         LINE#         476
  C:03FCH         LINE#         477
  C:03FFH         LINE#         481
  C:0404H         LINE#         482
  C:0404H         LINE#         483
  C:0407H         LINE#         485
  C:0407H         LINE#         486
  C:0407H         LINE#         488
  C:040DH         LINE#         489
  C:0410H         LINE#         490
  C:0416H         LINE#         491
  C:0419H         LINE#         493
  C:042AH         LINE#         494
  C:042DH         LINE#         497
  C:0433H         LINE#         498
  C:0436H         LINE#         499
  C:0439H         LINE#         500
  C:043CH         LINE#         501
BL51 BANKED LINKER/LOCATER V5.11                                                      05/22/2023  09:28:21  PAGE 20


  C:043EH         LINE#         502
  C:0441H         LINE#         506
  C:0446H         LINE#         509
  C:044CH         LINE#         510
  C:044FH         LINE#         511
  C:0450H         LINE#         513
  C:0450H         LINE#         514
  C:0453H         LINE#         516
  C:0453H         LINE#         517
  C:0453H         LINE#         519
  C:0453H         LINE#         521
  C:046BH         LINE#         522
  C:046BH         LINE#         523
  C:046BH         LINE#         526
  C:0471H         LINE#         527
  C:0474H         LINE#         529
  C:047BH         LINE#         530
  C:047EH         LINE#         531
  C:0485H         LINE#         532
  C:0488H         LINE#         533
  C:048FH         LINE#         534
  C:0492H         LINE#         535
  C:0499H         LINE#         536
  C:049CH         LINE#         537
  C:04A3H         LINE#         538
  C:04A6H         LINE#         541
  C:04ACH         LINE#         542
  C:04AFH         LINE#         543
  C:04B2H         LINE#         544
  C:04B5H         LINE#         545
  C:04B7H         LINE#         546
  C:04BAH         LINE#         549
  C:04C0H         LINE#         550
  C:04C3H         LINE#         552
  C:04C6H         LINE#         554
  C:04C6H         LINE#         556
  C:04CCH         LINE#         557
  C:04CFH         LINE#         559
  C:04D6H         LINE#         560
  C:04D9H         LINE#         561
  C:04E0H         LINE#         562
  C:04E3H         LINE#         563
  C:04EAH         LINE#         564
  C:04EDH         LINE#         565
  C:04F4H         LINE#         566
  C:04F7H         LINE#         567
  C:04FEH         LINE#         568
  C:0501H         LINE#         571
  C:0507H         LINE#         572
  C:050AH         LINE#         573
  C:050BH         LINE#         574
  C:050EH         LINE#         575
  C:050FH         LINE#         576
  C:0512H         LINE#         577
  C:0513H         LINE#         579
  C:0515H         LINE#         582
  C:0515H         LINE#         584
BL51 BANKED LINKER/LOCATER V5.11                                                      05/22/2023  09:28:21  PAGE 21


  C:051BH         LINE#         585
  C:051EH         LINE#         587
  C:0533H         LINE#         588
  C:0536H         LINE#         591
  C:053CH         LINE#         592
  C:053FH         LINE#         593
  C:0542H         LINE#         594
  C:0545H         LINE#         595
  C:0547H         LINE#         596
  C:054AH         LINE#         598
  C:054CH         LINE#         600
  C:054CH         LINE#         601
  C:054CH         LINE#         603
  C:0561H         LINE#         604
  C:0564H         LINE#         605
  C:056AH         LINE#         606
  C:056DH         LINE#         609
  C:0573H         LINE#         610
  C:0576H         LINE#         611
  C:0577H         LINE#         613
  C:0577H         LINE#         614
  C:0577H         LINE#         616
  C:0577H         LINE#         617
  C:0577H         LINE#         620
  C:057AH         LINE#         621
  C:057AH         LINE#         624
  C:057CH         LINE#         625
  C:057CH         LINE#         627
  C:057DH         LINE#         628
  -------         ENDPROC       DR_SETINTERFACE
  -------         PROC          DR_GETINTERFACE
  C:0FAFH         LINE#         630
  C:0FAFH         LINE#         631
  C:0FAFH         LINE#         632
  C:0FB5H         LINE#         633
  C:0FBAH         LINE#         634
  C:0FBFH         LINE#         635
  C:0FC0H         LINE#         636
  -------         ENDPROC       DR_GETINTERFACE
  -------         PROC          DR_GETSTATUS
  C:0FD5H         LINE#         638
  C:0FD5H         LINE#         639
  C:0FD5H         LINE#         640
  C:0FD6H         LINE#         641
  -------         ENDPROC       DR_GETSTATUS
  -------         PROC          DR_CLEARFEATURE
  C:0FD7H         LINE#         643
  C:0FD7H         LINE#         644
  C:0FD7H         LINE#         645
  C:0FD8H         LINE#         646
  -------         ENDPROC       DR_CLEARFEATURE
  -------         PROC          DR_SETFEATURE
  C:0FD9H         LINE#         648
  C:0FD9H         LINE#         649
  C:0FD9H         LINE#         650
  C:0FDAH         LINE#         651
  -------         ENDPROC       DR_SETFEATURE
BL51 BANKED LINKER/LOCATER V5.11                                                      05/22/2023  09:28:21  PAGE 22


  -------         PROC          DR_VENDORCMND
  C:0FDBH         LINE#         653
  C:0FDBH         LINE#         654
  C:0FDBH         LINE#         655
  C:0FDCH         LINE#         656
  -------         ENDPROC       DR_VENDORCMND
  -------         PROC          ISR_SUDAV
  C:0F2AH         LINE#         664
  C:0F30H         LINE#         666
  C:0F32H         LINE#         667
  C:0F35H         LINE#         668
  C:0F3BH         LINE#         669
  -------         ENDPROC       ISR_SUDAV
  -------         PROC          ISR_SUTOK
  C:0F71H         LINE#         672
  C:0F77H         LINE#         674
  C:0F7AH         LINE#         675
  C:0F80H         LINE#         676
  -------         ENDPROC       ISR_SUTOK
  -------         PROC          ISR_SOF
  C:0F87H         LINE#         678
  C:0F8DH         LINE#         681
  C:0F90H         LINE#         682
  C:0F96H         LINE#         683
  -------         ENDPROC       ISR_SOF
  -------         PROC          ISR_URES
  C:0E78H         LINE#         685
  C:0E7EH         LINE#         688
  C:0E84H         LINE#         689
  C:0E8EH         LINE#         690
  C:0E94H         LINE#         691
  C:0E9EH         LINE#         693
  C:0EA1H         LINE#         694
  C:0EA7H         LINE#         695
  -------         ENDPROC       ISR_URES
  -------         PROC          ISR_SUSP
  C:0F42H         LINE#         697
  C:0F48H         LINE#         699
  C:0F4AH         LINE#         700
  C:0F4DH         LINE#         701
  C:0F53H         LINE#         702
  -------         ENDPROC       ISR_SUSP
  -------         PROC          ISR_HIGHSPEED
  C:0080H         LINE#         704
  C:0086H         LINE#         706
  C:008DH         LINE#         707
  C:008DH         LINE#         708
  C:0093H         LINE#         709
  C:009DH         LINE#         710
  C:00A3H         LINE#         711
  C:00ADH         LINE#         715
  C:00B3H         LINE#         716
  C:00B5H         LINE#         718
  C:00B5H         LINE#         719
  C:00BBH         LINE#         720
  C:00C1H         LINE#         721
  C:00C1H         LINE#         723
BL51 BANKED LINKER/LOCATER V5.11                                                      05/22/2023  09:28:21  PAGE 23


  C:00C4H         LINE#         724
  C:00CAH         LINE#         725
  -------         ENDPROC       ISR_HIGHSPEED
  -------         PROC          ISR_EP0ACK
  C:0BFFH         LINE#         726
  C:0BFFH         LINE#         728
  -------         ENDPROC       ISR_EP0ACK
  -------         PROC          ISR_STUB
  C:0FDDH         LINE#         729
  C:0FDDH         LINE#         731
  -------         ENDPROC       ISR_STUB
  -------         PROC          ISR_EP0IN
  C:0FDEH         LINE#         732
  C:0FDEH         LINE#         734
  -------         ENDPROC       ISR_EP0IN
  -------         PROC          ISR_EP0OUT
  C:0FDFH         LINE#         735
  C:0FDFH         LINE#         737
  -------         ENDPROC       ISR_EP0OUT
  -------         PROC          ISR_EP1IN
  C:0FE0H         LINE#         738
  C:0FE0H         LINE#         740
  -------         ENDPROC       ISR_EP1IN
  -------         PROC          ISR_EP1OUT
  C:0FE1H         LINE#         741
  C:0FE1H         LINE#         743
  -------         ENDPROC       ISR_EP1OUT
  -------         PROC          ISR_EP2INOUT
  C:0E3DH         LINE#         747
  C:0E45H         LINE#         750
  C:0E57H         LINE#         751
  C:0E57H         LINE#         752
  C:0E57H         LINE#         753
  C:0E57H         LINE#         755
  C:0E5CH         LINE#         756
  C:0E5CH         LINE#         757
  C:0E62H         LINE#         758
  C:0E62H         LINE#         759
  C:0E64H         LINE#         761
  C:0E64H         LINE#         762
  C:0E64H         LINE#         764
  C:0E69H         LINE#         765
  C:0E69H         LINE#         766
  C:0E6FH         LINE#         767
  C:0E6FH         LINE#         768
  C:0E6FH         LINE#         769
  C:0E6FH         LINE#         771
  -------         ENDPROC       ISR_EP2INOUT
  -------         PROC          ISR_EP4INOUT
  C:0FE2H         LINE#         772
  C:0FE2H         LINE#         774
  -------         ENDPROC       ISR_EP4INOUT
  -------         PROC          ISR_EP6INOUT
  C:0FE3H         LINE#         775
  C:0FE3H         LINE#         777
  -------         ENDPROC       ISR_EP6INOUT
  -------         PROC          ISR_EP8INOUT
BL51 BANKED LINKER/LOCATER V5.11                                                      05/22/2023  09:28:21  PAGE 24


  C:0FE4H         LINE#         778
  C:0FE4H         LINE#         780
  -------         ENDPROC       ISR_EP8INOUT
  -------         PROC          ISR_IBN
  C:0FE5H         LINE#         781
  C:0FE5H         LINE#         783
  -------         ENDPROC       ISR_IBN
  -------         PROC          ISR_EP0PINGNAK
  C:0FE6H         LINE#         784
  C:0FE6H         LINE#         786
  -------         ENDPROC       ISR_EP0PINGNAK
  -------         PROC          ISR_EP1PINGNAK
  C:0FE7H         LINE#         787
  C:0FE7H         LINE#         789
  -------         ENDPROC       ISR_EP1PINGNAK
  -------         PROC          ISR_EP2PINGNAK
  C:0FE8H         LINE#         790
  C:0FE8H         LINE#         792
  -------         ENDPROC       ISR_EP2PINGNAK
  -------         PROC          ISR_EP4PINGNAK
  C:0FE9H         LINE#         793
  C:0FE9H         LINE#         795
  -------         ENDPROC       ISR_EP4PINGNAK
  -------         PROC          ISR_EP6PINGNAK
  C:0FEAH         LINE#         796
  C:0FEAH         LINE#         798
  -------         ENDPROC       ISR_EP6PINGNAK
  -------         PROC          ISR_EP8PINGNAK
  C:0FEBH         LINE#         799
  C:0FEBH         LINE#         801
  -------         ENDPROC       ISR_EP8PINGNAK
  -------         PROC          ISR_ERRORLIMIT
  C:0FECH         LINE#         802
  C:0FECH         LINE#         804
  -------         ENDPROC       ISR_ERRORLIMIT
  -------         PROC          ISR_EP2PIDERROR
  C:0FEDH         LINE#         805
  C:0FEDH         LINE#         807
  -------         ENDPROC       ISR_EP2PIDERROR
  -------         PROC          ISR_EP4PIDERROR
  C:0FEEH         LINE#         808
  C:0FEEH         LINE#         810
  -------         ENDPROC       ISR_EP4PIDERROR
  -------         PROC          ISR_EP6PIDERROR
  C:0FEFH         LINE#         811
  C:0FEFH         LINE#         813
  -------         ENDPROC       ISR_EP6PIDERROR
  -------         PROC          ISR_EP8PIDERROR
  C:0FF0H         LINE#         814
  C:0FF0H         LINE#         816
  -------         ENDPROC       ISR_EP8PIDERROR
  -------         PROC          ISR_EP2PFLAG
  C:0FF1H         LINE#         817
  C:0FF1H         LINE#         819
  -------         ENDPROC       ISR_EP2PFLAG
  -------         PROC          ISR_EP4PFLAG
  C:0FF2H         LINE#         820
BL51 BANKED LINKER/LOCATER V5.11                                                      05/22/2023  09:28:21  PAGE 25


  C:0FF2H         LINE#         822
  -------         ENDPROC       ISR_EP4PFLAG
  -------         PROC          ISR_EP6PFLAG
  C:0FF3H         LINE#         823
  C:0FF3H         LINE#         825
  -------         ENDPROC       ISR_EP6PFLAG
  -------         PROC          ISR_EP8PFLAG
  C:0FF4H         LINE#         826
  C:0FF4H         LINE#         828
  -------         ENDPROC       ISR_EP8PFLAG
  -------         PROC          ISR_EP2EFLAG
  C:0FF5H         LINE#         829
  C:0FF5H         LINE#         831
  -------         ENDPROC       ISR_EP2EFLAG
  -------         PROC          ISR_EP4EFLAG
  C:0FF6H         LINE#         832
  C:0FF6H         LINE#         834
  -------         ENDPROC       ISR_EP4EFLAG
  -------         PROC          ISR_EP6EFLAG
  C:0FF7H         LINE#         835
  C:0FF7H         LINE#         837
  -------         ENDPROC       ISR_EP6EFLAG
  -------         PROC          ISR_EP8EFLAG
  C:0FF8H         LINE#         838
  C:0FF8H         LINE#         840
  -------         ENDPROC       ISR_EP8EFLAG
  -------         PROC          ISR_EP2FFLAG
  C:0FF9H         LINE#         841
  C:0FF9H         LINE#         843
  -------         ENDPROC       ISR_EP2FFLAG
  -------         PROC          ISR_EP4FFLAG
  C:0FFAH         LINE#         844
  C:0FFAH         LINE#         846
  -------         ENDPROC       ISR_EP4FFLAG
  -------         PROC          ISR_EP6FFLAG
  C:0FFBH         LINE#         847
  C:0FFBH         LINE#         849
  -------         ENDPROC       ISR_EP6FFLAG
  -------         PROC          ISR_EP8FFLAG
  C:0FFCH         LINE#         850
  C:0FFCH         LINE#         852
  -------         ENDPROC       ISR_EP8FFLAG
  -------         PROC          ISR_GPIFCOMPLETE
  C:0FFDH         LINE#         853
  C:0FFDH         LINE#         855
  -------         ENDPROC       ISR_GPIFCOMPLETE
  -------         PROC          ISR_GPIFWAVEFORM
  C:0FFEH         LINE#         856
  C:0FFEH         LINE#         858
  -------         ENDPROC       ISR_GPIFWAVEFORM
  -------         ENDMOD        CYSTREAM

  -------         MODULE        RESUME
  C:0000H         SYMBOL        _ICE_DUMMY_
  C:0EAEH         PUBLIC        EZUSB_Resume
  -------         PROC          EZUSB_RESUME
  C:0EAEH         LINE#         38
BL51 BANKED LINKER/LOCATER V5.11                                                      05/22/2023  09:28:21  PAGE 26


  C:0EAEH         LINE#         39
  C:0EAEH         LINE#         40
  C:0EC4H         LINE#         42
  C:0EC4H         LINE#         43
  C:0ECBH         LINE#         44
  C:0ED2H         LINE#         45
  C:0ED9H         LINE#         46
  C:0ED9H         LINE#         47
  -------         ENDPROC       EZUSB_RESUME
  -------         ENDMOD        RESUME

  -------         MODULE        DISCON
  C:0000H         SYMBOL        _ICE_DUMMY_
  D:0091H         PUBLIC        EXIF
  C:00D1H         PUBLIC        EZUSB_Discon
  -------         PROC          EZUSB_DISCON
  B:0020H.4       SYMBOL        renum
  C:00D1H         LINE#         39
  C:00D1H         LINE#         40
  C:00D1H         LINE#         42
  C:00D4H         LINE#         43
  C:00DDH         LINE#         45
  C:00E4H         LINE#         47
  C:00EBH         LINE#         49
  C:00F1H         LINE#         50
  C:00F5H         LINE#         51
  C:00F8H         LINE#         53
  C:00FFH         LINE#         54
  -------         ENDPROC       EZUSB_DISCON
  -------         ENDMOD        DISCON

  -------         MODULE        EZREGS
  C:0000H         SYMBOL        _ICE_DUMMY_
  X:E652H         PUBLIC        EP4FIFOIE
  X:E668H         PUBLIC        INTSETUP
  X:E600H         PUBLIC        CPUCS
  X:E654H         PUBLIC        EP6FIFOIE
  X:E680H         PUBLIC        USBCS
  X:E65FH         PUBLIC        EPIRQ
  X:E656H         PUBLIC        EP8FIFOIE
  X:E6F2H         PUBLIC        XGPIFSGLDATLNOX
  X:E6C0H         PUBLIC        GPIFWFSELECT
  X:E6F0H         PUBLIC        XGPIFSGLDATH
  X:E605H         PUBLIC        BREAKPT
  X:E609H         PUBLIC        FIFOPINPOLAR
  X:E640H         PUBLIC        EP2ISOINPKTS
  X:E678H         PUBLIC        I2CS
  X:E610H         PUBLIC        EP1OUTCFG
  X:E6F9H         PUBLIC        TESTCFG
  X:E641H         PUBLIC        EP4ISOINPKTS
  X:E68AH         PUBLIC        EP0BCH
  X:E661H         PUBLIC        GPIFIRQ
  X:E642H         PUBLIC        EP6ISOINPKTS
  X:E690H         PUBLIC        EP2BCH
  X:E643H         PUBLIC        EP8ISOINPKTS
  X:E694H         PUBLIC        EP4BCH
  X:E68BH         PUBLIC        EP0BCL
BL51 BANKED LINKER/LOCATER V5.11                                                      05/22/2023  09:28:21  PAGE 27


  X:E612H         PUBLIC        EP2CFG
  X:E698H         PUBLIC        EP6BCH
  X:E691H         PUBLIC        EP2BCL
  X:E613H         PUBLIC        EP4CFG
  X:E6A7H         PUBLIC        EP2FIFOFLGS
  X:E69CH         PUBLIC        EP8BCH
  X:E695H         PUBLIC        EP4BCL
  X:E628H         PUBLIC        ECCCFG
  X:E614H         PUBLIC        EP6CFG
  X:E6A8H         PUBLIC        EP4FIFOFLGS
  X:E699H         PUBLIC        EP6BCL
  X:E780H         PUBLIC        EP1OUTBUF
  X:E67BH         PUBLIC        XAUTODAT1
  X:E615H         PUBLIC        EP8CFG
  X:E6A9H         PUBLIC        EP6FIFOFLGS
  X:E69DH         PUBLIC        EP8BCL
  X:E67CH         PUBLIC        XAUTODAT2
  X:E684H         PUBLIC        USBFRAMEH
  X:E6F5H         PUBLIC        GPIFABORT
  X:E6AAH         PUBLIC        EP8FIFOFLGS
  X:E6F8H         PUBLIC        DBUG
  X:E740H         PUBLIC        EP0BUF
  X:E6CBH         PUBLIC        FLOWSTB
  X:E65EH         PUBLIC        EPIE
  X:E685H         PUBLIC        USBFRAMEL
  X:E681H         PUBLIC        SUSPEND
  X:E60CH         PUBLIC        GPIFHOLDAMOUNT
  X:E6D4H         PUBLIC        EP2GPIFTRIG
  X:E6C7H         PUBLIC        FLOWLOGIC
  X:E6DCH         PUBLIC        EP4GPIFTRIG
  X:E604H         PUBLIC        FIFORESET
  X:E6E4H         PUBLIC        EP6GPIFTRIG
  X:E6C2H         PUBLIC        GPIFIDLECTL
  X:E6FAH         PUBLIC        USBTEST
  X:E6B3H         PUBLIC        SUDPTRH
  X:E6ECH         PUBLIC        EP8GPIFTRIG
  X:E6D2H         PUBLIC        EP2GPIFFLGSEL
  X:E611H         PUBLIC        EP1INCFG
  X:E6B4H         PUBLIC        SUDPTRL
  X:E687H         PUBLIC        FNADDR
  X:E6DAH         PUBLIC        EP4GPIFFLGSEL
  X:E6D1H         PUBLIC        GPIFTCB0
  X:E6CDH         PUBLIC        FLOWSTBHPERIOD
  X:E6D0H         PUBLIC        GPIFTCB1
  X:E665H         PUBLIC        CLRERRCNT
  X:E6E2H         PUBLIC        EP6GPIFFLGSEL
  X:E6CFH         PUBLIC        GPIFTCB2
  X:E664H         PUBLIC        ERRCNTLIM
  X:E6CEH         PUBLIC        GPIFTCB3
  X:E6EAH         PUBLIC        EP8GPIFFLGSEL
  X:E660H         PUBLIC        GPIFIE
  X:E67FH         PUBLIC        UDMACRCQUAL
  X:E400H         PUBLIC        GPIF_WAVE_DATA
  X:E6CCH         PUBLIC        FLOWSTBEDGE
  X:E6ABH         PUBLIC        EP2FIFOBCH
  X:E7C0H         PUBLIC        EP1INBUF
  X:E6C6H         PUBLIC        FLOWSTATE
BL51 BANKED LINKER/LOCATER V5.11                                                      05/22/2023  09:28:21  PAGE 28


  X:E6ADH         PUBLIC        EP4FIFOBCH
  X:E6CAH         PUBLIC        FLOWHOLDOFF
  X:E618H         PUBLIC        EP2FIFOCFG
  X:E6AFH         PUBLIC        EP6FIFOBCH
  X:E6ACH         PUBLIC        EP2FIFOBCL
  X:E619H         PUBLIC        EP4FIFOCFG
  X:E6B1H         PUBLIC        EP8FIFOBCH
  X:E6AEH         PUBLIC        EP4FIFOBCL
  X:E649H         PUBLIC        OUTPKTEND
  X:E663H         PUBLIC        USBERRIRQ
  X:E61AH         PUBLIC        EP6FIFOCFG
  X:E6B0H         PUBLIC        EP6FIFOBCL
  X:E620H         PUBLIC        EP2AUTOINLENH
  X:E61BH         PUBLIC        EP8FIFOCFG
  X:E6B2H         PUBLIC        EP8FIFOBCL
  X:E68DH         PUBLIC        EP1OUTBC
  X:E622H         PUBLIC        EP4AUTOINLENH
  X:E666H         PUBLIC        INT2IVEC
  X:E659H         PUBLIC        IBNIRQ
  X:E6FBH         PUBLIC        CT1
  X:E6C4H         PUBLIC        GPIFADRH
  X:E65BH         PUBLIC        NAKIRQ
  X:E624H         PUBLIC        EP6AUTOINLENH
  X:E621H         PUBLIC        EP2AUTOINLENL
  X:E601H         PUBLIC        IFCONFIG
  X:E6FCH         PUBLIC        CT2
  X:E6B5H         PUBLIC        SUDPTRCTL
  X:E667H         PUBLIC        INT4IVEC
  X:E6FDH         PUBLIC        CT3
  X:E67DH         PUBLIC        UDMACRCH
  X:E626H         PUBLIC        EP8AUTOINLENH
  X:E623H         PUBLIC        EP4AUTOINLENL
  X:E6FEH         PUBLIC        CT4
  X:F000H         PUBLIC        EP2FIFOBUF
  X:E6C5H         PUBLIC        GPIFADRL
  X:E625H         PUBLIC        EP6AUTOINLENL
  X:E630H         PUBLIC        EP2FIFOPFH
  X:F400H         PUBLIC        EP4FIFOBUF
  X:E67EH         PUBLIC        UDMACRCL
  X:E627H         PUBLIC        EP8AUTOINLENL
  X:E6D3H         PUBLIC        EP2GPIFPFSTOP
  X:E683H         PUBLIC        TOGCTL
  X:E632H         PUBLIC        EP4FIFOPFH
  X:F800H         PUBLIC        EP6FIFOBUF
  X:E629H         PUBLIC        ECCRESET
  X:E6DBH         PUBLIC        EP4GPIFPFSTOP
  X:E634H         PUBLIC        EP6FIFOPFH
  X:E631H         PUBLIC        EP2FIFOPFL
  X:FC00H         PUBLIC        EP8FIFOBUF
  X:E60BH         PUBLIC        REVCTL
  X:E6E3H         PUBLIC        EP6GPIFPFSTOP
  X:E636H         PUBLIC        EP8FIFOPFH
  X:E633H         PUBLIC        EP4FIFOPFL
  X:E608H         PUBLIC        UART230
  X:E480H         PUBLIC        RES_WAVEDATA_END
  X:E6EBH         PUBLIC        EP8GPIFPFSTOP
  X:E679H         PUBLIC        I2DAT
BL51 BANKED LINKER/LOCATER V5.11                                                      05/22/2023  09:28:21  PAGE 29


  X:E635H         PUBLIC        EP6FIFOPFL
  X:E6A1H         PUBLIC        EP1OUTCS
  X:E637H         PUBLIC        EP8FIFOPFL
  X:E65DH         PUBLIC        USBIRQ
  X:E670H         PUBLIC        PORTACFG
  X:E671H         PUBLIC        PORTCCFG
  X:E651H         PUBLIC        EP2FIFOIRQ
  X:E602H         PUBLIC        PINFLAGSAB
  X:E6A0H         PUBLIC        EP0CS
  X:E6F4H         PUBLIC        GPIFREADYSTAT
  X:E6C3H         PUBLIC        GPIFCTLCFG
  X:E672H         PUBLIC        PORTECFG
  X:E653H         PUBLIC        EP4FIFOIRQ
  X:E6C1H         PUBLIC        GPIFIDLECS
  X:E6A3H         PUBLIC        EP2CS
  X:E509H         PUBLIC        GPCR2
  X:E67AH         PUBLIC        I2CTL
  X:E655H         PUBLIC        EP6FIFOIRQ
  X:E603H         PUBLIC        PINFLAGSCD
  X:E6A4H         PUBLIC        EP4CS
  X:E648H         PUBLIC        INPKTEND
  X:E657H         PUBLIC        EP8FIFOIRQ
  X:E6A5H         PUBLIC        EP6CS
  X:E6A6H         PUBLIC        EP8CS
  X:E68FH         PUBLIC        EP1INBC
  X:E662H         PUBLIC        USBERRIE
  X:E6C8H         PUBLIC        FLOWEQ0CTL
  X:E6C9H         PUBLIC        FLOWEQ1CTL
  X:E682H         PUBLIC        WAKEUPCS
  X:E6F1H         PUBLIC        XGPIFSGLDATLX
  X:E658H         PUBLIC        IBNIE
  X:E686H         PUBLIC        MICROFRAME
  X:E65AH         PUBLIC        NAKIE
  X:E6B8H         PUBLIC        SETUPDAT
  X:E62AH         PUBLIC        ECC1B0
  X:E62DH         PUBLIC        ECC2B0
  X:E62BH         PUBLIC        ECC1B1
  X:E6F3H         PUBLIC        GPIFREADYCFG
  X:E62EH         PUBLIC        ECC2B1
  X:E62CH         PUBLIC        ECC1B2
  X:E62FH         PUBLIC        ECC2B2
  X:E6A2H         PUBLIC        EP1INCS
  X:E606H         PUBLIC        BPADDRH
  X:E65CH         PUBLIC        USBIE
  X:E60AH         PUBLIC        REVID
  X:E607H         PUBLIC        BPADDRL
  X:E650H         PUBLIC        EP2FIFOIE
  -------         ENDMOD        EZREGS

  -------         MODULE        GET_STRD
  C:0000H         SYMBOL        _ICE_DUMMY_
  C:0EDAH         PUBLIC        _EZUSB_GetStringDscr
  -------         PROC          _EZUSB_GETSTRINGDSCR
  D:0001H         SYMBOL        StrIdx
  -------         DO            
  D:0006H         SYMBOL        dscr
  -------         ENDDO         
BL51 BANKED LINKER/LOCATER V5.11                                                      05/22/2023  09:28:21  PAGE 30


  C:0EDAH         LINE#         38
  C:0EDCH         LINE#         39
  C:0EDCH         LINE#         42
  C:0EE0H         LINE#         44
  C:0EEAH         LINE#         45
  C:0EEAH         LINE#         46
  C:0EF0H         LINE#         47
  C:0EF1H         LINE#         48
  C:0EFFH         LINE#         49
  C:0F01H         LINE#         51
  C:0F04H         LINE#         52
  -------         ENDPROC       _EZUSB_GETSTRINGDSCR
  -------         ENDMOD        GET_STRD

  -------         MODULE        SUSP
  C:0F05H         SEGMENT       EZUSB
  C:0F05H         PUBLIC        EZUSB_SUSP
  B:00D0H.6       SYMBOL        AC
  D:00E0H         SYMBOL        ACC
  D:009AH         SYMBOL        APTR1H
  D:009BH         SYMBOL        APTR1L
  D:009AH         SYMBOL        AUTOPTR1H
  D:009BH         SYMBOL        AUTOPTR1L
  D:009AH         SYMBOL        AUTOPTRH1
  D:009DH         SYMBOL        AUTOPTRH2
  D:009BH         SYMBOL        AUTOPTRL1
  D:009EH         SYMBOL        AUTOPTRL2
  D:00AFH         SYMBOL        AUTOPTRSETUP
  D:00F0H         SYMBOL        B
  X:E606H         SYMBOL        BPADDRH
  X:E607H         SYMBOL        BPADDRL
  X:E605H         SYMBOL        BREAKPT
  D:008EH         SYMBOL        CKCON
  X:E665H         SYMBOL        CLRERRCNT
  X:E600H         SYMBOL        CPUCS
  B:00C8H.0       SYMBOL        CP_RL2
  X:E6FBH         SYMBOL        CT1
  X:E6FCH         SYMBOL        CT2
  X:E6FDH         SYMBOL        CT3
  X:E6FEH         SYMBOL        CT4
  B:00D0H.7       SYMBOL        CY
  B:00C8H.1       SYMBOL        C_T2
  X:E6F8H         SYMBOL        DBUG
  D:0083H         SYMBOL        DPH
  D:0085H         SYMBOL        DPH1
  D:0082H         SYMBOL        DPL
  D:0084H         SYMBOL        DPL1
  D:0086H         SYMBOL        DPS
  B:00A8H.7       SYMBOL        EA
  X:E62AH         SYMBOL        ECC1B0
  X:E62BH         SYMBOL        ECC1B1
  X:E62CH         SYMBOL        ECC1B2
  X:E62DH         SYMBOL        ECC2B0
  X:E62EH         SYMBOL        ECC2B1
  X:E62FH         SYMBOL        ECC2B2
  X:E628H         SYMBOL        ECCCFG
  X:E629H         SYMBOL        ECCRESET
BL51 BANKED LINKER/LOCATER V5.11                                                      05/22/2023  09:28:21  PAGE 31


  B:00E8H.1       SYMBOL        EI2C
  D:00D8H         SYMBOL        EICON
  D:00E8H         SYMBOL        EIE
  B:00E8H.2       SYMBOL        EIEX4
  B:00E8H.3       SYMBOL        EIEX5
  B:00E8H.4       SYMBOL        EIEX6
  D:00F8H         SYMBOL        EIP
  B:00F8H.2       SYMBOL        EIPX4
  B:00F8H.3       SYMBOL        EIPX5
  B:00F8H.4       SYMBOL        EIPX6
  D:00BAH         SYMBOL        EP01STAT
  X:E68AH         SYMBOL        EP0BCH
  X:E68BH         SYMBOL        EP0BCL
  X:E740H         SYMBOL        EP0BUF
  X:E6A0H         SYMBOL        EP0CS
  X:E780H         SYMBOL        EP10UTBUF
  X:E68FH         SYMBOL        EP1INBC
  X:E7C0H         SYMBOL        EP1INBUF
  X:E611H         SYMBOL        EP1INCFG
  X:E6A2H         SYMBOL        EP1INCS
  X:E68DH         SYMBOL        EP1OUTBC
  X:E610H         SYMBOL        EP1OUTCFG
  X:E6A1H         SYMBOL        EP1OUTCS
  D:00AAH         SYMBOL        EP2468STAT
  D:00ABH         SYMBOL        EP24FIFOFLGS
  X:E620H         SYMBOL        EP2AUTOINLENH
  X:E621H         SYMBOL        EP2AUTOINLENL
  X:E690H         SYMBOL        EP2BCH
  X:E691H         SYMBOL        EP2BCL
  X:E612H         SYMBOL        EP2CFG
  X:E6A3H         SYMBOL        EP2CS
  X:E6ABH         SYMBOL        EP2FIFOBCH
  X:E6ACH         SYMBOL        EP2FIFOBCL
  X:F000H         SYMBOL        EP2FIFOBUF
  X:E618H         SYMBOL        EP2FIFOCFG
  X:E6A7H         SYMBOL        EP2FIFOFLGS
  X:E650H         SYMBOL        EP2FIFOIE
  X:E651H         SYMBOL        EP2FIFOIRQ
  X:E630H         SYMBOL        EP2FIFOPFH
  X:E631H         SYMBOL        EP2FIFOPFL
  X:E6D2H         SYMBOL        EP2GPIFFLGSEL
  X:E6D3H         SYMBOL        EP2GPIFPFSTOP
  X:E6D0H         SYMBOL        EP2GPIFTCH
  X:E6D1H         SYMBOL        EP2GPIFTCL
  X:E6D4H         SYMBOL        EP2GPIFTRIG
  X:E640H         SYMBOL        EP2ISOINPKTS
  X:E622H         SYMBOL        EP4AUTOINLENH
  X:E623H         SYMBOL        EP4AUTOINLENL
  X:E694H         SYMBOL        EP4BCH
  X:E695H         SYMBOL        EP4BCL
  X:E613H         SYMBOL        EP4CFG
  X:E6A4H         SYMBOL        EP4CS
  X:E6ADH         SYMBOL        EP4FIFOBCH
  X:E6AEH         SYMBOL        EP4FIFOBCL
  X:F400H         SYMBOL        EP4FIFOBUF
  X:E619H         SYMBOL        EP4FIFOCFG
  X:E6A8H         SYMBOL        EP4FIFOFLGS
BL51 BANKED LINKER/LOCATER V5.11                                                      05/22/2023  09:28:21  PAGE 32


  X:E652H         SYMBOL        EP4FIFOIE
  X:E653H         SYMBOL        EP4FIFOIRQ
  X:E632H         SYMBOL        EP4FIFOPFH
  X:E633H         SYMBOL        EP4FIFOPFL
  X:E6DAH         SYMBOL        EP4GPIFFLGSEL
  X:E6DBH         SYMBOL        EP4GPIFPFSTOP
  X:E6D0H         SYMBOL        EP4GPIFTCH
  X:E6D1H         SYMBOL        EP4GPIFTCL
  X:E6DCH         SYMBOL        EP4GPIFTRIG
  X:E641H         SYMBOL        EP4ISOINPKTS
  D:00ACH         SYMBOL        EP68FIFOFLGS
  X:E624H         SYMBOL        EP6AUTOINLENH
  X:E625H         SYMBOL        EP6AUTOINLENL
  X:E698H         SYMBOL        EP6BCH
  X:E699H         SYMBOL        EP6BCL
  X:E614H         SYMBOL        EP6CFG
  X:E6A5H         SYMBOL        EP6CS
  X:E6AFH         SYMBOL        EP6FIFOBCH
  X:E6B0H         SYMBOL        EP6FIFOBCL
  X:F800H         SYMBOL        EP6FIFOBUF
  X:E61AH         SYMBOL        EP6FIFOCFG
  X:E6A9H         SYMBOL        EP6FIFOFLGS
  X:E654H         SYMBOL        EP6FIFOIE
  X:E655H         SYMBOL        EP6FIFOIRQ
  X:E634H         SYMBOL        EP6FIFOPFH
  X:E635H         SYMBOL        EP6FIFOPFL
  X:E6E2H         SYMBOL        EP6GPIFFLGSEL
  X:E6E3H         SYMBOL        EP6GPIFPFSTOP
  X:E6D0H         SYMBOL        EP6GPIFTCH
  X:E6D1H         SYMBOL        EP6GPIFTCL
  X:E6E4H         SYMBOL        EP6GPIFTRIG
  X:E642H         SYMBOL        EP6ISOINPKTS
  X:E626H         SYMBOL        EP8AUTOINLENH
  X:E627H         SYMBOL        EP8AUTOINLENL
  X:E69CH         SYMBOL        EP8BCH
  X:E69DH         SYMBOL        EP8BCL
  X:E615H         SYMBOL        EP8CFG
  X:E6A6H         SYMBOL        EP8CS
  X:E6B1H         SYMBOL        EP8FIFOBCH
  X:E6B2H         SYMBOL        EP8FIFOBCL
  X:FC00H         SYMBOL        EP8FIFOBUF
  X:E61BH         SYMBOL        EP8FIFOCFG
  X:E6AAH         SYMBOL        EP8FIFOFLGS
  X:E656H         SYMBOL        EP8FIFOIE
  X:E657H         SYMBOL        EP8FIFOIRQ
  X:E636H         SYMBOL        EP8FIFOPFH
  X:E637H         SYMBOL        EP8FIFOPFL
  X:E6EAH         SYMBOL        EP8GPIFFLGSEL
  X:E6EBH         SYMBOL        EP8GPIFPFSTOP
  X:E6D0H         SYMBOL        EP8GPIFTCH
[...]
  B:0098H.6       SYMBOL        SM1
  B:00C0H.6       SYMBOL        SM11
  B:0098H.5       SYMBOL        SM2
  B:00C0H.5       SYMBOL        SM21
  B:00D8H.7       SYMBOL        SMOD1
  D:0081H         SYMBOL        SP
  X:E6B5H         SYMBOL        SUDPTRCTL
  X:E6B3H         SYMBOL        SUDPTRH
  X:E6B4H         SYMBOL        SUDPTRL
  N:0000H         SYMBOL        SUSP
  X:E681H         SYMBOL        SUSPEND
  D:00C8H         SYMBOL        T2CON
  B:0098H.3       SYMBOL        TB8
  B:00C0H.3       SYMBOL        TB81
  B:00C8H.4       SYMBOL        TCLK
  D:0088H         SYMBOL        TCON
  X:E6F9H         SYMBOL        TESTCFG
  B:0088H.5       SYMBOL        TF0
  B:0088H.7       SYMBOL        TF1
  B:00C8H.7       SYMBOL        TF2
  D:008CH         SYMBOL        TH0
  D:008DH         SYMBOL        TH1
  D:00CDH         SYMBOL        TH2
  B:0098H.1       SYMBOL        TI
  B:00C0H.1       SYMBOL        TI1
  D:008AH         SYMBOL        TL0
  D:008BH         SYMBOL        TL1
  D:00CCH         SYMBOL        TL2
  D:0089H         SYMBOL        TMOD
  X:E683H         SYMBOL        TOGCTL
  B:0088H.4       SYMBOL        TR0
  B:0088H.6       SYMBOL        TR1
  B:00C8H.2       SYMBOL        TR2
  X:E608H         SYMBOL        UART230
  X:E67DH         SYMBOL        UDMACRCH
  X:E67EH         SYMBOL        UDMACRCL
  X:E67FH         SYMBOL        UDMACRCQUAL
  X:E680H         SYMBOL        USBCS
  X:E662H         SYMBOL        USBERRIE
  X:E663H         SYMBOL        USBERRIRQ
  X:E684H         SYMBOL        USBFRAMEH
  X:E685H         SYMBOL        USBFRAMEL
  X:E65CH         SYMBOL        USBIE
  X:E65DH         SYMBOL        USBIRQ
  X:E6FAH         SYMBOL        USBTEST
  X:E682H         SYMBOL        WAKEUPCS
  X:E6F0H         SYMBOL        XGPIFSGLDATH
  X:E6F2H         SYMBOL        XGPIFSGLDATLNOX
BL51 BANKED LINKER/LOCATER V5.11                                                      05/22/2023  09:28:21  PAGE 36


  X:E6F1H         SYMBOL        XGPIFSGLDATLX
  C:0F05H         LINE#         22
  C:0F08H         LINE#         23
  C:0F09H         LINE#         24
  C:0F0BH         LINE#         25
  C:0F0CH         LINE#         27
  C:0F0FH         LINE#         28
  C:0F10H         LINE#         30
  C:0F13H         LINE#         32
  C:0F14H         LINE#         33
  C:0F15H         LINE#         34
  C:0F16H         LINE#         35
  C:0F17H         LINE#         36
  C:0F18H         LINE#         37
  -------         ENDMOD        SUSP

  -------         MODULE        DELAY
  C:0000H         SYMBOL        _ICE_DUMMY_
  C:0BB1H         PUBLIC        _EZUSB_Delay
  -------         PROC          _EZUSB_DELAY
  D:0018H         SYMBOL        ms
  C:0BB1H         LINE#         39
  C:0BB5H         LINE#         40
  C:0BB5H         LINE#         46
  C:0BBDH         LINE#         47
  C:0BCFH         LINE#         48
  C:0BD9H         LINE#         49
  C:0BE4H         LINE#         51
  C:0BF1H         LINE#         52
  C:0BF6H         LINE#         53
  -------         ENDPROC       _EZUSB_DELAY
  -------         ENDMOD        DELAY

  -------         MODULE        DELAY1MS
  C:0F05H         SEGMENT       EZUSB
  C:0F19H         PUBLIC        EZUSB_DELAY1MS
  B:00D0H.6       SYMBOL        AC
  D:00E0H         SYMBOL        ACC
  D:009AH         SYMBOL        APTR1H
  D:009BH         SYMBOL        APTR1L
  D:009AH         SYMBOL        AUTOPTR1H
  D:009BH         SYMBOL        AUTOPTR1L
  D:009AH         SYMBOL        AUTOPTRH1
  D:009DH         SYMBOL        AUTOPTRH2
  D:009BH         SYMBOL        AUTOPTRL1
  D:009EH         SYMBOL        AUTOPTRL2
  D:00AFH         SYMBOL        AUTOPTRSETUP
  D:00F0H         SYMBOL        B
  X:E606H         SYMBOL        BPADDRH
  X:E607H         SYMBOL        BPADDRL
  X:E605H         SYMBOL        BREAKPT
  D:008EH         SYMBOL        CKCON
  X:E665H         SYMBOL        CLRERRCNT
  X:E600H         SYMBOL        CPUCS
  B:00C8H.0       SYMBOL        CP_RL2
  X:E6FBH         SYMBOL        CT1
  X:E6FCH         SYMBOL        CT2
BL51 BANKED LINKER/LOCATER V5.11                                                      05/22/2023  09:28:21  PAGE 37


  X:E6FDH         SYMBOL        CT3
  X:E6FEH         SYMBOL        CT4
  B:00D0H.7       SYMBOL        CY
  B:00C8H.1       SYMBOL        C_T2
  X:E6F8H         SYMBOL        DBUG
  N:0000H         SYMBOL        DELAY1MS
  D:0083H         SYMBOL        DPH
  D:0085H         SYMBOL        DPH1
  D:0082H         SYMBOL        DPL
  D:0084H         SYMBOL        DPL1
  D:0086H         SYMBOL        DPS
  B:00A8H.7       SYMBOL        EA
  X:E62AH         SYMBOL        ECC1B0
  X:E62BH         SYMBOL        ECC1B1
  X:E62CH         SYMBOL        ECC1B2
  X:E62DH         SYMBOL        ECC2B0
  X:E62EH         SYMBOL        ECC2B1
  X:E62FH         SYMBOL        ECC2B2
  X:E628H         SYMBOL        ECCCFG
  X:E629H         SYMBOL        ECCRESET
  B:00E8H.1       SYMBOL        EI2C
  D:00D8H         SYMBOL        EICON
  D:00E8H         SYMBOL        EIE
  B:00E8H.2       SYMBOL        EIEX4
  B:00E8H.3       SYMBOL        EIEX5
  B:00E8H.4       SYMBOL        EIEX6
  D:00F8H         SYMBOL        EIP
  B:00F8H.2       SYMBOL        EIPX4
  B:00F8H.3       SYMBOL        EIPX5
  B:00F8H.4       SYMBOL        EIPX6
  D:00BAH         SYMBOL        EP01STAT
  X:E68AH         SYMBOL        EP0BCH
  X:E68BH         SYMBOL        EP0BCL
  X:E740H         SYMBOL        EP0BUF
  X:E6A0H         SYMBOL        EP0CS
  X:E780H         SYMBOL        EP10UTBUF
  X:E68FH         SYMBOL        EP1INBC
  X:E7C0H         SYMBOL        EP1INBUF
  X:E611H         SYMBOL        EP1INCFG
  X:E6A2H         SYMBOL        EP1INCS
  X:E68DH         SYMBOL        EP1OUTBC
  X:E610H         SYMBOL        EP1OUTCFG
  X:E6A1H         SYMBOL        EP1OUTCS
  D:00AAH         SYMBOL        EP2468STAT
  D:00ABH         SYMBOL        EP24FIFOFLGS
  X:E620H         SYMBOL        EP2AUTOINLENH
  X:E621H         SYMBOL        EP2AUTOINLENL
  X:E690H         SYMBOL        EP2BCH
  X:E691H         SYMBOL        EP2BCL
  X:E612H         SYMBOL        EP2CFG
  X:E6A3H         SYMBOL        EP2CS
  X:E6ABH         SYMBOL        EP2FIFOBCH
  X:E6ACH         SYMBOL        EP2FIFOBCL
  X:F000H         SYMBOL        EP2FIFOBUF
  X:E618H         SYMBOL        EP2FIFOCFG
  X:E6A7H         SYMBOL        EP2FIFOFLGS
  X:E650H         SYMBOL        EP2FIFOIE
BL51 BANKED LINKER/LOCATER V5.11                                                      05/22/2023  09:28:21  PAGE 38


  X:E651H         SYMBOL        EP2FIFOIRQ
  X:E630H         SYMBOL        EP2FIFOPFH
  X:E631H         SYMBOL        EP2FIFOPFL
  X:E6D2H         SYMBOL        EP2GPIFFLGSEL
  X:E6D3H         SYMBOL        EP2GPIFPFSTOP
  X:E6D0H         SYMBOL        EP2GPIFTCH
  X:E6D1H         SYMBOL        EP2GPIFTCL
  X:E6D4H         SYMBOL        EP2GPIFTRIG
  X:E640H         SYMBOL        EP2ISOINPKTS
  X:E622H         SYMBOL        EP4AUTOINLENH
  X:E623H         SYMBOL        EP4AUTOINLENL
  X:E694H         SYMBOL        EP4BCH
  X:E695H         SYMBOL        EP4BCL
  X:E613H         SYMBOL        EP4CFG
  X:E6A4H         SYMBOL        EP4CS
  X:E6ADH         SYMBOL        EP4FIFOBCH
  X:E6AEH         SYMBOL        EP4FIFOBCL
  X:F400H         SYMBOL        EP4FIFOBUF
  X:E619H         SYMBOL        EP4FIFOCFG
  X:E6A8H         SYMBOL        EP4FIFOFLGS
  X:E652H         SYMBOL        EP4FIFOIE
  X:E653H         SYMBOL        EP4FIFOIRQ
  X:E632H         SYMBOL        EP4FIFOPFH
  X:E633H         SYMBOL        EP4FIFOPFL
  X:E6DAH         SYMBOL        EP4GPIFFLGSEL
  X:E6DBH         SYMBOL        EP4GPIFPFSTOP
  X:E6D0H         SYMBOL        EP4GPIFTCH
  X:E6D1H         SYMBOL        EP4GPIFTCL
  X:E6DCH         SYMBOL        EP4GPIFTRIG
  X:E641H         SYMBOL        EP4ISOINPKTS
  D:00ACH         SYMBOL        EP68FIFOFLGS
  X:E624H         SYMBOL        EP6AUTOINLENH
  X:E625H         SYMBOL        EP6AUTOINLENL
  X:E698H         SYMBOL        EP6BCH
  X:E699H         SYMBOL        EP6BCL
  X:E614H         SYMBOL        EP6CFG
  X:E6A5H         SYMBOL        EP6CS
  X:E6AFH         SYMBOL        EP6FIFOBCH
  X:E6B0H         SYMBOL        EP6FIFOBCL
  X:F800H         SYMBOL        EP6FIFOBUF
  X:E61AH         SYMBOL        EP6FIFOCFG
  X:E6A9H         SYMBOL        EP6FIFOFLGS
  X:E654H         SYMBOL        EP6FIFOIE
  X:E655H         SYMBOL        EP6FIFOIRQ
  X:E634H         SYMBOL        EP6FIFOPFH
  X:E635H         SYMBOL        EP6FIFOPFL
  X:E6E2H         SYMBOL        EP6GPIFFLGSEL
  X:E6E3H         SYMBOL        EP6GPIFPFSTOP
  X:E6D0H         SYMBOL        EP6GPIFTCH
  X:E6D1H         SYMBOL        EP6GPIFTCL
  X:E6E4H         SYMBOL        EP6GPIFTRIG
  X:E642H         SYMBOL        EP6ISOINPKTS
  X:E626H         SYMBOL        EP8AUTOINLENH
  X:E627H         SYMBOL        EP8AUTOINLENL
  X:E69CH         SYMBOL        EP8BCH
  X:E69DH         SYMBOL        EP8BCL
  X:E615H         SYMBOL        EP8CFG
BL51 BANKED LINKER/LOCATER V5.11                                                      05/22/2023  09:28:21  PAGE 39


  X:E6A6H         SYMBOL        EP8CS
  X:E6B1H         SYMBOL        EP8FIFOBCH
  X:E6B2H         SYMBOL        EP8FIFOBCL
  X:FC00H         SYMBOL        EP8FIFOBUF
  X:E61BH         SYMBOL        EP8FIFOCFG
  X:E6AAH         SYMBOL        EP8FIFOFLGS
  X:E656H         SYMBOL        EP8FIFOIE
  X:E657H         SYMBOL        EP8FIFOIRQ
  X:E636H         SYMBOL        EP8FIFOPFH
  X:E637H         SYMBOL        EP8FIFOPFL
  X:E6EAH         SYMBOL        EP8GPIFFLGSEL
  X:E6EBH         SYMBOL        EP8GPIFPFSTOP
  X:E6D0H         SYMBOL        EP8GPIFTCH
  X:E6D1H         SYMBOL        EP8GPIFTCL
  X:E6ECH         SYMBOL        EP8GPIFTRIG
  X:E643H         SYMBOL        EP8ISOINPKTS
  X:E65EH         SYMBOL        EPIE
  X:E65FH         SYMBOL        EPIRQ
  B:00D8H.5       SYMBOL        ERESI
  X:E664H         SYMBOL        ERRCNTLIM
  C:0F29H         SYMBOL        ER_END
  B:00A8H.4       SYMBOL        ES0
  B:00A8H.6       SYMBOL        ES1
  B:00A8H.1       SYMBOL        ET0
  B:00A8H.3       SYMBOL        ET1
  B:00A8H.5       SYMBOL        ET2
  B:00E8H.0       SYMBOL        EUSB
  B:00A8H.0       SYMBOL        EX0
  B:00A8H.2       SYMBOL        EX1
  B:00C8H.3       SYMBOL        EXEN2
  B:00C8H.6       SYMBOL        EXF2
  D:0091H         SYMBOL        EXIF
  X:E67BH         SYMBOL        EXTAUTODAT1
  X:E67CH         SYMBOL        EXTAUTODAT2
  B:00D0H.5       SYMBOL        F0
  X:E609H         SYMBOL        FIFOPINPOLAR
  X:E604H         SYMBOL        FIFORESET
  B:00D0H.1       SYMBOL        FL
  X:E6CCH         SYMBOL        FLOWEDGE
  X:E6C8H         SYMBOL        FLOWEQ0CTL
  X:E6C9H         SYMBOL        FLOWEQ1CTL
  X:E6C7H         SYMBOL        FLOWLOGIC
  X:E6C6H         SYMBOL        FLOWSTATE
  X:E6CBH         SYMBOL        FLOWSTB
  X:E6CDH         SYMBOL        FLOWSTBHPERIOD
  X:E687H         SYMBOL        FNADDR
  X:E509H         SYMBOL        GPCR2
  X:E6F5H         SYMBOL        GPIFABORT
  X:E6C4H         SYMBOL        GPIFADRH
  X:E6C5H         SYMBOL        GPIFADRL
  X:E6C3H         SYMBOL        GPIFCTLCFG
  X:E60CH         SYMBOL        GPIFHOLDAMOUNT
  X:E6C1H         SYMBOL        GPIFIDLECS
  X:E6C2H         SYMBOL        GPIFIDLECTL
  X:E660H         SYMBOL        GPIFIE
  X:E661H         SYMBOL        GPIFIRQ
  X:E6F3H         SYMBOL        GPIFREADYCFG
BL51 BANKED LINKER/LOCATER V5.11                                                      05/22/2023  09:28:21  PAGE 40


  X:E6F4H         SYMBOL        GPIFREADYSTAT
  D:00BDH         SYMBOL        GPIFSGLDATH
  D:00BFH         SYMBOL        GPIFSGLDATLNOX
  D:00BEH         SYMBOL        GPIFSGLDATLX
  X:E6D1H         SYMBOL        GPIFTCB0
  X:E6D0H         SYMBOL        GPIFTCB1
  X:E6CFH         SYMBOL        GPIFTCB2
  X:E6CEH         SYMBOL        GPIFTCB3
  D:00BBH         SYMBOL        GPIFTRIG
  X:E6C0H         SYMBOL        GPIFWFSELECT
  X:E400H         SYMBOL        GPIF_WAVE_DATA
  X:E678H         SYMBOL        I2CS
  X:E67AH         SYMBOL        I2CTL
  X:E679H         SYMBOL        I2DAT
  X:E658H         SYMBOL        IBNIE
  X:E659H         SYMBOL        IBNIRQ
  D:00A8H         SYMBOL        IE
  B:0088H.1       SYMBOL        IE0
  B:0088H.3       SYMBOL        IE1
  X:E601H         SYMBOL        IFCONFIG
  X:E648H         SYMBOL        INPKTEND
  D:00A1H         SYMBOL        INT2CLR
  X:E666H         SYMBOL        INT2IVEC
  D:00A2H         SYMBOL        INT4CLR
  X:E667H         SYMBOL        INT4IVEC
  B:00D8H.3       SYMBOL        INT6
  X:E668H         SYMBOL        INTSETUP
  D:0080H         SYMBOL        IOA
  D:0090H         SYMBOL        IOB
  D:00A0H         SYMBOL        IOC
  D:00B0H         SYMBOL        IOD
  D:00B1H         SYMBOL        IOE
  D:00B8H         SYMBOL        IP
  B:0088H.0       SYMBOL        IT0
  B:0088H.2       SYMBOL        IT1
  C:0F22H         SYMBOL        LOOP
  X:E686H         SYMBOL        MICROFRAME
  D:0092H         SYMBOL        MPAGE
  X:E65AH         SYMBOL        NAKIE
  X:E65BH         SYMBOL        NAKIRQ
  D:00B2H         SYMBOL        OEA
  D:00B3H         SYMBOL        OEB
  D:00B4H         SYMBOL        OEC
  D:00B5H         SYMBOL        OED
  D:00B6H         SYMBOL        OEE
  X:E649H         SYMBOL        OUTPKTEND
  B:00D0H.2       SYMBOL        OV
  B:00D0H.0       SYMBOL        P
  D:0087H         SYMBOL        PCON
  B:00F8H.1       SYMBOL        PI2C
  X:E602H         SYMBOL        PINFLAGSAB
  X:E603H         SYMBOL        PINFLAGSCD
  X:E670H         SYMBOL        PORTACFG
  X:E671H         SYMBOL        PORTCCFG
  X:E672H         SYMBOL        PORTECFG
  B:00B8H.4       SYMBOL        PS0
  B:00B8H.6       SYMBOL        PS1
BL51 BANKED LINKER/LOCATER V5.11                                                      05/22/2023  09:28:21  PAGE 41


  D:00D0H         SYMBOL        PSW
  B:00B8H.1       SYMBOL        PT0
  B:00B8H.3       SYMBOL        PT1
  B:00B8H.5       SYMBOL        PT2
  B:00F8H.0       SYMBOL        PUSB
  B:00B8H.0       SYMBOL        PX0
  B:00B8H.2       SYMBOL        PX1
  B:0098H.2       SYMBOL        RB8
  B:00C0H.2       SYMBOL        RB81
  D:00CBH         SYMBOL        RCAP2H
  D:00CAH         SYMBOL        RCAP2L
  B:00C8H.5       SYMBOL        RCLK
  B:0098H.4       SYMBOL        REN
  B:00C0H.4       SYMBOL        REN1
  B:00D8H.4       SYMBOL        RESI
  X:E480H         SYMBOL        RES_WAVEDATA_END
  X:E60BH         SYMBOL        REVCTL
  X:E60AH         SYMBOL        REVID
  B:0098H.0       SYMBOL        RI
  B:00C0H.0       SYMBOL        RI1
  B:00D0H.3       SYMBOL        RS0
  B:00D0H.4       SYMBOL        RS1
  D:0099H         SYMBOL        SBUF0
  D:00C1H         SYMBOL        SBUF1
  D:0098H         SYMBOL        SCON0
  D:00C0H         SYMBOL        SCON1
  B:0080H.6       SYMBOL        SEL
  X:E6B8H         SYMBOL        SETUPDAT
  B:0098H.7       SYMBOL        SM0
  B:00C0H.7       SYMBOL        SM01
  B:0098H.6       SYMBOL        SM1
  B:00C0H.6       SYMBOL        SM11
  B:0098H.5       SYMBOL        SM2
  B:00C0H.5       SYMBOL        SM21
  B:00D8H.7       SYMBOL        SMOD1
  D:0081H         SYMBOL        SP
  X:E6B5H         SYMBOL        SUDPTRCTL
  X:E6B3H         SYMBOL        SUDPTRH
  X:E6B4H         SYMBOL        SUDPTRL
  X:E681H         SYMBOL        SUSPEND
  D:00C8H         SYMBOL        T2CON
  B:0098H.3       SYMBOL        TB8
  B:00C0H.3       SYMBOL        TB81
  B:00C8H.4       SYMBOL        TCLK
  D:0088H         SYMBOL        TCON
  X:E6F9H         SYMBOL        TESTCFG
  B:0088H.5       SYMBOL        TF0
  B:0088H.7       SYMBOL        TF1
  B:00C8H.7       SYMBOL        TF2
  D:008CH         SYMBOL        TH0
  D:008DH         SYMBOL        TH1
  D:00CDH         SYMBOL        TH2
  B:0098H.1       SYMBOL        TI
  B:00C0H.1       SYMBOL        TI1
  D:008AH         SYMBOL        TL0
  D:008BH         SYMBOL        TL1
  D:00CCH         SYMBOL        TL2
BL51 BANKED LINKER/LOCATER V5.11                                                      05/22/2023  09:28:21  PAGE 42


  D:0089H         SYMBOL        TMOD
  X:E683H         SYMBOL        TOGCTL
  B:0088H.4       SYMBOL        TR0
  B:0088H.6       SYMBOL        TR1
  B:00C8H.2       SYMBOL        TR2
  X:E608H         SYMBOL        UART230
  X:E67DH         SYMBOL        UDMACRCH
  X:E67EH         SYMBOL        UDMACRCL
  X:E67FH         SYMBOL        UDMACRCQUAL
  X:E680H         SYMBOL        USBCS
  X:E662H         SYMBOL        USBERRIE
  X:E663H         SYMBOL        USBERRIRQ
  X:E684H         SYMBOL        USBFRAMEH
  X:E685H         SYMBOL        USBFRAMEL
  X:E65CH         SYMBOL        USBIE
  X:E65DH         SYMBOL        USBIRQ
  X:E6FAH         SYMBOL        USBTEST
  X:E682H         SYMBOL        WAKEUPCS
  X:E6F0H         SYMBOL        XGPIFSGLDATH
  X:E6F2H         SYMBOL        XGPIFSGLDATLNOX
  X:E6F1H         SYMBOL        XGPIFSGLDATLX
  C:0F19H         LINE#         48
  C:0F1BH         LINE#         49
  C:0F1DH         LINE#         50
  C:0F20H         LINE#         51
  C:0F22H         LINE#         53
  C:0F23H         LINE#         54
  C:0F25H         LINE#         55
  C:0F27H         LINE#         56
  C:0F29H         LINE#         58
  -------         ENDMOD        DELAY1MS

  -------         MODULE        USBJMPTBL
  C:0C00H         SEGMENT       ?PR?USB_JUMP_TABLE?USBJT
  N:0045H         PUBLIC        USB_INT2AUTOVECTOR
  N:0055H         PUBLIC        USB_INT4AUTOVECTOR
  C:0C00H         PUBLIC        USB_JUMP_TABLE
  N:0000H         SYMBOL        USBJMPTBL
  C:0043H         LINE#         49
  C:0053H         LINE#         53
  C:0C00H         LINE#         61
  C:0C04H         LINE#         63
  C:0C08H         LINE#         65
  C:0C0CH         LINE#         67
  C:0C10H         LINE#         69
  C:0C14H         LINE#         71
  C:0C18H         LINE#         73
  C:0C1CH         LINE#         75
  C:0C20H         LINE#         77
  C:0C24H         LINE#         79
  C:0C28H         LINE#         81
  C:0C2CH         LINE#         83
  C:0C30H         LINE#         85
  C:0C34H         LINE#         87
  C:0C38H         LINE#         89
  C:0C3CH         LINE#         91
  C:0C40H         LINE#         93
BL51 BANKED LINKER/LOCATER V5.11                                                      05/22/2023  09:28:21  PAGE 43


  C:0C44H         LINE#         95
  C:0C48H         LINE#         97
  C:0C4CH         LINE#         99
  C:0C50H         LINE#         101
  C:0C54H         LINE#         103
  C:0C58H         LINE#         105
  C:0C5CH         LINE#         107
  C:0C60H         LINE#         109
  C:0C64H         LINE#         111
  C:0C68H         LINE#         113
  C:0C6CH         LINE#         115
  C:0C70H         LINE#         117
  C:0C74H         LINE#         119
  C:0C78H         LINE#         121
  C:0C7CH         LINE#         123
  C:0C80H         LINE#         126
  C:0C84H         LINE#         128
  C:0C88H         LINE#         130
  C:0C8CH         LINE#         132
  C:0C90H         LINE#         134
  C:0C94H         LINE#         136
  C:0C98H         LINE#         138
  C:0C9CH         LINE#         140
  C:0CA0H         LINE#         142
  C:0CA4H         LINE#         144
  C:0CA8H         LINE#         146
  C:0CACH         LINE#         148
  C:0CB0H         LINE#         150
  C:0CB4H         LINE#         152
  -------         ENDMOD        USBJMPTBL

  -------         MODULE        ?C?LADD
  C:0DF9H         PUBLIC        ?C?LADD
  -------         ENDMOD        ?C?LADD

  -------         MODULE        ?C?ULCMP
  C:0E06H         PUBLIC        ?C?ULCMP
  -------         ENDMOD        ?C?ULCMP

  -------         MODULE        ?C?CCASE
  C:0E17H         PUBLIC        ?C?CCASE
  -------         ENDMOD        ?C?CCASE

Program Size: data=45.5 xdata=4489 code=3979
LINK/LOCATE RUN COMPLETE.  0 WARNING(S),  0 ERROR(S)
