C51 COMPILER V7.06   INTR                                                                  06/13/2012 13:36:22 PAGE 1   


C51 COMPILER V7.06, COMPILATION OF MODULE INTR
OBJECT MODULE PLACED IN intr.OBJ
COMPILER INVOKED BY: C:\Keil\C51\BIN\C51.EXE intr.c BROWSE DEBUG OBJECTEXTEND

stmt level    source

   1          //--------------------------------------------------------------------------
   2          //
   3          // Copyright 2008, Cypress Semiconductor Corporation.
   4          //
   5          // This software is owned by Cypress Semiconductor Corporation (Cypress)
   6          // and is protected by and subject to worldwide patent protection (United
   7          // States and foreign), United States copyright laws and international
   8          // treaty provisions. Cypress hereby grants to licensee a personal,
   9          // non-exclusive, non-transferable license to copy, use, modify, create
  10          // derivative works of, and compile the Cypress Source Code and derivative
  11          // works for the sole purpose of creating custom software in support of
  12          // licensee product to be used only in conjunction with a Cypress integrated
  13          // circuit as specified in the applicable agreement. Any reproduction,
  14          // modification, translation, compilation, or representation of this
  15          // software except as specified above is prohibited without the express
  16          // written permission of Cypress.
  17          //
  18          // Disclaimer: CYPRESS MAKES NO WARRANTY OF ANY KIND,EXPRESS OR IMPLIED,
  19          // WITH REGARD TO THIS MATERIAL, INCLUDING, BUT NOT LIMITED TO, THE IMPLIED
  20          // WARRANTIES OF MERCHANTABILITY AND FITNESS FOR A PARTICULAR PURPOSE.
  21          // Cypress reserves the right to make changes without further notice to the
  22          // materials described herein. Cypress does not assume any liability arising
  23          // out of the application or use of any product or circuit described herein.
  24          // Cypress does not authorize its products for use as critical components in
  25          // life-support systems where a malfunction or failure may reasonably be
  26          // expected to result in significant injury to the user. The inclusion of
  27          // Cypress' product in a life-support systems application implies that the
  28          // manufacturer assumes all risk of such use and in doing so indemnifies
  29          // Cypress against all charges.
  30          //
  31          // Use may be limited by and subject to the applicable Cypress software
  32          // license agreement.
  33          //
  34          //--------------------------------------------------------------------------
  35          //*****************************************************************************
  36          //*****************************************************************************
  37          //  FILENAME: extr_intr.c
  38          //   Version: 1.0, Updated on 04 Jan 2010
  39          //
  40          //  DESCRIPTION: External Interrupt in FX1/FX2LP.
  41          //
  42          //-----------------------------------------------------------------------------
  43          //  Copyright (c) Cypress MicroSystems 2000-2003. All Rights Reserved.
  44          //*****************************************************************************
  45          //*****************************************************************************
  46          //*****************************************************************************
  47          
  48          
  49          //Project Objective:
  50          //      The objective of this project is to demonstrate the usage of External interrupts in FX2LP, by providing
             - frameworks based 
  51          //      External interrupt program written in C. 
  52          
  53          //Overview:
  54          //      The FX2LP has 5 external interrupts: IE0, IE1, IE4, IE5, and IE6. IE0, IE1 are either Edge triggered or
C51 COMPILER V7.06   INTR                                                                  06/13/2012 13:36:22 PAGE 2   

             - level triggered and 
  55          //      IE4, IE5, IE6 are edge triggered interrupts. In the project, Port C has been configured as an output po
             -rt. When an INT0 interrupt occurs, 
  56          //      PC.0 is toggled. Similarly, on INT1 /INT4/INT5/INT6, PC.1 /PC.4/PC.5/PC.6 are toggled. The code for tog
             -gling the Port C pins is written 
  57          //      inside for the Interrupt Service Routine [ISR] for these interrupts, in the isr.c file.
  58          //
  59          //Operations:
  60          //      Refer to the document External_Interrupt.doc
  61          //
  62          //-------------------------------------------------------------------------------------------
  63          // Code below
  64          //-------------------------------------------------------------------------------------------
  65          
  66          // Do not generate interrupt vectors
  67          #pragma NOIV               
  68          //-----------------------------------------------------------------------------
  69          //   File:       Fx2_extr_intr.c
  70          //   Contents:   Hooks required to implement USB peripheral function.
  71          //   Copyright (c) 2000 Cypress Semiconductor All rights reserved
  72          //-----------------------------------------------------------------------------
  73          #include "fx2.h"
  74          #include "fx2regs.h"
  75          #include "syncdly.h"            // SYNCDELAY macro
  76          
  77          extern BOOL GotSUD;             // Received setup data flag
  78          extern BOOL Sleep;
  79          extern BOOL Rwuen;
  80          extern BOOL Selfpwr;
  81          
  82          BYTE Configuration;             // Current configuration
  83          BYTE AlternateSetting;          // Alternate settings
  84          BYTE IbnFlag;
  85          
  86          #define VR_NAKALL_ON    0xD0
  87          #define VR_NAKALL_OFF   0xD1
  88          #define VR_IMT4_TRIGGER   0xD2
  89          
  90          //-----------------------------------------------------------------------------
  91          // Task Dispatcher hooks
  92          // The following hooks are called by the task dispatcher.
  93          //-----------------------------------------------------------------------------
  94          
  95          void TD_Init(void)             // Called once at startup              
  96          {
  97   1         CPUCS = ((CPUCS & ~bmCLKSPD) | bmCLKSPD1) ;
  98   1      
  99   1         // set the slave FIFO interface to 48MHz
 100   1         IFCONFIG |= 0x40;
 101   1        
 102   1       
 103   1      
 104   1        // Registers which require a synchronization delay, see section 15.14
 105   1        // FIFORESET        FIFOPINPOLAR
 106   1        // INPKTEND         OUTPKTEND
 107   1        // EPxBCH:L         REVCTL
 108   1        // GPIFTCB3         GPIFTCB2
 109   1        // GPIFTCB1         GPIFTCB0
 110   1        // EPxFIFOPFH:L     EPxAUTOINLENH:L
 111   1        // EPxFIFOCFG       EPxGPIFFLGSEL
 112   1        // PINFLAGSxx       EPxFIFOIRQ
 113   1        // EPxFIFOIE        GPIFIRQ
C51 COMPILER V7.06   INTR                                                                  06/13/2012 13:36:22 PAGE 3   

 114   1        // GPIFIE           GPIFADRH:L
 115   1        // UDMACRCH:L       EPxGPIFTRIG
 116   1        // GPIFTRIG
 117   1        
 118   1        // Note: The pre-REVE EPxGPIFTCH/L register are affected, as well...
 119   1        //      ...these have been replaced by GPIFTC[B3:B0] registers
 120   1      
 121   1        // default: all endpoints have their VALID bit set
 122   1        // default: TYPE1 = 1 and TYPE0 = 0 --> BULK  
 123   1        // default: EP2 and EP4 DIR bits are 0 (OUT direction)
 124   1        // default: EP6 and EP8 DIR bits are 1 (IN direction)
 125   1        // default: EP2, EP4, EP6, and EP8 are double buffered
 126   1      
 127   1        // we are just using the default values, yes this is not necessary...
 128   1        EP1OUTCFG = 0xA0;
 129   1        EP1INCFG = 0xA0;
 130   1        SYNCDELAY;                    // see TRM section 15.14
 131   1        EP2CFG = 0xA2;
 132   1        SYNCDELAY;                    
 133   1        EP4CFG = 0xA0;
 134   1        SYNCDELAY;                    
 135   1        EP6CFG = 0xE2;
 136   1        SYNCDELAY;                    
 137   1        EP8CFG = 0xE0;
 138   1      
 139   1        // out endpoints do not come up armed.  Arm EP1, EP2 and EP4 OUT  endpoints
 140   1         EP1OUTBC = 0x40;                             // arm the EP1 OUT endpoint by writing to the byte count
 141   1        // since the defaults are double buffered we must write dummy byte counts twice
 142   1        SYNCDELAY;                    
 143   1        EP2BCL = 0x80;                // arm EP2OUT by writing byte count w/skip.
 144   1        SYNCDELAY;                    
 145   1        EP2BCL = 0x80;
 146   1        SYNCDELAY;                    
 147   1        EP4BCL = 0x80;                // arm EP4OUT by writing byte count w/skip.
 148   1        SYNCDELAY;                    
 149   1        EP4BCL = 0x80;    
 150   1      
 151   1       
 152   1        
 153   1        
 154   1       /************************************Enable Endpoint Interrupt for EP1IN and EP1OUT**********************
             -*********************/
 155   1      
 156   1                      EPIE |= bmBIT3 ; // Enable EP1 OUT Endpoint interrupts
 157   1                      EPIE |= bmBIT2; // Enable  EP1 IN  Endpoint interrupts
 158   1        
 159   1        // enable dual autopointer feature
 160   1        AUTOPTRSETUP |= 0x01;
 161   1      
 162   1        Rwuen = TRUE;                 // Enable remote-wakeup
 163   1                                                                      // Configure  for  external interrupts
 164   1      
 165   1      /************************************************************Port C configuration*************************
             -**/
 166   1      
 167   1              PORTCCFG = 0x00;            // PORTC is is configured as an I/O, alternately it can output the lower addr
             -ess of enabled GPIF address pins
 168   1              OEC  = 0xFF;                // PORTC is an output
 169   1              IOC = 0xFF;                 // Initialize PORTC to all LOW
 170   1      
 171   1      /************************************************************External Interrupt***************************
             -/
C51 COMPILER V7.06   INTR                                                                  06/13/2012 13:36:22 PAGE 4   

 172   1      
 173   1      //INT0# and INT1#
 174   1      
 175   1              PORTACFG = 0x03;            // PA0 and PA1 are pins for INT0 and INT1 respectively.
 176   1              TCON |= 0x05;               // INT0 and INT1 are configured as Edge triggered interrupts. 
 177   1      
 178   1      //INT4
 179   1      
 180   1              INTSETUP &= ~0x02;          // If INTSETUP.1=0,then INT4 is supplied by the pin.Else, the interrupt is su
             -pplied internally FIFO/GPIF sources.
 181   1      
 182   1      //INT5#  is a dedicated  pin , available in the 100 amd 128 pin packages.
 183   1      
 184   1      //INT6# 
 185   1      
 186   1              PORTECFG = 0x20;            // PE5  is  INT6 
 187   1              OEE &= ~0x20;
 188   1              
 189   1      //Enable  External Interrupts
 190   1              EIE |= 0x1C;                    // Enable External Interrupts 4, 5 and 6
 191   1          IE  |= 0x05;                            // Enable External Interrupts 0 and 1       
 192   1              
 193   1      //Clear  Flags
 194   1          EXIF &= 0xBF;                       // Clear INT4 EXIF.6  Flag
 195   1              EXIF &= 0x7F;                           // Clear INT5 EXIF.7  Flag
 196   1              EICON &= 0xF7;                  // Clear INT6 EICON.3  Flag
 197   1              EA   = 1;                                   // Enable Global Interrupt
 198   1      
 199   1         /*********************************************Enable the IBN interrupt for EP2 ************************
             -*************************************/
 200   1      
 201   1          // NAKIRQ = bmBIT0;              // clear the global IBN IRQ
 202   1               NAKIE |= bmBIT0;              // enable the global IBN IRQ
 203   1      
 204   1       // IbnFlag = 0x00;               // clear our IBN flag
 205   1        //IBNIRQ = 0xFF;                // clear any pending IBN IRQ
 206   1        IBNIE |= bmEP6IBN ; // enable the IBN interrupt for EP6  
 207   1        NAKIRQ |= ~bmIBN;                   // clear any pending PING-NAK IRQ
 208   1      
 209   1         /********************Enable the PING-NAK interrupt for EP4*********************************************
             -**************************************/
 210   1      
 211   1        NAKIE |=  bmEP4PING;     // enable the PING-NAK interrupt for  EP4
 212   1      }
 213          
 214          
 215          void TD_Poll(void)              // Called repeatedly while the device is idle
 216          {
 217   1         
 218   1        WORD i;
 219   1        WORD count;
 220   1          INTSETUP &= ~bmAV4EN;     // Disable INT4 autovectoring so that we use  the external INT4
 221   1               
 222   1      
 223   1      if(!(EP2468STAT & bmEP4EMPTY))
 224   1        { // check EP4 EMPTY(busy) bit in EP2468STAT (SFR), core set's this bit when FIFO is empty
 225   2           if(!(EP2468STAT & bmEP8FULL))
 226   2           {  // check EP8 FULL(busy) bit in EP2468STAT (SFR), core set's this bit when FIFO is full
 227   3              APTR1H = MSB( &EP4FIFOBUF );
 228   3              APTR1L = LSB( &EP4FIFOBUF );
 229   3      
 230   3              AUTOPTRH2 = MSB( &EP8FIFOBUF );
C51 COMPILER V7.06   INTR                                                                  06/13/2012 13:36:22 PAGE 5   

 231   3              AUTOPTRL2 = LSB( &EP8FIFOBUF );
 232   3      
 233   3              count = (EP4BCH << 8) + EP4BCL;
 234   3              //EXTAUTODAT2 = EXTAUTODAT1+1;
 235   3              // loop EP4OUT buffer data to EP8IN
 236   3              for( i = 0x0000; i < count; i++ )
 237   3              {
 238   4                 // setup to transfer EP4OUT buffer to EP8IN buffer using AUTOPOINTER(s)
 239   4                 EXTAUTODAT2 = EXTAUTODAT1;
 240   4              }
 241   3              
 242   3              EP8BCH = EP4BCH;  
 243   3              SYNCDELAY;  
 244   3              EP8BCL = EP4BCL;        // arm EP8IN
 245   3              SYNCDELAY;                    
 246   3              EP4BCL = 0x80;          // re(arm) EP4OUT
 247   3           }
 248   2        }
 249   1      }
 250          
 251          BOOL TD_Suspend(void)          // Called before the device goes into suspend mode
 252          {
 253   1         return(TRUE);
 254   1      }
 255          
 256          BOOL TD_Resume(void)          // Called after the device resumes
 257          {
 258   1         return(TRUE);
 259   1      }
 260          
 261          //-----------------------------------------------------------------------------
 262          // Device Request hooks
 263          //   The following hooks are called by the end point 0 device request parser.
 264          //-----------------------------------------------------------------------------
 265          
 266          BOOL DR_GetDescriptor(void)
 267          {
 268   1         return(TRUE);
 269   1      }
 270          
 271          BOOL DR_SetConfiguration(void)   // Called when a Set Configuration command is received
 272          {
 273   1         Configuration = SETUPDAT[2];
 274   1         return(TRUE);            // Handled by user code
 275   1      }
 276          
 277          BOOL DR_GetConfiguration(void)   // Called when a Get Configuration command is received
 278          {
 279   1         EP0BUF[0] = Configuration;
 280   1         EP0BCH = 0;
 281   1         EP0BCL = 1;
 282   1         return(TRUE);            // Handled by user code
 283   1      }
 284          
 285          BOOL DR_SetInterface(void)       // Called when a Set Interface command is received
 286          {
 287   1         AlternateSetting = SETUPDAT[2];
 288   1         return(TRUE);            // Handled by user code
 289   1      }
 290          
 291          BOOL DR_GetInterface(void)       // Called when a Set Interface command is received
 292          {
C51 COMPILER V7.06   INTR                                                                  06/13/2012 13:36:22 PAGE 6   

 293   1         EP0BUF[0] = AlternateSetting;
 294   1         EP0BCH = 0;
 295   1         EP0BCL = 1;
 296   1         return(TRUE);            // Handled by user code
 297   1      }
 298          
 299          BOOL DR_GetStatus(void)
 300          {
 301   1         return(TRUE);
 302   1      }
 303          
 304          BOOL DR_ClearFeature(void)
 305          {
 306   1         return(TRUE);
 307   1      }
 308          
 309          BOOL DR_SetFeature(void)
 310          {
 311   1         return(TRUE);
 312   1      }
 313          
 314          BOOL DR_VendorCmnd(void)
 315          {
 316   1        BYTE tmp;
 317   1        
 318   1        switch (SETUPDAT[1])
 319   1        {
 320   2           case VR_NAKALL_ON:
 321   2              tmp = FIFORESET;
 322   2              tmp |= bmNAKALL;      
 323   2              SYNCDELAY;                    
 324   2              FIFORESET = tmp;
 325   2              break;
 326   2              case VR_IMT4_TRIGGER:
 327   2                              *EP0BUF = VR_IMT4_TRIGGER; // Fail
 328   2                              EP0BCH = 0;
 329   2                              EP0BCL = 1; // Arm endpoint with # bytes to transfer
 330   2                              EXIF |= 0x40;  //Trigger  external  interrupt in SW
 331   2                              break;
 332   2           case VR_NAKALL_OFF:
 333   2              tmp = FIFORESET;
 334   2              tmp &= ~bmNAKALL;      
 335   2              SYNCDELAY;                    
 336   2              FIFORESET = tmp;
 337   2              break;
 338   2           default:
 339   2              return(TRUE);
 340   2        }
 341   1      
 342   1        return(FALSE);
 343   1      }
 344          
 345          //-----------------------------------------------------------------------------
 346          // USB Interrupt Handlers
 347          //   The following functions are called by the USB interrupt jump table.
 348          //-----------------------------------------------------------------------------
 349          
 350          // Setup Data Available Interrupt Handler
 351          void ISR_Sudav(void) interrupt 0
 352          {
 353   1         GotSUD = TRUE;            // Set flag
 354   1         EZUSB_IRQ_CLEAR();
C51 COMPILER V7.06   INTR                                                                  06/13/2012 13:36:22 PAGE 7   

 355   1         USBIRQ = bmSUDAV;         // Clear SUDAV IRQ
 356   1      }
 357          
 358          // Setup Token Interrupt Handler
 359          void ISR_Sutok(void) interrupt 0
 360          {
 361   1         EZUSB_IRQ_CLEAR();
 362   1         USBIRQ = bmSUTOK;         // Clear SUTOK IRQ
 363   1      }
 364          
 365          void ISR_Sof(void) interrupt 0
 366          {
 367   1         EZUSB_IRQ_CLEAR();
 368   1         USBIRQ = bmSOF;            // Clear SOF IRQ
 369   1      }
 370          
 371          void ISR_Ures(void) interrupt 0
 372          {
 373   1         // whenever we get a USB reset, we should revert to full speed mode
 374   1         pConfigDscr = pFullSpeedConfigDscr;
 375   1         ((CONFIGDSCR xdata *) pConfigDscr)->type = CONFIG_DSCR;
 376   1         pOtherConfigDscr = pHighSpeedConfigDscr;
 377   1         ((CONFIGDSCR xdata *) pOtherConfigDscr)->type = OTHERSPEED_DSCR;
 378   1      
 379   1         EZUSB_IRQ_CLEAR();
 380   1         USBIRQ = bmURES;         // Clear URES IRQ
 381   1      }
 382          
 383          void ISR_Susp(void) interrupt 0
 384          {
 385   1         Sleep = TRUE;
 386   1         EZUSB_IRQ_CLEAR();
 387   1         USBIRQ = bmSUSP;
 388   1      }
 389          
 390          void ISR_Highspeed(void) interrupt 0
 391          {
 392   1         if (EZUSB_HIGHSPEED())
 393   1         {
 394   2            pConfigDscr = pHighSpeedConfigDscr;
 395   2            ((CONFIGDSCR xdata *) pConfigDscr)->type = CONFIG_DSCR;
 396   2            pOtherConfigDscr = pFullSpeedConfigDscr;
 397   2            ((CONFIGDSCR xdata *) pOtherConfigDscr)->type = OTHERSPEED_DSCR;
 398   2         }
 399   1      
 400   1         EZUSB_IRQ_CLEAR();
 401   1         USBIRQ = bmHSGRANT;
 402   1      }
 403          void ISR_Ep0ack(void) interrupt 0
 404          {
 405   1      }
 406          void ISR_Stub(void) interrupt 0
 407          {
 408   1      }
 409          void ISR_Ep0in(void) interrupt 0
 410          {
 411   1      }
 412          void ISR_Ep0out(void) interrupt 0
 413          {
 414   1      }
 415          void ISR_Ep1in(void) interrupt 0
 416          {
C51 COMPILER V7.06   INTR                                                                  06/13/2012 13:36:22 PAGE 8   

 417   1              EP1OUTBC = 64;
 418   1      
 419   1              EZUSB_IRQ_CLEAR();//Clears the USB interrupt
 420   1              EPIRQ = bmBIT2;//Clears EP1 IN interrupt request 
 421   1      }
 422          void ISR_Ep1out(void) interrupt 0
 423          {
 424   1      
 425   1              BYTE count;
 426   1              BYTE i;
 427   1              
 428   1              count = EP1OUTBC;// The count value is loaded from the byte count register
 429   1              if(!(EP1INCS & bmBIT1))
 430   1              {// Checks EP1IN availability
 431   2                      for (i=0;i<count; i++)
 432   2                      {
 433   3                              EP1INBUF[i]=EP1OUTBUF[i];
 434   3                      }
 435   2              EP1INBUF[0]=EP1OUTBUF[i]+1;
 436   2                      EP1INBC =count;
 437   2              }
 438   1         
 439   1              EZUSB_IRQ_CLEAR();//Clears the USB interrupt
 440   1              EPIRQ = bmBIT3;//Clears EP1 OUT interrupt request  
 441   1      }
 442          void ISR_Ep2inout(void) interrupt 0
 443          {
 444   1      }
 445          void ISR_Ep4inout(void) interrupt 0
 446          {
 447   1      }
 448          void ISR_Ep6inout(void) interrupt 0
 449          {
 450   1      }
 451          void ISR_Ep8inout(void) interrupt 0
 452          {
 453   1      }
 454          void ISR_Ibn(void) interrupt 0
 455          {
 456   1         int i;
 457   1         int byteCount;
 458   1         // disable IBN for all endpoints
 459   1        // IBNIE = 0x00;
 460   1         // clear the global USB IRQ
 461   1         EZUSB_IRQ_CLEAR();         
 462   1      
 463   1         // Find the EP with its IBN bit set
 464   1        /* for (i=0;i<8;i++)
 465   1         {
 466   1            if (IBNIRQ & (1 << i))
 467   1            {
 468   1               IbnFlag |= (1 << i);       // set the appropriate IBN flag bit
 469   1               IBNIRQ |= (1 << i);        // clear the IBN IRQ for this endpoint
 470   1            }
 471   1         }*/
 472   1      
 473   1       
 474   1        // if there is new data in EP2FIFOBUF and the IBN flag for EP6 has been set, then copy
 475   1        // the data from EP2 to EP6
 476   1        if(!(EP2468STAT & bmEP2EMPTY) )//&& (IbnFlag & bmEP6IBN) 
 477   1        {
 478   2           APTR1H = MSB( &EP2FIFOBUF );
C51 COMPILER V7.06   INTR                                                                  06/13/2012 13:36:22 PAGE 9   

 479   2           APTR1L = LSB( &EP2FIFOBUF );
 480   2      
 481   2           AUTOPTRH2 = MSB( &EP6FIFOBUF );
 482   2           AUTOPTRL2 = LSB( &EP6FIFOBUF );
 483   2      
 484   2           byteCount = (EP2BCH << 8) + EP2BCL;
 485   2          
 486   2           EXTAUTODAT2 = EXTAUTODAT1+1;
 487   2      
 488   2           for( i = 0x0001; i < byteCount; i++ )
 489   2           {
 490   3              EXTAUTODAT2 = EXTAUTODAT1;
 491   3           }
 492   2      
 493   2           EP6BCH = EP2BCH;  
 494   2           SYNCDELAY;  
 495   2           EP6BCL = EP2BCL;           // arm EP6IN
 496   2      
 497   2           //IbnFlag &= ~bmEP6IBN;      // clear the IBN flag
 498   2           IBNIRQ = bmEP6IBN;         // clear the IBN IRQ
 499   2           IBNIE |= bmEP6IBN;         // enable the IBN IRQ
 500   2      
 501   2           SYNCDELAY;                        
 502   2           EP2BCL = 0x80;             // re(arm) EP2OUT
 503   2        }
 504   1      
 505   1        // if there is new data in EP4FIFOBUF and the IBN flag for EP8 has been set, then copy
 506   1        // the data from EP2 to EP6
 507   1        
 508   1        NAKIRQ |= bmBIT0;          // clear the global IBN IRQ
 509   1      
 510   1         // re-enable IBN interrupt for any endpoints that don't already have
 511   1         // an IBN pending in IbnFlag
 512   1         IBNIE = bmEP6IBN ;
 513   1      }
 514          void ISR_Ep0pingnak(void) interrupt 0
 515          {
 516   1      }
 517          void ISR_Ep1pingnak(void) interrupt 0
 518          {
 519   1      }
 520          void ISR_Ep2pingnak(void) interrupt 0
 521          {
 522   1      }
 523          void ISR_Ep4pingnak(void) interrupt 0
 524          {
 525   1        // if we get a PING-NAK interrupt then arm the endpoint
 526   1         SYNCDELAY;                    
 527   1         EP4BCL = 0x80;
 528   1      
 529   1         EZUSB_IRQ_CLEAR();
 530   1         NAKIRQ = bmEP4PING;
 531   1      }
 532          void ISR_Ep6pingnak(void) interrupt 0
 533          {
 534   1      }
 535          void ISR_Ep8pingnak(void) interrupt 0
 536          {
 537   1      }
 538          void ISR_Errorlimit(void) interrupt 0
 539          {
 540   1      }
C51 COMPILER V7.06   INTR                                                                  06/13/2012 13:36:22 PAGE 10  

 541          void ISR_Ep2piderror(void) interrupt 0
 542          {
 543   1      }
 544          void ISR_Ep4piderror(void) interrupt 0
 545          {
 546   1      }
 547          void ISR_Ep6piderror(void) interrupt 0
 548          {
 549   1      }
 550          void ISR_Ep8piderror(void) interrupt 0
 551          {
 552   1      }
 553          void ISR_Ep2pflag(void) interrupt 0
 554          {
 555   1      }
 556          void ISR_Ep4pflag(void) interrupt 0
 557          {
 558   1      }
 559          void ISR_Ep6pflag(void) interrupt 0
 560          {
 561   1      }
 562          void ISR_Ep8pflag(void) interrupt 0
 563          {
 564   1      }
 565          void ISR_Ep2eflag(void) interrupt 0
 566          {
 567   1      }
 568          void ISR_Ep4eflag(void) interrupt 0
 569          {
 570   1      }
 571          void ISR_Ep6eflag(void) interrupt 0
 572          {
 573   1      }
 574          void ISR_Ep8eflag(void) interrupt 0
 575          {
 576   1      }
 577          void ISR_Ep2fflag(void) interrupt 0
 578          {
 579   1      }
 580          void ISR_Ep4fflag(void) interrupt 0
 581          {
 582   1      }
 583          void ISR_Ep6fflag(void) interrupt 0
 584          {
 585   1      }
 586          void ISR_Ep8fflag(void) interrupt 0
 587          {
 588   1      }
 589          void ISR_GpifComplete(void) interrupt 0
 590          {
 591   1      }
 592          void ISR_GpifWaveform(void) interrupt 0
 593          {
 594   1      }


MODULE INFORMATION:   STATIC OVERLAYABLE
   CODE SIZE        =   1014    ----
   CONSTANT SIZE    =   ----    ----
   XDATA SIZE       =   ----    ----
   PDATA SIZE       =   ----    ----
   DATA SIZE        =      3    ----
C51 COMPILER V7.06   INTR                                                                  06/13/2012 13:36:22 PAGE 11  

   IDATA SIZE       =   ----    ----
   BIT SIZE         =   ----    ----
END OF MODULE INFORMATION.


C51 COMPILATION COMPLETE.  0 WARNING(S),  0 ERROR(S)
