BL51 BANKED LINKER/LOCATER V5.03                                                        06/13/2012  13:36:49  PAGE 1


BL51 BANKED LINKER/LOCATER V5.03, INVOKED BY:
C:\KEIL\C51\BIN\BL51.EXE fw.obj, periph.obj, dscr.obj, ..\..\Target\Lib\LP\USBJmpTb.OBJ, ..\..\Target\Lib\LP\EZUSB.LIB T
>> O hid_kb RAMSIZE (256) CODE (0X80) XDATA (0X1000)


MEMORY MODEL: SMALL


INPUT MODULES INCLUDED:
  fw.obj (FW)
  periph.obj (PERIPH)
  dscr.obj (DSCR)
  ..\..\Target\Lib\LP\USBJmpTb.OBJ (USBJMPTBL)
  ..\..\Target\Lib\LP\EZUSB.LIB (RESUME)
  ..\..\Target\Lib\LP\EZUSB.LIB (DISCON)
  ..\..\Target\Lib\LP\EZUSB.LIB (EZREGS)
  ..\..\Target\Lib\LP\EZUSB.LIB (I2C)
  ..\..\Target\Lib\LP\EZUSB.LIB (GET_STRD)
  ..\..\Target\Lib\LP\EZUSB.LIB (I2C_RW)
  ..\..\Target\Lib\LP\EZUSB.LIB (SUSP)
  ..\..\Target\Lib\LP\EZUSB.LIB (DELAY)
  ..\..\Target\Lib\LP\EZUSB.LIB (DELAY1MS)
  C:\KEIL\C51\LIB\C51S.LIB (?C_STARTUP)
  C:\KEIL\C51\LIB\C51S.LIB (?C?CLDOPTR)
  C:\KEIL\C51\LIB\C51S.LIB (?C?CSTOPTR)
  C:\KEIL\C51\LIB\C51S.LIB (?C?ULCMP)


LINK MAP OF MODULE:  hid_kb (FW)


            TYPE    BASE      LENGTH    RELOCATION   SEGMENT NAME
            -----------------------------------------------------

            * * * * * * *   D A T A   M E M O R Y   * * * * * * *
            REG     0000H     0008H     ABSOLUTE     "REG BANK 0"
            DATA    0008H     0012H     UNIT         _DATA_GROUP_
            DATA    001AH     0006H     UNIT         ?DT?I2C
            BIT     0020H.0   0000H.4   UNIT         ?BI?FW
            BIT     0020H.4   0000H.1   UNIT         _BIT_GROUP_
                    0020H.5   0000H.3                *** GAP ***
            DATA    0021H     000EH     UNIT         ?DT?FW
            DATA    002FH     0008H     UNIT         ?DT?PERIPH
            IDATA   0037H     0001H     UNIT         ?STACK

            * * * * * * *  X D A T A   M E M O R Y  * * * * * * *
                    0000H     1000H                  *** GAP ***
            XDATA   1000H     0003H     UNIT         ?XD?PERIPH
                    1003H     D3FDH                  *** GAP ***
            XDATA   E400H     0001H     ABSOLUTE     
                    E401H     007FH                  *** GAP ***
            XDATA   E480H     0001H     ABSOLUTE     
                    E481H     0088H                  *** GAP ***
            XDATA   E509H     0001H     ABSOLUTE     
                    E50AH     00F6H                  *** GAP ***
            XDATA   E600H     0001H     ABSOLUTE     
            XDATA   E601H     0001H     ABSOLUTE     
            XDATA   E602H     0001H     ABSOLUTE     
BL51 BANKED LINKER/LOCATER V5.03                                                      06/13/2012  13:36:49  PAGE 2


            XDATA   E603H     0001H     ABSOLUTE     
            XDATA   E604H     0001H     ABSOLUTE     
            XDATA   E605H     0001H     ABSOLUTE     
            XDATA   E606H     0001H     ABSOLUTE     
            XDATA   E607H     0001H     ABSOLUTE     
            XDATA   E608H     0001H     ABSOLUTE     
            XDATA   E609H     0001H     ABSOLUTE     
            XDATA   E60AH     0001H     ABSOLUTE     
            XDATA   E60BH     0001H     ABSOLUTE     
            XDATA   E60CH     0001H     ABSOLUTE     
                    E60DH     0003H                  *** GAP ***
            XDATA   E610H     0001H     ABSOLUTE     
            XDATA   E611H     0001H     ABSOLUTE     
            XDATA   E612H     0001H     ABSOLUTE     
            XDATA   E613H     0001H     ABSOLUTE     
            XDATA   E614H     0001H     ABSOLUTE     
            XDATA   E615H     0001H     ABSOLUTE     
                    E616H     0002H                  *** GAP ***
            XDATA   E618H     0001H     ABSOLUTE     
            XDATA   E619H     0001H     ABSOLUTE     
            XDATA   E61AH     0001H     ABSOLUTE     
            XDATA   E61BH     0001H     ABSOLUTE     
                    E61CH     0004H                  *** GAP ***
            XDATA   E620H     0001H     ABSOLUTE     
            XDATA   E621H     0001H     ABSOLUTE     
            XDATA   E622H     0001H     ABSOLUTE     
            XDATA   E623H     0001H     ABSOLUTE     
            XDATA   E624H     0001H     ABSOLUTE     
            XDATA   E625H     0001H     ABSOLUTE     
            XDATA   E626H     0001H     ABSOLUTE     
            XDATA   E627H     0001H     ABSOLUTE     
            XDATA   E628H     0001H     ABSOLUTE     
            XDATA   E629H     0001H     ABSOLUTE     
            XDATA   E62AH     0001H     ABSOLUTE     
            XDATA   E62BH     0001H     ABSOLUTE     
            XDATA   E62CH     0001H     ABSOLUTE     
            XDATA   E62DH     0001H     ABSOLUTE     
            XDATA   E62EH     0001H     ABSOLUTE     
            XDATA   E62FH     0001H     ABSOLUTE     
            XDATA   E630H     0001H     ABSOLUTE     
            XDATA   E631H     0001H     ABSOLUTE     
            XDATA   E632H     0001H     ABSOLUTE     
            XDATA   E633H     0001H     ABSOLUTE     
            XDATA   E634H     0001H     ABSOLUTE     
            XDATA   E635H     0001H     ABSOLUTE     
            XDATA   E636H     0001H     ABSOLUTE     
            XDATA   E637H     0001H     ABSOLUTE     
                    E638H     0008H                  *** GAP ***
            XDATA   E640H     0001H     ABSOLUTE     
            XDATA   E641H     0001H     ABSOLUTE     
            XDATA   E642H     0001H     ABSOLUTE     
            XDATA   E643H     0001H     ABSOLUTE     
                    E644H     0004H                  *** GAP ***
            XDATA   E648H     0001H     ABSOLUTE     
            XDATA   E649H     0001H     ABSOLUTE     
                    E64AH     0006H                  *** GAP ***
            XDATA   E650H     0001H     ABSOLUTE     
BL51 BANKED LINKER/LOCATER V5.03                                                      06/13/2012  13:36:49  PAGE 3


            XDATA   E651H     0001H     ABSOLUTE     
            XDATA   E652H     0001H     ABSOLUTE     
            XDATA   E653H     0001H     ABSOLUTE     
            XDATA   E654H     0001H     ABSOLUTE     
            XDATA   E655H     0001H     ABSOLUTE     
            XDATA   E656H     0001H     ABSOLUTE     
            XDATA   E657H     0001H     ABSOLUTE     
            XDATA   E658H     0001H     ABSOLUTE     
            XDATA   E659H     0001H     ABSOLUTE     
            XDATA   E65AH     0001H     ABSOLUTE     
            XDATA   E65BH     0001H     ABSOLUTE     
            XDATA   E65CH     0001H     ABSOLUTE     
            XDATA   E65DH     0001H     ABSOLUTE     
            XDATA   E65EH     0001H     ABSOLUTE     
            XDATA   E65FH     0001H     ABSOLUTE     
            XDATA   E660H     0001H     ABSOLUTE     
            XDATA   E661H     0001H     ABSOLUTE     
            XDATA   E662H     0001H     ABSOLUTE     
            XDATA   E663H     0001H     ABSOLUTE     
            XDATA   E664H     0001H     ABSOLUTE     
            XDATA   E665H     0001H     ABSOLUTE     
            XDATA   E666H     0001H     ABSOLUTE     
            XDATA   E667H     0001H     ABSOLUTE     
            XDATA   E668H     0001H     ABSOLUTE     
                    E669H     0007H                  *** GAP ***
            XDATA   E670H     0001H     ABSOLUTE     
            XDATA   E671H     0001H     ABSOLUTE     
            XDATA   E672H     0001H     ABSOLUTE     
                    E673H     0005H                  *** GAP ***
            XDATA   E678H     0001H     ABSOLUTE     
            XDATA   E679H     0001H     ABSOLUTE     
            XDATA   E67AH     0001H     ABSOLUTE     
            XDATA   E67BH     0001H     ABSOLUTE     
            XDATA   E67CH     0001H     ABSOLUTE     
            XDATA   E67DH     0001H     ABSOLUTE     
            XDATA   E67EH     0001H     ABSOLUTE     
            XDATA   E67FH     0001H     ABSOLUTE     
            XDATA   E680H     0001H     ABSOLUTE     
            XDATA   E681H     0001H     ABSOLUTE     
            XDATA   E682H     0001H     ABSOLUTE     
            XDATA   E683H     0001H     ABSOLUTE     
            XDATA   E684H     0001H     ABSOLUTE     
            XDATA   E685H     0001H     ABSOLUTE     
            XDATA   E686H     0001H     ABSOLUTE     
            XDATA   E687H     0001H     ABSOLUTE     
                    E688H     0002H                  *** GAP ***
            XDATA   E68AH     0001H     ABSOLUTE     
            XDATA   E68BH     0001H     ABSOLUTE     
                    E68CH     0001H                  *** GAP ***
            XDATA   E68DH     0001H     ABSOLUTE     
                    E68EH     0001H                  *** GAP ***
            XDATA   E68FH     0001H     ABSOLUTE     
            XDATA   E690H     0001H     ABSOLUTE     
            XDATA   E691H     0001H     ABSOLUTE     
                    E692H     0002H                  *** GAP ***
            XDATA   E694H     0001H     ABSOLUTE     
            XDATA   E695H     0001H     ABSOLUTE     
BL51 BANKED LINKER/LOCATER V5.03                                                      06/13/2012  13:36:49  PAGE 4


                    E696H     0002H                  *** GAP ***
            XDATA   E698H     0001H     ABSOLUTE     
            XDATA   E699H     0001H     ABSOLUTE     
                    E69AH     0002H                  *** GAP ***
            XDATA   E69CH     0001H     ABSOLUTE     
            XDATA   E69DH     0001H     ABSOLUTE     
                    E69EH     0002H                  *** GAP ***
            XDATA   E6A0H     0001H     ABSOLUTE     
            XDATA   E6A1H     0001H     ABSOLUTE     
            XDATA   E6A2H     0001H     ABSOLUTE     
            XDATA   E6A3H     0001H     ABSOLUTE     
            XDATA   E6A4H     0001H     ABSOLUTE     
            XDATA   E6A5H     0001H     ABSOLUTE     
            XDATA   E6A6H     0001H     ABSOLUTE     
            XDATA   E6A7H     0001H     ABSOLUTE     
            XDATA   E6A8H     0001H     ABSOLUTE     
            XDATA   E6A9H     0001H     ABSOLUTE     
            XDATA   E6AAH     0001H     ABSOLUTE     
            XDATA   E6ABH     0001H     ABSOLUTE     
            XDATA   E6ACH     0001H     ABSOLUTE     
            XDATA   E6ADH     0001H     ABSOLUTE     
            XDATA   E6AEH     0001H     ABSOLUTE     
            XDATA   E6AFH     0001H     ABSOLUTE     
            XDATA   E6B0H     0001H     ABSOLUTE     
            XDATA   E6B1H     0001H     ABSOLUTE     
            XDATA   E6B2H     0001H     ABSOLUTE     
            XDATA   E6B3H     0001H     ABSOLUTE     
            XDATA   E6B4H     0001H     ABSOLUTE     
            XDATA   E6B5H     0001H     ABSOLUTE     
                    E6B6H     0002H                  *** GAP ***
            XDATA   E6B8H     0008H     ABSOLUTE     
            XDATA   E6C0H     0001H     ABSOLUTE     
            XDATA   E6C1H     0001H     ABSOLUTE     
            XDATA   E6C2H     0001H     ABSOLUTE     
            XDATA   E6C3H     0001H     ABSOLUTE     
            XDATA   E6C4H     0001H     ABSOLUTE     
            XDATA   E6C5H     0001H     ABSOLUTE     
            XDATA   E6C6H     0001H     ABSOLUTE     
            XDATA   E6C7H     0001H     ABSOLUTE     
            XDATA   E6C8H     0001H     ABSOLUTE     
            XDATA   E6C9H     0001H     ABSOLUTE     
            XDATA   E6CAH     0001H     ABSOLUTE     
            XDATA   E6CBH     0001H     ABSOLUTE     
            XDATA   E6CCH     0001H     ABSOLUTE     
            XDATA   E6CDH     0001H     ABSOLUTE     
            XDATA   E6CEH     0001H     ABSOLUTE     
            XDATA   E6CFH     0001H     ABSOLUTE     
            XDATA   E6D0H     0001H     ABSOLUTE     
            XDATA   E6D1H     0001H     ABSOLUTE     
            XDATA   E6D2H     0001H     ABSOLUTE     
            XDATA   E6D3H     0001H     ABSOLUTE     
            XDATA   E6D4H     0001H     ABSOLUTE     
                    E6D5H     0005H                  *** GAP ***
            XDATA   E6DAH     0001H     ABSOLUTE     
            XDATA   E6DBH     0001H     ABSOLUTE     
            XDATA   E6DCH     0001H     ABSOLUTE     
                    E6DDH     0005H                  *** GAP ***
BL51 BANKED LINKER/LOCATER V5.03                                                      06/13/2012  13:36:49  PAGE 5


            XDATA   E6E2H     0001H     ABSOLUTE     
            XDATA   E6E3H     0001H     ABSOLUTE     
            XDATA   E6E4H     0001H     ABSOLUTE     
                    E6E5H     0005H                  *** GAP ***
            XDATA   E6EAH     0001H     ABSOLUTE     
            XDATA   E6EBH     0001H     ABSOLUTE     
            XDATA   E6ECH     0001H     ABSOLUTE     
                    E6EDH     0003H                  *** GAP ***
            XDATA   E6F0H     0001H     ABSOLUTE     
            XDATA   E6F1H     0001H     ABSOLUTE     
            XDATA   E6F2H     0001H     ABSOLUTE     
            XDATA   E6F3H     0001H     ABSOLUTE     
            XDATA   E6F4H     0001H     ABSOLUTE     
            XDATA   E6F5H     0001H     ABSOLUTE     
                    E6F6H     0002H                  *** GAP ***
            XDATA   E6F8H     0001H     ABSOLUTE     
            XDATA   E6F9H     0001H     ABSOLUTE     
            XDATA   E6FAH     0001H     ABSOLUTE     
            XDATA   E6FBH     0001H     ABSOLUTE     
            XDATA   E6FCH     0001H     ABSOLUTE     
            XDATA   E6FDH     0001H     ABSOLUTE     
            XDATA   E6FEH     0001H     ABSOLUTE     
                    E6FFH     0041H                  *** GAP ***
            XDATA   E740H     0040H     ABSOLUTE     
            XDATA   E780H     0040H     ABSOLUTE     
            XDATA   E7C0H     0040H     ABSOLUTE     
                    E800H     0800H                  *** GAP ***
            XDATA   F000H     0400H     ABSOLUTE     
            XDATA   F400H     0400H     ABSOLUTE     
            XDATA   F800H     0400H     ABSOLUTE     
            XDATA   FC00H     0400H     ABSOLUTE     

            * * * * * * *   C O D E   M E M O R Y   * * * * * * *
            CODE    0000H     0003H     ABSOLUTE     
                    0003H     0030H                  *** GAP ***
            CODE    0033H     0003H     ABSOLUTE     
                    0036H     000DH                  *** GAP ***
            CODE    0043H     0003H     ABSOLUTE     
                    0046H     0005H                  *** GAP ***
            CODE    004BH     0003H     ABSOLUTE     
                    004EH     0005H                  *** GAP ***
            CODE    0053H     0003H     ABSOLUTE     
                    0056H     002AH                  *** GAP ***
            CODE    0080H     0237H     UNIT         ?PR?SETUPCOMMAND?FW
            CODE    02B7H     0167H     UNIT         ?PR?MAIN?FW
            CODE    041EH     0108H     UNIT         ?PR?I2C_ISR?I2C
            CODE    0526H     00CBH     UNIT         ?PR?TD_POLL?PERIPH
            CODE    05F1H     000CH     UNIT         ?C_C51STARTUP
            CODE    05FDH     0002H     UNIT         ?PR?TD_SUSPEND?PERIPH
            CODE    05FFH     0001H     UNIT         ?PR?ISR_EP0ACK?PERIPH
            CODE    0600H     00D3H     PAGE         DSCR
            CODE    06D3H     002CH     UNIT         ?PR?EZUSB_RESUME?RESUME
            CODE    06FFH     0001H     UNIT         ?PR?ISR_STUB?PERIPH
            CODE    0700H     00B8H     PAGE         ?PR?USB_JUMP_TABLE?USBJT
            CODE    07B8H     0060H     UNIT         ?C?LIB_CODE
            CODE    0818H     005DH     UNIT         ?PR?DR_GETDESCRIPTOR?PERIPH
            CODE    0875H     0046H     UNIT         ?PR?_EZUSB_DELAY?DELAY
BL51 BANKED LINKER/LOCATER V5.03                                                      06/13/2012  13:36:49  PAGE 6


            CODE    08BBH     003DH     UNIT         ?PR?ISR_HIGHSPEED?PERIPH
            CODE    08F8H     0038H     UNIT         ?PR?_EZUSB_WAITFOREEPROMWRITE?I2C
            CODE    0930H     0036H     UNIT         ?PR?ISR_URES?PERIPH
            CODE    0966H     0034H     UNIT         ?PR?_EZUSB_READI2C_?I2C
            CODE    099AH     0032H     UNIT         ?PR?_EZUSB_WRITEI2C_?I2C
            CODE    09CCH     002FH     UNIT         ?PR?EZUSB_DISCON?DISCON
            CODE    09FBH     002BH     UNIT         ?PR?_EZUSB_GETSTRINGDSCR?GET_STRD
            CODE    0A26H     0026H     UNIT         ?PR?TD_INIT?PERIPH
            CODE    0A4CH     0025H     UNIT         EZUSB
            CODE    0A71H     001CH     UNIT         ?PR?_EZUSB_READI2C?I2C_RW
            CODE    0A8DH     001CH     UNIT         ?PR?_EZUSB_WRITEI2C?I2C_RW
            CODE    0AA9H     0018H     UNIT         ?PR?ISR_SUDAV?PERIPH
            CODE    0AC1H     0018H     UNIT         ?PR?ISR_SUSP?PERIPH
            CODE    0AD9H     0016H     UNIT         ?PR?ISR_SUTOK?PERIPH
            CODE    0AEFH     0016H     UNIT         ?PR?ISR_SOF?PERIPH
            CODE    0B05H     0012H     UNIT         ?PR?DR_GETCONFIGURATION?PERIPH
            CODE    0B17H     0012H     UNIT         ?PR?DR_GETINTERFACE?PERIPH
            CODE    0B29H     000BH     UNIT         ?PR?HIGHSPEEDCAPABLE?FW
            CODE    0B34H     000AH     UNIT         ?CO?FW
            CODE    0B3EH     0008H     UNIT         ?PR?DR_SETCONFIGURATION?PERIPH
            CODE    0B46H     0008H     UNIT         ?PR?DR_SETINTERFACE?PERIPH
            CODE    0B4EH     0008H     UNIT         ?PR?EZUSB_INITI2C?I2C
            CODE    0B56H     0004H     UNIT         ?PR?RESUME_ISR?FW
            CODE    0B5AH     0002H     UNIT         ?PR?TD_RESUME?PERIPH
            CODE    0B5CH     0002H     UNIT         ?PR?DR_GETSTATUS?PERIPH
            CODE    0B5EH     0002H     UNIT         ?PR?DR_CLEARFEATURE?PERIPH
            CODE    0B60H     0002H     UNIT         ?PR?DR_SETFEATURE?PERIPH
            CODE    0B62H     0002H     UNIT         ?PR?DR_VENDORCMND?PERIPH
            CODE    0B64H     0001H     UNIT         ?PR?ISR_EP0IN?PERIPH
            CODE    0B65H     0001H     UNIT         ?PR?ISR_EP0OUT?PERIPH
            CODE    0B66H     0001H     UNIT         ?PR?ISR_EP1IN?PERIPH
            CODE    0B67H     0001H     UNIT         ?PR?ISR_EP1OUT?PERIPH
            CODE    0B68H     0001H     UNIT         ?PR?ISR_EP2INOUT?PERIPH
            CODE    0B69H     0001H     UNIT         ?PR?ISR_EP4INOUT?PERIPH
            CODE    0B6AH     0001H     UNIT         ?PR?ISR_EP6INOUT?PERIPH
            CODE    0B6BH     0001H     UNIT         ?PR?ISR_EP8INOUT?PERIPH
            CODE    0B6CH     0001H     UNIT         ?PR?ISR_IBN?PERIPH
            CODE    0B6DH     0001H     UNIT         ?PR?ISR_EP0PINGNAK?PERIPH
            CODE    0B6EH     0001H     UNIT         ?PR?ISR_EP1PINGNAK?PERIPH
            CODE    0B6FH     0001H     UNIT         ?PR?ISR_EP2PINGNAK?PERIPH
            CODE    0B70H     0001H     UNIT         ?PR?ISR_EP4PINGNAK?PERIPH
            CODE    0B71H     0001H     UNIT         ?PR?ISR_EP6PINGNAK?PERIPH
            CODE    0B72H     0001H     UNIT         ?PR?ISR_EP8PINGNAK?PERIPH
            CODE    0B73H     0001H     UNIT         ?PR?ISR_ERRORLIMIT?PERIPH
            CODE    0B74H     0001H     UNIT         ?PR?ISR_EP2PIDERROR?PERIPH
            CODE    0B75H     0001H     UNIT         ?PR?ISR_EP4PIDERROR?PERIPH
            CODE    0B76H     0001H     UNIT         ?PR?ISR_EP6PIDERROR?PERIPH
            CODE    0B77H     0001H     UNIT         ?PR?ISR_EP8PIDERROR?PERIPH
            CODE    0B78H     0001H     UNIT         ?PR?ISR_EP2PFLAG?PERIPH
            CODE    0B79H     0001H     UNIT         ?PR?ISR_EP4PFLAG?PERIPH
            CODE    0B7AH     0001H     UNIT         ?PR?ISR_EP6PFLAG?PERIPH
            CODE    0B7BH     0001H     UNIT         ?PR?ISR_EP8PFLAG?PERIPH
            CODE    0B7CH     0001H     UNIT         ?PR?ISR_EP2EFLAG?PERIPH
            CODE    0B7DH     0001H     UNIT         ?PR?ISR_EP4EFLAG?PERIPH
            CODE    0B7EH     0001H     UNIT         ?PR?ISR_EP6EFLAG?PERIPH
            CODE    0B7FH     0001H     UNIT         ?PR?ISR_EP8EFLAG?PERIPH
            CODE    0B80H     0001H     UNIT         ?PR?ISR_EP2FFLAG?PERIPH
BL51 BANKED LINKER/LOCATER V5.03                                                      06/13/2012  13:36:49  PAGE 7


            CODE    0B81H     0001H     UNIT         ?PR?ISR_EP4FFLAG?PERIPH
            CODE    0B82H     0001H     UNIT         ?PR?ISR_EP6FFLAG?PERIPH
            CODE    0B83H     0001H     UNIT         ?PR?ISR_EP8FFLAG?PERIPH
            CODE    0B84H     0001H     UNIT         ?PR?ISR_GPIFCOMPLETE?PERIPH
            CODE    0B85H     0001H     UNIT         ?PR?ISR_GPIFWAVEFORM?PERIPH



OVERLAY MAP OF MODULE:   hid_kb (FW)


SEGMENT                                      BIT_GROUP          DATA_GROUP 
  +--> CALLED SEGMENT                     START    LENGTH     START    LENGTH
-----------------------------------------------------------------------------
?PR?USB_JUMP_TABLE?USBJT                  -----    -----      -----    -----
  +--> ?PR?ISR_SUDAV?PERIPH
  +--> ?PR?ISR_SOF?PERIPH
  +--> ?PR?ISR_SUTOK?PERIPH
  +--> ?PR?ISR_SUSP?PERIPH
  +--> ?PR?ISR_URES?PERIPH
  +--> ?PR?ISR_HIGHSPEED?PERIPH
  +--> ?PR?ISR_EP0ACK?PERIPH
  +--> ?PR?ISR_STUB?PERIPH
  +--> ?PR?ISR_EP0IN?PERIPH
  +--> ?PR?ISR_EP0OUT?PERIPH
  +--> ?PR?ISR_EP1IN?PERIPH
  +--> ?PR?ISR_EP1OUT?PERIPH
  +--> ?PR?ISR_EP2INOUT?PERIPH
  +--> ?PR?ISR_EP4INOUT?PERIPH
  +--> ?PR?ISR_EP6INOUT?PERIPH
  +--> ?PR?ISR_EP8INOUT?PERIPH
  +--> ?PR?ISR_IBN?PERIPH
  +--> ?PR?ISR_EP0PINGNAK?PERIPH
  +--> ?PR?ISR_EP1PINGNAK?PERIPH
  +--> ?PR?ISR_EP2PINGNAK?PERIPH
  +--> ?PR?ISR_EP4PINGNAK?PERIPH
  +--> ?PR?ISR_EP6PINGNAK?PERIPH
  +--> ?PR?ISR_EP8PINGNAK?PERIPH
  +--> ?PR?ISR_ERRORLIMIT?PERIPH
  +--> ?PR?ISR_EP2PIDERROR?PERIPH
  +--> ?PR?ISR_EP4PIDERROR?PERIPH
  +--> ?PR?ISR_EP6PIDERROR?PERIPH
  +--> ?PR?ISR_EP8PIDERROR?PERIPH
  +--> ?PR?ISR_EP2PFLAG?PERIPH
  +--> ?PR?ISR_EP4PFLAG?PERIPH
  +--> ?PR?ISR_EP6PFLAG?PERIPH
  +--> ?PR?ISR_EP8PFLAG?PERIPH
  +--> ?PR?ISR_EP2EFLAG?PERIPH
  +--> ?PR?ISR_EP4EFLAG?PERIPH
  +--> ?PR?ISR_EP6EFLAG?PERIPH
  +--> ?PR?ISR_EP8EFLAG?PERIPH
  +--> ?PR?ISR_EP2FFLAG?PERIPH
  +--> ?PR?ISR_EP4FFLAG?PERIPH
  +--> ?PR?ISR_EP6FFLAG?PERIPH
  +--> ?PR?ISR_EP8FFLAG?PERIPH
  +--> ?PR?ISR_GPIFCOMPLETE?PERIPH
  +--> ?PR?ISR_GPIFWAVEFORM?PERIPH
BL51 BANKED LINKER/LOCATER V5.03                                                      06/13/2012  13:36:49  PAGE 8



*** NEW ROOT ***************************************************

?C_C51STARTUP                             -----    -----      -----    -----
  +--> ?PR?MAIN?FW

?PR?MAIN?FW                               -----    -----      0008H    0010H
  +--> ?PR?TD_INIT?PERIPH
  +--> ?PR?EZUSB_DISCON?DISCON
  +--> ?PR?TD_POLL?PERIPH
  +--> ?PR?SETUPCOMMAND?FW
  +--> ?PR?TD_SUSPEND?PERIPH
  +--> ?PR?EZUSB_RESUME?RESUME
  +--> ?PR?TD_RESUME?PERIPH

?PR?TD_INIT?PERIPH                        -----    -----      -----    -----
  +--> ?PR?EZUSB_INITI2C?I2C

?PR?EZUSB_DISCON?DISCON                   0020H.4  0000H.1    -----    -----
  +--> ?PR?_EZUSB_DELAY?DELAY

?PR?_EZUSB_DELAY?DELAY                    -----    -----      0018H    0002H

?PR?TD_POLL?PERIPH                        -----    -----      -----    -----
  +--> ?PR?_EZUSB_READI2C?I2C_RW
  +--> ?PR?_EZUSB_WRITEI2C?I2C_RW
  +--> ?PR?_EZUSB_WAITFOREEPROMWRITE?I2C

?PR?_EZUSB_READI2C?I2C_RW                 -----    -----      -----    -----
  +--> ?PR?_EZUSB_READI2C_?I2C

?PR?_EZUSB_WRITEI2C?I2C_RW                -----    -----      -----    -----
  +--> ?PR?_EZUSB_WRITEI2C_?I2C

?PR?SETUPCOMMAND?FW                       -----    -----      -----    -----
  +--> ?PR?DR_GETDESCRIPTOR?PERIPH
  +--> ?PR?HIGHSPEEDCAPABLE?FW
  +--> ?PR?_EZUSB_GETSTRINGDSCR?GET_STRD
  +--> ?PR?DR_GETINTERFACE?PERIPH
  +--> ?PR?DR_SETINTERFACE?PERIPH
  +--> ?PR?DR_SETCONFIGURATION?PERIPH
  +--> ?PR?DR_GETCONFIGURATION?PERIPH
  +--> ?PR?DR_GETSTATUS?PERIPH
  +--> ?CO?FW
  +--> ?PR?DR_CLEARFEATURE?PERIPH
  +--> ?PR?DR_SETFEATURE?PERIPH
  +--> ?PR?DR_VENDORCMND?PERIPH

?PR?EZUSB_RESUME?RESUME                   -----    -----      -----    -----
  +--> ?PR?_EZUSB_DELAY?DELAY



SYMBOL TABLE OF MODULE:  hid_kb (FW)

  VALUE           TYPE          NAME
  ----------------------------------
BL51 BANKED LINKER/LOCATER V5.03                                                      06/13/2012  13:36:49  PAGE 9



  -------         MODULE        FW
  C:0000H         SYMBOL        _ICE_DUMMY_
  B:00A8H.7       PUBLIC        EA
  B:0020H.0       PUBLIC        Rwuen
  B:0020H.1       PUBLIC        GotSUD
  C:0B34H         PUBLIC        EPCS_Offset_Lookup_Table
  C:0B29H         PUBLIC        HighSpeedCapable
  C:02B7H         PUBLIC        main
  B:00E8H.0       PUBLIC        EUSB
  C:0B56H         PUBLIC        resume_isr
  D:0021H         PUBLIC        pHighSpeedConfigDscr
  D:0023H         PUBLIC        pDeviceDscr
  C:0080H         PUBLIC        SetupCommand
  D:0025H         PUBLIC        pConfigDscr
  D:0027H         PUBLIC        pOtherConfigDscr
  D:0029H         PUBLIC        pFullSpeedConfigDscr
  B:0020H.2       PUBLIC        Selfpwr
  D:002BH         PUBLIC        pDeviceQualDscr
  D:00D8H         PUBLIC        EICON
  D:008EH         PUBLIC        CKCON
  D:002DH         PUBLIC        pStringDscr
  B:0020H.3       PUBLIC        Sleep
  -------         PROC          MAIN
  -------         DO            
  D:0008H         SYMBOL        i
  D:0006H         SYMBOL        offset
  D:000CH         SYMBOL        DevDescrLen
  D:0010H         SYMBOL        j
  D:0014H         SYMBOL        IntDescrAddr
  D:0016H         SYMBOL        ExtDescrAddr
  -------         ENDDO         
  C:02B7H         LINE#         88
  C:02B7H         LINE#         89
  C:02B7H         LINE#         93
  C:02C0H         LINE#         98
  C:02C2H         LINE#         99
  C:02C4H         LINE#         100
  C:02C6H         LINE#         101
  C:02C8H         LINE#         104
  C:02CBH         LINE#         113
  C:02D3H         LINE#         114
  C:02D9H         LINE#         115
  C:02DFH         LINE#         116
  C:02E5H         LINE#         117
  C:02EBH         LINE#         124
  C:02F3H         LINE#         125
  C:02F3H         LINE#         127
  C:02F9H         LINE#         128
  C:02FDH         LINE#         129
  C:0315H         LINE#         130
  C:0333H         LINE#         131
  C:0366H         LINE#         134
  C:036CH         LINE#         135
  C:0376H         LINE#         136
  C:0381H         LINE#         137
  C:038CH         LINE#         138
BL51 BANKED LINKER/LOCATER V5.03                                                      06/13/2012  13:36:49  PAGE 10


  C:0397H         LINE#         139
  C:03A2H         LINE#         140
  C:03ADH         LINE#         141
  C:03B8H         LINE#         142
  C:03B8H         LINE#         144
  C:03BAH         LINE#         145
  C:03BDH         LINE#         147
  C:03C4H         LINE#         149
  C:03CBH         LINE#         150
  C:03CDH         LINE#         156
  C:03D4H         LINE#         157
  C:03D4H         LINE#         158
  C:03D9H         LINE#         159
  C:03D9H         LINE#         165
  C:03E0H         LINE#         167
  C:03E3H         LINE#         170
  C:03E5H         LINE#         173
  C:03E5H         LINE#         174
  C:03E5H         LINE#         176
  C:03E8H         LINE#         179
  C:03EBH         LINE#         180
  C:03EBH         LINE#         181
  C:03EEH         LINE#         182
  C:03F0H         LINE#         183
  C:03F0H         LINE#         190
  C:03F3H         LINE#         191
  C:03F3H         LINE#         192
  C:03F8H         LINE#         193
  C:03F8H         LINE#         194
  C:03FAH         LINE#         196
  C:03FAH         LINE#         197
  C:03FDH         LINE#         198
  C:03FDH         LINE#         199
  C:0416H         LINE#         204
  C:0419H         LINE#         205
  C:041CH         LINE#         206
  C:041CH         LINE#         207
  C:041CH         LINE#         209
  -------         ENDPROC       MAIN
  -------         PROC          HIGHSPEEDCAPABLE
  C:0B29H         LINE#         212
  C:0B29H         LINE#         213
  C:0B29H         LINE#         218
  C:0B30H         LINE#         219
  C:0B32H         LINE#         221
  C:0B33H         LINE#         222
  -------         ENDPROC       HIGHSPEEDCAPABLE
  -------         PROC          SETUPCOMMAND
  -------         DO            
  D:0001H         SYMBOL        dscr_ptr
  -------         ENDDO         
  C:0080H         LINE#         225
  C:0080H         LINE#         226
  C:0080H         LINE#         229
  C:00B6H         LINE#         230
  C:00B6H         LINE#         231
  C:00B6H         LINE#         232
BL51 BANKED LINKER/LOCATER V5.03                                                      06/13/2012  13:36:49  PAGE 11


  C:00BEH         LINE#         233
  C:00D4H         LINE#         234
  C:00D4H         LINE#         235
  C:00D4H         LINE#         236
  C:00DAH         LINE#         237
  C:00DCH         LINE#         238
  C:00DEH         LINE#         239
  C:00DEH         LINE#         242
  C:00E3H         LINE#         243
  C:00E3H         LINE#         244
  C:00E9H         LINE#         245
  C:00EBH         LINE#         246
  C:00EDH         LINE#         252
  C:00EDH         LINE#         253
  C:00F3H         LINE#         254
  C:00F5H         LINE#         255
  C:00F7H         LINE#         256
  C:00F7H         LINE#         257
  C:00FDH         LINE#         258
  C:00FFH         LINE#         259
  C:0101H         LINE#         260
  C:0101H         LINE#         261
  C:0114H         LINE#         262
  C:0114H         LINE#         263
  C:0119H         LINE#         264
  C:011EH         LINE#         265
  C:0121H         LINE#         267
  C:0121H         LINE#         268
  C:0124H         LINE#         269
  C:0124H         LINE#         270
  C:0124H         LINE#         271
  C:0124H         LINE#         272
  C:0127H         LINE#         273
  C:0127H         LINE#         274
  C:012AH         LINE#         275
  C:012DH         LINE#         276
  C:012DH         LINE#         277
  C:0130H         LINE#         278
  C:0133H         LINE#         279
  C:0133H         LINE#         280
  C:0136H         LINE#         281
  C:0139H         LINE#         282
  C:0139H         LINE#         283
  C:013CH         LINE#         284
  C:013FH         LINE#         285
  C:013FH         LINE#         286
  C:0147H         LINE#         287
  C:0156H         LINE#         288
  C:0156H         LINE#         289
  C:0156H         LINE#         290
  C:0162H         LINE#         291
  C:0162H         LINE#         292
  C:0162H         LINE#         293
  C:0162H         LINE#         294
  C:0164H         LINE#         295
  C:0164H         LINE#         296
  C:0169H         LINE#         297
BL51 BANKED LINKER/LOCATER V5.03                                                      06/13/2012  13:36:49  PAGE 12


  C:0169H         LINE#         298
  C:0169H         LINE#         299
  C:0169H         LINE#         300
  C:016BH         LINE#         301
  C:016BH         LINE#         302
  C:01A9H         LINE#         303
  C:01ACH         LINE#         304
  C:01B0H         LINE#         305
  C:01B6H         LINE#         306
  C:01B9H         LINE#         307
  C:01B9H         LINE#         308
  C:01B9H         LINE#         309
  C:01B9H         LINE#         310
  C:01BCH         LINE#         311
  C:01BCH         LINE#         312
  C:01C4H         LINE#         313
  C:01D3H         LINE#         314
  C:01D3H         LINE#         315
  C:01D3H         LINE#         316
  C:01DAH         LINE#         317
  C:01DFH         LINE#         319
  C:01DFH         LINE#         320
  C:01E2H         LINE#         321
  C:01E2H         LINE#         322
  C:01E8H         LINE#         323
  C:01E8H         LINE#         324
  C:0223H         LINE#         325
  C:023BH         LINE#         326
  C:023DH         LINE#         328
  C:023DH         LINE#         329
  C:023FH         LINE#         330
  C:023FH         LINE#         331
  C:023FH         LINE#         332
  C:023FH         LINE#         333
  C:0244H         LINE#         334
  C:0250H         LINE#         335
  C:0250H         LINE#         336
  C:0250H         LINE#         337
  C:0257H         LINE#         338
  C:025BH         LINE#         339
  C:0263H         LINE#         345
  C:0263H         LINE#         347
  C:0263H         LINE#         348
  C:0265H         LINE#         349
  C:0265H         LINE#         350
  C:029CH         LINE#         351
  C:029EH         LINE#         352
  C:029EH         LINE#         353
  C:02A1H         LINE#         354
  C:02A1H         LINE#         355
  C:02A3H         LINE#         356
  C:02A3H         LINE#         357
  C:02A8H         LINE#         358
  C:02AFH         LINE#         359
  C:02AFH         LINE#         362
  C:02B6H         LINE#         363
  -------         ENDPROC       SETUPCOMMAND
BL51 BANKED LINKER/LOCATER V5.03                                                      06/13/2012  13:36:49  PAGE 13


  -------         PROC          RESUME_ISR
  C:0B56H         LINE#         366
  C:0B56H         LINE#         368
  C:0B59H         LINE#         369
  -------         ENDPROC       RESUME_ISR
  -------         ENDMOD        FW

  -------         MODULE        PERIPH
  C:0000H         SYMBOL        _ICE_DUMMY_
  C:0B73H         PUBLIC        ISR_Errorlimit
  D:002FH         PUBLIC        pReportDscr
  C:0B3EH         PUBLIC        DR_SetConfiguration
  D:0031H         PUBLIC        AlternateSetting
  C:0B64H         PUBLIC        ISR_Ep0in
  C:0B66H         PUBLIC        ISR_Ep1in
  C:0A26H         PUBLIC        TD_Init
  C:0B65H         PUBLIC        ISR_Ep0out
  C:0B67H         PUBLIC        ISR_Ep1out
  C:0526H         PUBLIC        TD_Poll
  X:1000H         PUBLIC        buttons
  C:0B84H         PUBLIC        ISR_GpifComplete
  D:0032H         PUBLIC        pReportDscrEnd
  C:0B5CH         PUBLIC        DR_GetStatus
  C:0B6DH         PUBLIC        ISR_Ep0pingnak
  C:0B6EH         PUBLIC        ISR_Ep1pingnak
  C:0B85H         PUBLIC        ISR_GpifWaveform
  C:0B74H         PUBLIC        ISR_Ep2piderror
  C:0B6FH         PUBLIC        ISR_Ep2pingnak
  C:0B75H         PUBLIC        ISR_Ep4piderror
  C:0B70H         PUBLIC        ISR_Ep4pingnak
  C:0B76H         PUBLIC        ISR_Ep6piderror
  C:0B71H         PUBLIC        ISR_Ep6pingnak
  X:1001H         PUBLIC        leds
  C:0B77H         PUBLIC        ISR_Ep8piderror
  C:0B72H         PUBLIC        ISR_Ep8pingnak
  D:009AH         PUBLIC        AUTOPTRH1
  D:0091H         PUBLIC        EXIF
  C:0B17H         PUBLIC        DR_GetInterface
  D:009BH         PUBLIC        AUTOPTRL1
  C:0B5EH         PUBLIC        DR_ClearFeature
  C:0B7CH         PUBLIC        ISR_Ep2eflag
  C:0B80H         PUBLIC        ISR_Ep2fflag
  C:0B7DH         PUBLIC        ISR_Ep4eflag
  C:0B46H         PUBLIC        DR_SetInterface
  C:0B81H         PUBLIC        ISR_Ep4fflag
  C:0B7EH         PUBLIC        ISR_Ep6eflag
  C:0B82H         PUBLIC        ISR_Ep6fflag
  C:0818H         PUBLIC        DR_GetDescriptor
  C:0B7FH         PUBLIC        ISR_Ep8eflag
  C:0B83H         PUBLIC        ISR_Ep8fflag
  C:0B78H         PUBLIC        ISR_Ep2pflag
  C:0B79H         PUBLIC        ISR_Ep4pflag
  C:0B7AH         PUBLIC        ISR_Ep6pflag
  C:0B7BH         PUBLIC        ISR_Ep8pflag
  C:0AA9H         PUBLIC        ISR_Sudav
  X:1002H         PUBLIC        oldbuttons
  D:0034H         PUBLIC        pHIDDscr
BL51 BANKED LINKER/LOCATER V5.03                                                      06/13/2012  13:36:49  PAGE 14


  C:05FDH         PUBLIC        TD_Suspend
  D:0036H         PUBLIC        Configuration
  C:05FFH         PUBLIC        ISR_Ep0ack
  C:08BBH         PUBLIC        ISR_Highspeed
  C:0AD9H         PUBLIC        ISR_Sutok
  C:0B6CH         PUBLIC        ISR_Ibn
  C:0B68H         PUBLIC        ISR_Ep2inout
  C:0B69H         PUBLIC        ISR_Ep4inout
  C:0B62H         PUBLIC        DR_VendorCmnd
  C:0B5AH         PUBLIC        TD_Resume
  C:0B6AH         PUBLIC        ISR_Ep6inout
  C:06FFH         PUBLIC        ISR_Stub
  C:0B6BH         PUBLIC        ISR_Ep8inout
  C:0930H         PUBLIC        ISR_Ures
  C:0B60H         PUBLIC        DR_SetFeature
  C:0AEFH         PUBLIC        ISR_Sof
  C:0B05H         PUBLIC        DR_GetConfiguration
  C:0AC1H         PUBLIC        ISR_Susp
  -------         PROC          TD_INIT
  C:0A26H         LINE#         67
  C:0A26H         LINE#         68
  C:0A26H         LINE#         69
  C:0A2CH         LINE#         70
  C:0A2EH         LINE#         72
  C:0A34H         LINE#         73
  C:0A38H         LINE#         75
  C:0A49H         LINE#         77
  -------         ENDPROC       TD_INIT
  -------         PROC          TD_POLL
  C:0526H         LINE#         82
  C:0526H         LINE#         83
  C:0526H         LINE#         84
  C:052DH         LINE#         85
  C:052DH         LINE#         86
  C:0538H         LINE#         87
  C:053FH         LINE#         88
  C:0549H         LINE#         89
  C:0549H         LINE#         90
  C:054DH         LINE#         91
  C:0554H         LINE#         93
  C:055AH         LINE#         95
  C:0562H         LINE#         96
  C:0569H         LINE#         98
  C:056FH         LINE#         100
  C:0573H         LINE#         101
  C:057AH         LINE#         103
  C:0580H         LINE#         105
  C:0584H         LINE#         106
  C:058BH         LINE#         108
  C:0591H         LINE#         110
  C:0596H         LINE#         111
  C:059CH         LINE#         112
  C:059CH         LINE#         113
  C:05A4H         LINE#         114
  C:05A4H         LINE#         116
  C:05ABH         LINE#         117
  C:05ABH         LINE#         118
BL51 BANKED LINKER/LOCATER V5.03                                                      06/13/2012  13:36:49  PAGE 15


  C:05B1H         LINE#         120
  C:05B8H         LINE#         121
  C:05BFH         LINE#         122
  C:05C6H         LINE#         123
  C:05CDH         LINE#         124
  C:05D4H         LINE#         125
  C:05DBH         LINE#         127
  C:05E6H         LINE#         128
  C:05EBH         LINE#         130
  C:05F0H         LINE#         131
  C:05F0H         LINE#         132
  -------         ENDPROC       TD_POLL
  -------         PROC          TD_SUSPEND
  C:05FDH         LINE#         135
  C:05FDH         LINE#         136
  C:05FDH         LINE#         137
  C:05FEH         LINE#         138
  -------         ENDPROC       TD_SUSPEND
  -------         PROC          TD_RESUME
  C:0B5AH         LINE#         140
  C:0B5AH         LINE#         141
  C:0B5AH         LINE#         142
  C:0B5BH         LINE#         143
  -------         ENDPROC       TD_RESUME
  -------         PROC          DR_GETDESCRIPTOR
  -------         DO            
  D:0004H         SYMBOL        length
  D:0007H         SYMBOL        i
  -------         ENDDO         
  C:0818H         LINE#         150
  C:0818H         LINE#         151
  C:0818H         LINE#         154
  C:081EH         LINE#         155
  C:0824H         LINE#         156
  C:082AH         LINE#         158
  C:0835H         LINE#         159
  C:0835H         LINE#         160
  C:0835H         LINE#         161
  C:083BH         LINE#         162
  C:0841H         LINE#         163
  C:0843H         LINE#         164
  C:0843H         LINE#         165
  C:084AH         LINE#         167
  C:084EH         LINE#         168
  C:0851H         LINE#         170
  C:0858H         LINE#         171
  C:086CH         LINE#         173
  C:0871H         LINE#         174
  C:0873H         LINE#         175
  C:0873H         LINE#         176
  C:0874H         LINE#         177
  C:0874H         LINE#         178
  -------         ENDPROC       DR_GETDESCRIPTOR
  -------         PROC          DR_SETCONFIGURATION
  C:0B3EH         LINE#         180
  C:0B3EH         LINE#         181
  C:0B3EH         LINE#         182
BL51 BANKED LINKER/LOCATER V5.03                                                      06/13/2012  13:36:49  PAGE 16


  C:0B44H         LINE#         183
  C:0B45H         LINE#         184
  -------         ENDPROC       DR_SETCONFIGURATION
  -------         PROC          DR_GETCONFIGURATION
  C:0B05H         LINE#         186
  C:0B05H         LINE#         187
  C:0B05H         LINE#         188
  C:0B0BH         LINE#         189
  C:0B10H         LINE#         190
  C:0B15H         LINE#         191
  C:0B16H         LINE#         192
  -------         ENDPROC       DR_GETCONFIGURATION
  -------         PROC          DR_SETINTERFACE
  C:0B46H         LINE#         194
  C:0B46H         LINE#         195
  C:0B46H         LINE#         196
  C:0B4CH         LINE#         197
  C:0B4DH         LINE#         198
  -------         ENDPROC       DR_SETINTERFACE
  -------         PROC          DR_GETINTERFACE
  C:0B17H         LINE#         200
  C:0B17H         LINE#         201
  C:0B17H         LINE#         202
  C:0B1DH         LINE#         203
  C:0B22H         LINE#         204
  C:0B27H         LINE#         205
  C:0B28H         LINE#         206
  -------         ENDPROC       DR_GETINTERFACE
  -------         PROC          DR_GETSTATUS
  C:0B5CH         LINE#         208
  C:0B5CH         LINE#         209
  C:0B5CH         LINE#         210
  C:0B5DH         LINE#         211
  -------         ENDPROC       DR_GETSTATUS
  -------         PROC          DR_CLEARFEATURE
  C:0B5EH         LINE#         213
  C:0B5EH         LINE#         214
  C:0B5EH         LINE#         215
  C:0B5FH         LINE#         216
  -------         ENDPROC       DR_CLEARFEATURE
  -------         PROC          DR_SETFEATURE
  C:0B60H         LINE#         218
  C:0B60H         LINE#         219
  C:0B60H         LINE#         220
  C:0B61H         LINE#         221
  -------         ENDPROC       DR_SETFEATURE
  -------         PROC          DR_VENDORCMND
  C:0B62H         LINE#         223
  C:0B62H         LINE#         224
  C:0B62H         LINE#         225
  C:0B63H         LINE#         226
  -------         ENDPROC       DR_VENDORCMND
  -------         PROC          ISR_SUDAV
  C:0AA9H         LINE#         234
  C:0AAFH         LINE#         236
  C:0AB1H         LINE#         237
  C:0AB4H         LINE#         238
BL51 BANKED LINKER/LOCATER V5.03                                                      06/13/2012  13:36:49  PAGE 17


  C:0ABAH         LINE#         239
  -------         ENDPROC       ISR_SUDAV
  -------         PROC          ISR_SUTOK
  C:0AD9H         LINE#         242
  C:0ADFH         LINE#         244
  C:0AE2H         LINE#         245
  C:0AE8H         LINE#         246
  -------         ENDPROC       ISR_SUTOK
  -------         PROC          ISR_SOF
  C:0AEFH         LINE#         248
  C:0AF5H         LINE#         250
  C:0AF8H         LINE#         251
  C:0AFEH         LINE#         252
  -------         ENDPROC       ISR_SOF
  -------         PROC          ISR_URES
  C:0930H         LINE#         254
  C:0936H         LINE#         257
  C:093CH         LINE#         258
  C:0946H         LINE#         259
  C:094CH         LINE#         260
  C:0956H         LINE#         262
  C:0959H         LINE#         263
  C:095FH         LINE#         264
  -------         ENDPROC       ISR_URES
  -------         PROC          ISR_SUSP
  C:0AC1H         LINE#         266
  C:0AC7H         LINE#         268
  C:0AC9H         LINE#         269
  C:0ACCH         LINE#         270
  C:0AD2H         LINE#         271
  -------         ENDPROC       ISR_SUSP
  -------         PROC          ISR_HIGHSPEED
  C:08BBH         LINE#         273
  C:08C1H         LINE#         275
  C:08C8H         LINE#         276
  C:08C8H         LINE#         277
  C:08CEH         LINE#         278
  C:08D8H         LINE#         279
  C:08DEH         LINE#         280
  C:08E8H         LINE#         281
  C:08E8H         LINE#         283
  C:08EBH         LINE#         284
  C:08F1H         LINE#         285
  -------         ENDPROC       ISR_HIGHSPEED
  -------         PROC          ISR_EP0ACK
  C:05FFH         LINE#         286
  C:05FFH         LINE#         288
  -------         ENDPROC       ISR_EP0ACK
  -------         PROC          ISR_STUB
  C:06FFH         LINE#         289
  C:06FFH         LINE#         291
  -------         ENDPROC       ISR_STUB
  -------         PROC          ISR_EP0IN
  C:0B64H         LINE#         292
  C:0B64H         LINE#         294
  -------         ENDPROC       ISR_EP0IN
  -------         PROC          ISR_EP0OUT
BL51 BANKED LINKER/LOCATER V5.03                                                      06/13/2012  13:36:49  PAGE 18


  C:0B65H         LINE#         295
  C:0B65H         LINE#         297
  -------         ENDPROC       ISR_EP0OUT
  -------         PROC          ISR_EP1IN
  C:0B66H         LINE#         298
  C:0B66H         LINE#         300
  -------         ENDPROC       ISR_EP1IN
  -------         PROC          ISR_EP1OUT
  C:0B67H         LINE#         301
  C:0B67H         LINE#         303
  -------         ENDPROC       ISR_EP1OUT
  -------         PROC          ISR_EP2INOUT
  C:0B68H         LINE#         304
  C:0B68H         LINE#         306
  -------         ENDPROC       ISR_EP2INOUT
  -------         PROC          ISR_EP4INOUT
  C:0B69H         LINE#         307
  C:0B69H         LINE#         309
  -------         ENDPROC       ISR_EP4INOUT
  -------         PROC          ISR_EP6INOUT
  C:0B6AH         LINE#         310
  C:0B6AH         LINE#         312
  -------         ENDPROC       ISR_EP6INOUT
  -------         PROC          ISR_EP8INOUT
  C:0B6BH         LINE#         313
  C:0B6BH         LINE#         315
  -------         ENDPROC       ISR_EP8INOUT
  -------         PROC          ISR_IBN
  C:0B6CH         LINE#         316
  C:0B6CH         LINE#         318
  -------         ENDPROC       ISR_IBN
  -------         PROC          ISR_EP0PINGNAK
  C:0B6DH         LINE#         319
  C:0B6DH         LINE#         321
  -------         ENDPROC       ISR_EP0PINGNAK
  -------         PROC          ISR_EP1PINGNAK
  C:0B6EH         LINE#         322
  C:0B6EH         LINE#         324
  -------         ENDPROC       ISR_EP1PINGNAK
  -------         PROC          ISR_EP2PINGNAK
  C:0B6FH         LINE#         325
  C:0B6FH         LINE#         327
  -------         ENDPROC       ISR_EP2PINGNAK
  -------         PROC          ISR_EP4PINGNAK
  C:0B70H         LINE#         328
  C:0B70H         LINE#         330
  -------         ENDPROC       ISR_EP4PINGNAK
  -------         PROC          ISR_EP6PINGNAK
  C:0B71H         LINE#         331
  C:0B71H         LINE#         333
  -------         ENDPROC       ISR_EP6PINGNAK
  -------         PROC          ISR_EP8PINGNAK
  C:0B72H         LINE#         334
  C:0B72H         LINE#         336
  -------         ENDPROC       ISR_EP8PINGNAK
  -------         PROC          ISR_ERRORLIMIT
  C:0B73H         LINE#         337
BL51 BANKED LINKER/LOCATER V5.03                                                      06/13/2012  13:36:49  PAGE 19


  C:0B73H         LINE#         339
  -------         ENDPROC       ISR_ERRORLIMIT
  -------         PROC          ISR_EP2PIDERROR
  C:0B74H         LINE#         340
  C:0B74H         LINE#         342
  -------         ENDPROC       ISR_EP2PIDERROR
  -------         PROC          ISR_EP4PIDERROR
  C:0B75H         LINE#         343
  C:0B75H         LINE#         345
  -------         ENDPROC       ISR_EP4PIDERROR
  -------         PROC          ISR_EP6PIDERROR
  C:0B76H         LINE#         346
  C:0B76H         LINE#         348
  -------         ENDPROC       ISR_EP6PIDERROR
  -------         PROC          ISR_EP8PIDERROR
  C:0B77H         LINE#         349
  C:0B77H         LINE#         351
  -------         ENDPROC       ISR_EP8PIDERROR
  -------         PROC          ISR_EP2PFLAG
  C:0B78H         LINE#         352
  C:0B78H         LINE#         354
  -------         ENDPROC       ISR_EP2PFLAG
  -------         PROC          ISR_EP4PFLAG
  C:0B79H         LINE#         355
  C:0B79H         LINE#         357
  -------         ENDPROC       ISR_EP4PFLAG
  -------         PROC          ISR_EP6PFLAG
  C:0B7AH         LINE#         358
  C:0B7AH         LINE#         360
  -------         ENDPROC       ISR_EP6PFLAG
  -------         PROC          ISR_EP8PFLAG
  C:0B7BH         LINE#         361
  C:0B7BH         LINE#         363
  -------         ENDPROC       ISR_EP8PFLAG
  -------         PROC          ISR_EP2EFLAG
  C:0B7CH         LINE#         364
  C:0B7CH         LINE#         366
  -------         ENDPROC       ISR_EP2EFLAG
  -------         PROC          ISR_EP4EFLAG
  C:0B7DH         LINE#         367
  C:0B7DH         LINE#         369
  -------         ENDPROC       ISR_EP4EFLAG
  -------         PROC          ISR_EP6EFLAG
  C:0B7EH         LINE#         370
  C:0B7EH         LINE#         372
  -------         ENDPROC       ISR_EP6EFLAG
  -------         PROC          ISR_EP8EFLAG
  C:0B7FH         LINE#         373
  C:0B7FH         LINE#         375
  -------         ENDPROC       ISR_EP8EFLAG
  -------         PROC          ISR_EP2FFLAG
  C:0B80H         LINE#         376
  C:0B80H         LINE#         378
  -------         ENDPROC       ISR_EP2FFLAG
  -------         PROC          ISR_EP4FFLAG
  C:0B81H         LINE#         379
  C:0B81H         LINE#         381
BL51 BANKED LINKER/LOCATER V5.03                                                      06/13/2012  13:36:49  PAGE 20


  -------         ENDPROC       ISR_EP4FFLAG
  -------         PROC          ISR_EP6FFLAG
  C:0B82H         LINE#         382
  C:0B82H         LINE#         384
  -------         ENDPROC       ISR_EP6FFLAG
  -------         PROC          ISR_EP8FFLAG
  C:0B83H         LINE#         385
  C:0B83H         LINE#         387
  -------         ENDPROC       ISR_EP8FFLAG
  -------         PROC          ISR_GPIFCOMPLETE
  C:0B84H         LINE#         388
  C:0B84H         LINE#         390
  -------         ENDPROC       ISR_GPIFCOMPLETE
  -------         PROC          ISR_GPIFWAVEFORM
  C:0B85H         LINE#         391
  C:0B85H         LINE#         393
  -------         ENDPROC       ISR_GPIFWAVEFORM
  -------         ENDMOD        PERIPH

  -------         MODULE        DSCR
  C:0600H         SEGMENT       DSCR
  C:0600H         PUBLIC        DEVICEDSCR
  C:0612H         PUBLIC        DEVICEQUALDSCR
  C:0646H         PUBLIC        FULLSPEEDCONFIGDSCR
  C:062EH         PUBLIC        HIDDSCR
  C:0692H         PUBLIC        HIDREPORTDSCR
  C:06D1H         PUBLIC        HIDREPORTDSCREND
  C:061CH         PUBLIC        HIGHSPEEDCONFIGDSCR
  C:0670H         PUBLIC        STRINGDSCR
  C:06D1H         PUBLIC        USERDSCR
  N:0002H         SYMBOL        DSCR_CONFIG
  N:0009H         SYMBOL        DSCR_CONFIG_LEN
  N:0001H         SYMBOL        DSCR_DEVICE
  N:0012H         SYMBOL        DSCR_DEVICE_LEN
  N:0006H         SYMBOL        DSCR_DEVQUAL
  N:000AH         SYMBOL        DSCR_DEVQUAL_LEN
  N:0005H         SYMBOL        DSCR_ENDPNT
  N:0007H         SYMBOL        DSCR_ENDPNT_LEN
  N:0004H         SYMBOL        DSCR_INTRFC
  N:0009H         SYMBOL        DSCR_INTRFC_LEN
  N:0003H         SYMBOL        DSCR_STRING
  N:0002H         SYMBOL        ET_BULK
  N:0000H         SYMBOL        ET_CONTROL
  N:0003H         SYMBOL        ET_INT
  N:0001H         SYMBOL        ET_ISO
  C:066FH         SYMBOL        FULLSPEEDCONFIGDSCREND
  C:0637H         SYMBOL        HIDDSCREND
  C:0645H         SYMBOL        HIGHSPEEDCONFIGDSCREND
  C:0670H         SYMBOL        STRINGDSCR0
  C:0674H         SYMBOL        STRINGDSCR0END
  C:0674H         SYMBOL        STRINGDSCR1
  C:0684H         SYMBOL        STRINGDSCR1END
  C:0684H         SYMBOL        STRINGDSCR2
  C:0692H         SYMBOL        STRINGDSCR2END
  -------         ENDMOD        DSCR

  -------         MODULE        USBJMPTBL
BL51 BANKED LINKER/LOCATER V5.03                                                      06/13/2012  13:36:49  PAGE 21


  C:0700H         SEGMENT       ?PR?USB_JUMP_TABLE?USBJT
  N:0045H         PUBLIC        USB_INT2AUTOVECTOR
  N:0055H         PUBLIC        USB_INT4AUTOVECTOR
  C:0700H         PUBLIC        USB_JUMP_TABLE
  N:0000H         SYMBOL        USBJMPTBL
  C:0043H         LINE#         49
  C:0053H         LINE#         53
  C:0700H         LINE#         61
  C:0704H         LINE#         63
  C:0708H         LINE#         65
  C:070CH         LINE#         67
  C:0710H         LINE#         69
  C:0714H         LINE#         71
  C:0718H         LINE#         73
  C:071CH         LINE#         75
  C:0720H         LINE#         77
  C:0724H         LINE#         79
  C:0728H         LINE#         81
  C:072CH         LINE#         83
  C:0730H         LINE#         85
  C:0734H         LINE#         87
  C:0738H         LINE#         89
  C:073CH         LINE#         91
  C:0740H         LINE#         93
  C:0744H         LINE#         95
  C:0748H         LINE#         97
  C:074CH         LINE#         99
  C:0750H         LINE#         101
  C:0754H         LINE#         103
  C:0758H         LINE#         105
  C:075CH         LINE#         107
  C:0760H         LINE#         109
  C:0764H         LINE#         111
  C:0768H         LINE#         113
  C:076CH         LINE#         115
  C:0770H         LINE#         117
  C:0774H         LINE#         119
  C:0778H         LINE#         121
  C:077CH         LINE#         123
  C:0780H         LINE#         126
  C:0784H         LINE#         128
  C:0788H         LINE#         130
  C:078CH         LINE#         132
  C:0790H         LINE#         134
  C:0794H         LINE#         136
  C:0798H         LINE#         138
  C:079CH         LINE#         140
  C:07A0H         LINE#         142
  C:07A4H         LINE#         144
  C:07A8H         LINE#         146
  C:07ACH         LINE#         148
  C:07B0H         LINE#         150
  C:07B4H         LINE#         152
  -------         ENDMOD        USBJMPTBL

  -------         MODULE        RESUME
  C:0000H         SYMBOL        _ICE_DUMMY_
BL51 BANKED LINKER/LOCATER V5.03                                                      06/13/2012  13:36:49  PAGE 22


  C:06D3H         PUBLIC        EZUSB_Resume
  -------         PROC          EZUSB_RESUME
  C:06D3H         LINE#         38
  C:06D3H         LINE#         39
  C:06D3H         LINE#         40
  C:06E9H         LINE#         42
  C:06E9H         LINE#         43
  C:06F0H         LINE#         44
  C:06F7H         LINE#         45
  C:06FEH         LINE#         46
  C:06FEH         LINE#         47
  -------         ENDPROC       EZUSB_RESUME
  -------         ENDMOD        RESUME

  -------         MODULE        DISCON
  C:0000H         SYMBOL        _ICE_DUMMY_
  D:0091H         PUBLIC        EXIF
  C:09CCH         PUBLIC        EZUSB_Discon
  -------         PROC          EZUSB_DISCON
  B:0020H.4       SYMBOL        renum
  C:09CCH         LINE#         39
  C:09CCH         LINE#         40
  C:09CCH         LINE#         42
  C:09CFH         LINE#         43
  C:09D8H         LINE#         45
  C:09DFH         LINE#         47
  C:09E6H         LINE#         49
  C:09ECH         LINE#         50
  C:09F0H         LINE#         51
  C:09F3H         LINE#         53
  C:09FAH         LINE#         54
  -------         ENDPROC       EZUSB_DISCON
  -------         ENDMOD        DISCON

  -------         MODULE        EZREGS
  C:0000H         SYMBOL        _ICE_DUMMY_
  X:E652H         PUBLIC        EP4FIFOIE
  X:E668H         PUBLIC        INTSETUP
  X:E600H         PUBLIC        CPUCS
  X:E654H         PUBLIC        EP6FIFOIE
  X:E680H         PUBLIC        USBCS
  X:E65FH         PUBLIC        EPIRQ
  X:E656H         PUBLIC        EP8FIFOIE
  X:E6F2H         PUBLIC        XGPIFSGLDATLNOX
  X:E6C0H         PUBLIC        GPIFWFSELECT
  X:E6F0H         PUBLIC        XGPIFSGLDATH
  X:E605H         PUBLIC        BREAKPT
  X:E609H         PUBLIC        FIFOPINPOLAR
  X:E640H         PUBLIC        EP2ISOINPKTS
  X:E678H         PUBLIC        I2CS
  X:E610H         PUBLIC        EP1OUTCFG
  X:E6F9H         PUBLIC        TESTCFG
  X:E641H         PUBLIC        EP4ISOINPKTS
  X:E68AH         PUBLIC        EP0BCH
  X:E661H         PUBLIC        GPIFIRQ
  X:E642H         PUBLIC        EP6ISOINPKTS
  X:E690H         PUBLIC        EP2BCH
BL51 BANKED LINKER/LOCATER V5.03                                                      06/13/2012  13:36:49  PAGE 23


  X:E643H         PUBLIC        EP8ISOINPKTS
  X:E694H         PUBLIC        EP4BCH
  X:E68BH         PUBLIC        EP0BCL
  X:E612H         PUBLIC        EP2CFG
  X:E698H         PUBLIC        EP6BCH
  X:E691H         PUBLIC        EP2BCL
  X:E613H         PUBLIC        EP4CFG
  X:E6A7H         PUBLIC        EP2FIFOFLGS
  X:E69CH         PUBLIC        EP8BCH
  X:E695H         PUBLIC        EP4BCL
  X:E628H         PUBLIC        ECCCFG
  X:E614H         PUBLIC        EP6CFG
  X:E6A8H         PUBLIC        EP4FIFOFLGS
  X:E699H         PUBLIC        EP6BCL
  X:E780H         PUBLIC        EP1OUTBUF
  X:E67BH         PUBLIC        XAUTODAT1
  X:E615H         PUBLIC        EP8CFG
  X:E6A9H         PUBLIC        EP6FIFOFLGS
  X:E69DH         PUBLIC        EP8BCL
  X:E67CH         PUBLIC        XAUTODAT2
  X:E684H         PUBLIC        USBFRAMEH
  X:E6F5H         PUBLIC        GPIFABORT
  X:E6AAH         PUBLIC        EP8FIFOFLGS
  X:E6F8H         PUBLIC        DBUG
  X:E740H         PUBLIC        EP0BUF
  X:E6CBH         PUBLIC        FLOWSTB
  X:E65EH         PUBLIC        EPIE
  X:E685H         PUBLIC        USBFRAMEL
  X:E681H         PUBLIC        SUSPEND
  X:E60CH         PUBLIC        GPIFHOLDAMOUNT
  X:E6D4H         PUBLIC        EP2GPIFTRIG
  X:E6C7H         PUBLIC        FLOWLOGIC
  X:E6DCH         PUBLIC        EP4GPIFTRIG
  X:E604H         PUBLIC        FIFORESET
  X:E6E4H         PUBLIC        EP6GPIFTRIG
  X:E6C2H         PUBLIC        GPIFIDLECTL
  X:E6FAH         PUBLIC        USBTEST
  X:E6B3H         PUBLIC        SUDPTRH
  X:E6ECH         PUBLIC        EP8GPIFTRIG
  X:E6D2H         PUBLIC        EP2GPIFFLGSEL
  X:E611H         PUBLIC        EP1INCFG
  X:E6B4H         PUBLIC        SUDPTRL
  X:E687H         PUBLIC        FNADDR
  X:E6DAH         PUBLIC        EP4GPIFFLGSEL
  X:E6D1H         PUBLIC        GPIFTCB0
  X:E6CDH         PUBLIC        FLOWSTBHPERIOD
  X:E6D0H         PUBLIC        GPIFTCB1
  X:E665H         PUBLIC        CLRERRCNT
  X:E6E2H         PUBLIC        EP6GPIFFLGSEL
  X:E6CFH         PUBLIC        GPIFTCB2
  X:E664H         PUBLIC        ERRCNTLIM
  X:E6CEH         PUBLIC        GPIFTCB3
  X:E6EAH         PUBLIC        EP8GPIFFLGSEL
  X:E660H         PUBLIC        GPIFIE
  X:E67FH         PUBLIC        UDMACRCQUAL
  X:E400H         PUBLIC        GPIF_WAVE_DATA
  X:E6CCH         PUBLIC        FLOWSTBEDGE
BL51 BANKED LINKER/LOCATER V5.03                                                      06/13/2012  13:36:49  PAGE 24


  X:E6ABH         PUBLIC        EP2FIFOBCH
  X:E7C0H         PUBLIC        EP1INBUF
  X:E6C6H         PUBLIC        FLOWSTATE
  X:E6ADH         PUBLIC        EP4FIFOBCH
  X:E6CAH         PUBLIC        FLOWHOLDOFF
  X:E618H         PUBLIC        EP2FIFOCFG
  X:E6AFH         PUBLIC        EP6FIFOBCH
  X:E6ACH         PUBLIC        EP2FIFOBCL
  X:E619H         PUBLIC        EP4FIFOCFG
  X:E6B1H         PUBLIC        EP8FIFOBCH
  X:E6AEH         PUBLIC        EP4FIFOBCL
  X:E649H         PUBLIC        OUTPKTEND
  X:E663H         PUBLIC        USBERRIRQ
  X:E61AH         PUBLIC        EP6FIFOCFG
  X:E6B0H         PUBLIC        EP6FIFOBCL
  X:E620H         PUBLIC        EP2AUTOINLENH
  X:E61BH         PUBLIC        EP8FIFOCFG
  X:E6B2H         PUBLIC        EP8FIFOBCL
  X:E68DH         PUBLIC        EP1OUTBC
  X:E622H         PUBLIC        EP4AUTOINLENH
  X:E666H         PUBLIC        INT2IVEC
  X:E659H         PUBLIC        IBNIRQ
  X:E6FBH         PUBLIC        CT1
  X:E6C4H         PUBLIC        GPIFADRH
  X:E65BH         PUBLIC        NAKIRQ
  X:E624H         PUBLIC        EP6AUTOINLENH
  X:E621H         PUBLIC        EP2AUTOINLENL
  X:E601H         PUBLIC        IFCONFIG
  X:E6FCH         PUBLIC        CT2
  X:E6B5H         PUBLIC        SUDPTRCTL
  X:E667H         PUBLIC        INT4IVEC
  X:E6FDH         PUBLIC        CT3
  X:E67DH         PUBLIC        UDMACRCH
  X:E626H         PUBLIC        EP8AUTOINLENH
  X:E623H         PUBLIC        EP4AUTOINLENL
  X:E6FEH         PUBLIC        CT4
  X:F000H         PUBLIC        EP2FIFOBUF
  X:E6C5H         PUBLIC        GPIFADRL
  X:E625H         PUBLIC        EP6AUTOINLENL
  X:E630H         PUBLIC        EP2FIFOPFH
  X:F400H         PUBLIC        EP4FIFOBUF
  X:E67EH         PUBLIC        UDMACRCL
  X:E627H         PUBLIC        EP8AUTOINLENL
  X:E6D3H         PUBLIC        EP2GPIFPFSTOP
  X:E683H         PUBLIC        TOGCTL
  X:E632H         PUBLIC        EP4FIFOPFH
  X:F800H         PUBLIC        EP6FIFOBUF
  X:E629H         PUBLIC        ECCRESET
  X:E6DBH         PUBLIC        EP4GPIFPFSTOP
  X:E634H         PUBLIC        EP6FIFOPFH
  X:E631H         PUBLIC        EP2FIFOPFL
  X:FC00H         PUBLIC        EP8FIFOBUF
  X:E60BH         PUBLIC        REVCTL
  X:E6E3H         PUBLIC        EP6GPIFPFSTOP
  X:E636H         PUBLIC        EP8FIFOPFH
  X:E633H         PUBLIC        EP4FIFOPFL
  X:E608H         PUBLIC        UART230
BL51 BANKED LINKER/LOCATER V5.03                                                      06/13/2012  13:36:49  PAGE 25


  X:E480H         PUBLIC        RES_WAVEDATA_END
  X:E6EBH         PUBLIC        EP8GPIFPFSTOP
  X:E679H         PUBLIC        I2DAT
  X:E635H         PUBLIC        EP6FIFOPFL
  X:E6A1H         PUBLIC        EP1OUTCS
  X:E637H         PUBLIC        EP8FIFOPFL
  X:E65DH         PUBLIC        USBIRQ
  X:E670H         PUBLIC        PORTACFG
  X:E671H         PUBLIC        PORTCCFG
  X:E651H         PUBLIC        EP2FIFOIRQ
  X:E602H         PUBLIC        PINFLAGSAB
  X:E6A0H         PUBLIC        EP0CS
  X:E6F4H         PUBLIC        GPIFREADYSTAT
  X:E6C3H         PUBLIC        GPIFCTLCFG
  X:E672H         PUBLIC        PORTECFG
  X:E653H         PUBLIC        EP4FIFOIRQ
  X:E6C1H         PUBLIC        GPIFIDLECS
  X:E6A3H         PUBLIC        EP2CS
  X:E509H         PUBLIC        GPCR2
  X:E67AH         PUBLIC        I2CTL
  X:E655H         PUBLIC        EP6FIFOIRQ
  X:E603H         PUBLIC        PINFLAGSCD
  X:E6A4H         PUBLIC        EP4CS
  X:E648H         PUBLIC        INPKTEND
  X:E657H         PUBLIC        EP8FIFOIRQ
  X:E6A5H         PUBLIC        EP6CS
  X:E6A6H         PUBLIC        EP8CS
  X:E68FH         PUBLIC        EP1INBC
  X:E662H         PUBLIC        USBERRIE
  X:E6C8H         PUBLIC        FLOWEQ0CTL
  X:E6C9H         PUBLIC        FLOWEQ1CTL
  X:E682H         PUBLIC        WAKEUPCS
  X:E6F1H         PUBLIC        XGPIFSGLDATLX
  X:E658H         PUBLIC        IBNIE
  X:E686H         PUBLIC        MICROFRAME
  X:E65AH         PUBLIC        NAKIE
  X:E6B8H         PUBLIC        SETUPDAT
  X:E62AH         PUBLIC        ECC1B0
  X:E62DH         PUBLIC        ECC2B0
  X:E62BH         PUBLIC        ECC1B1
  X:E6F3H         PUBLIC        GPIFREADYCFG
  X:E62EH         PUBLIC        ECC2B1
  X:E62CH         PUBLIC        ECC1B2
  X:E62FH         PUBLIC        ECC2B2
  X:E6A2H         PUBLIC        EP1INCS
  X:E606H         PUBLIC        BPADDRH
  X:E65CH         PUBLIC        USBIE
  X:E60AH         PUBLIC        REVID
  X:E607H         PUBLIC        BPADDRL
  X:E650H         PUBLIC        EP2FIFOIE
  -------         ENDMOD        EZREGS

  -------         MODULE        I2C
  C:0000H         SYMBOL        _ICE_DUMMY_
  B:00E8H.1       PUBLIC        EI2C
  B:00A8H.7       PUBLIC        EA
  D:0091H         PUBLIC        EXIF
BL51 BANKED LINKER/LOCATER V5.03                                                      06/13/2012  13:36:49  PAGE 26


  C:041EH         PUBLIC        i2c_isr
  C:0B4EH         PUBLIC        EZUSB_InitI2C
  D:001AH         PUBLIC        I2CPckt
  C:08F8H         PUBLIC        _EZUSB_WaitForEEPROMWrite
  C:0966H         PUBLIC        _EZUSB_ReadI2C_
  C:099AH         PUBLIC        _EZUSB_WriteI2C_
  -------         PROC          EZUSB_INITI2C
  C:0B4EH         LINE#         40
  C:0B4EH         LINE#         41
  C:0B4EH         LINE#         42
  C:0B51H         LINE#         44
  C:0B53H         LINE#         45
  C:0B55H         LINE#         50
  -------         ENDPROC       EZUSB_INITI2C
  -------         PROC          _EZUSB_WAITFOREEPROMWRITE
  D:0005H         SYMBOL        addr
  C:08F8H         LINE#         52
  C:08FAH         LINE#         53
  C:08FAH         LINE#         56
  C:0901H         LINE#         60
  C:0903H         LINE#         63
  C:0903H         LINE#         64
  C:090AH         LINE#         65
  C:0911H         LINE#         66
  C:0918H         LINE#         67
  C:091FH         LINE#         68
  C:0926H         LINE#         69
  C:092DH         LINE#         72
  C:092FH         LINE#         74
  -------         ENDPROC       _EZUSB_WAITFOREEPROMWRITE
  -------         PROC          _EZUSB_WRITEI2C_
  D:0004H         SYMBOL        addr
  D:0005H         SYMBOL        length
  D:0002H         SYMBOL        dat
  C:099AH         LINE#         75
  C:099CH         LINE#         76
  C:099CH         LINE#         79
  C:09A3H         LINE#         82
  C:09A7H         LINE#         83
  C:09A7H         LINE#         84
  C:09AEH         LINE#         85
  C:09B5H         LINE#         87
  C:09B7H         LINE#         88
  C:09C2H         LINE#         89
  C:09C5H         LINE#         90
  C:09C8H         LINE#         92
  C:09CAH         LINE#         93
  C:09CAH         LINE#         95
  C:09CBH         LINE#         96
  -------         ENDPROC       _EZUSB_WRITEI2C_
  -------         PROC          _EZUSB_READI2C_
  D:0004H         SYMBOL        addr
  D:0005H         SYMBOL        length
  D:0002H         SYMBOL        dat
  C:0966H         LINE#         98
  C:0968H         LINE#         99
  C:0968H         LINE#         102
BL51 BANKED LINKER/LOCATER V5.03                                                      06/13/2012  13:36:49  PAGE 27


  C:096FH         LINE#         105
  C:0973H         LINE#         106
  C:0973H         LINE#         107
  C:097AH         LINE#         108
  C:0983H         LINE#         110
  C:0985H         LINE#         111
  C:0990H         LINE#         112
  C:0993H         LINE#         113
  C:0996H         LINE#         115
  C:0998H         LINE#         116
  C:0998H         LINE#         118
  C:0999H         LINE#         119
  -------         ENDPROC       _EZUSB_READI2C_
  -------         PROC          I2C_ISR
  C:041EH         LINE#         121
  C:043EH         LINE#         123
  C:0445H         LINE#         124
  C:044BH         LINE#         125
  C:0458H         LINE#         126
  C:045EH         LINE#         128
  C:047CH         LINE#         129
  C:047CH         LINE#         130
  C:047CH         LINE#         131
  C:0492H         LINE#         132
  C:0498H         LINE#         133
  C:049BH         LINE#         134
  C:049DH         LINE#         135
  C:049DH         LINE#         136
  C:04B1H         LINE#         137
  C:04B4H         LINE#         138
  C:04BAH         LINE#         139
  C:04C1H         LINE#         140
  C:04C3H         LINE#         141
  C:04C3H         LINE#         142
  C:04CAH         LINE#         143
  C:04D1H         LINE#         144
  C:04D7H         LINE#         145
  C:04D7H         LINE#         146
  C:04DEH         LINE#         147
  C:04E1H         LINE#         148
  C:04E1H         LINE#         149
  C:04F5H         LINE#         150
  C:04F7H         LINE#         151
  C:04F9H         LINE#         152
  C:04F9H         LINE#         153
  C:0500H         LINE#         157
  C:0503H         LINE#         159
  C:0505H         LINE#         160
  C:0505H         LINE#         161
  C:0508H         LINE#         162
  C:0508H         LINE#         163
  C:0508H         LINE#         164
  C:050BH         LINE#         165
  -------         ENDPROC       I2C_ISR
  -------         ENDMOD        I2C

  -------         MODULE        GET_STRD
BL51 BANKED LINKER/LOCATER V5.03                                                      06/13/2012  13:36:49  PAGE 28


  C:0000H         SYMBOL        _ICE_DUMMY_
  C:09FBH         PUBLIC        _EZUSB_GetStringDscr
  -------         PROC          _EZUSB_GETSTRINGDSCR
  D:0001H         SYMBOL        StrIdx
  -------         DO            
  D:0006H         SYMBOL        dscr
  -------         ENDDO         
  C:09FBH         LINE#         38
  C:09FDH         LINE#         39
  C:09FDH         LINE#         42
  C:0A01H         LINE#         44
  C:0A0BH         LINE#         45
  C:0A0BH         LINE#         46
  C:0A11H         LINE#         47
  C:0A12H         LINE#         48
  C:0A20H         LINE#         49
  C:0A22H         LINE#         51
  C:0A25H         LINE#         52
  -------         ENDPROC       _EZUSB_GETSTRINGDSCR
  -------         ENDMOD        GET_STRD

  -------         MODULE        I2C_RW
  C:0000H         SYMBOL        _ICE_DUMMY_
  C:0A71H         PUBLIC        _EZUSB_ReadI2C
  C:0A8DH         PUBLIC        _EZUSB_WriteI2C
  -------         PROC          _EZUSB_READI2C
  D:0007H         SYMBOL        addr
  D:0005H         SYMBOL        length
  D:0002H         SYMBOL        dat
  C:0A71H         LINE#         38
  C:0A71H         LINE#         39
  C:0A71H         LINE#         40
  C:0A74H         LINE#         42
  C:0A74H         LINE#         43
  C:0A81H         LINE#         44
  C:0A81H         LINE#         45
  C:0A81H         LINE#         46
  C:0A83H         LINE#         47
  C:0A83H         LINE#         48
  C:0A86H         LINE#         49
  C:0A88H         LINE#         50
  C:0A88H         LINE#         51
  C:0A8BH         LINE#         52
  C:0A8CH         LINE#         53
  C:0A8CH         LINE#         54
  -------         ENDPROC       _EZUSB_READI2C
  -------         PROC          _EZUSB_WRITEI2C
  D:0007H         SYMBOL        addr
  D:0005H         SYMBOL        length
  D:0002H         SYMBOL        dat
  C:0A8DH         LINE#         56
  C:0A8DH         LINE#         57
  C:0A8DH         LINE#         58
  C:0A90H         LINE#         60
  C:0A90H         LINE#         61
  C:0A9DH         LINE#         62
  C:0A9DH         LINE#         63
BL51 BANKED LINKER/LOCATER V5.03                                                      06/13/2012  13:36:49  PAGE 29


  C:0A9DH         LINE#         64
  C:0A9FH         LINE#         65
  C:0A9FH         LINE#         66
  C:0AA2H         LINE#         67
  C:0AA4H         LINE#         68
  C:0AA4H         LINE#         69
  C:0AA7H         LINE#         70
  C:0AA8H         LINE#         71
  C:0AA8H         LINE#         72
  -------         ENDPROC       _EZUSB_WRITEI2C
  -------         ENDMOD        I2C_RW

  -------         MODULE        SUSP
  C:0A4CH         SEGMENT       EZUSB
  C:0A4CH         PUBLIC        EZUSB_SUSP
  B:00D0H.6       SYMBOL        AC
  D:00E0H         SYMBOL        ACC
  D:009AH         SYMBOL        APTR1H
  D:009BH         SYMBOL        APTR1L
  D:009AH         SYMBOL        AUTOPTR1H
  D:009BH         SYMBOL        AUTOPTR1L
  D:009AH         SYMBOL        AUTOPTRH1
  D:009DH         SYMBOL        AUTOPTRH2
  D:009BH         SYMBOL        AUTOPTRL1
  D:009EH         SYMBOL        AUTOPTRL2
  D:00AFH         SYMBOL        AUTOPTRSETUP
  D:00F0H         SYMBOL        B
  X:E606H         SYMBOL        BPADDRH
  X:E607H         SYMBOL        BPADDRL
  X:E605H         SYMBOL        BREAKPT
  D:008EH         SYMBOL        CKCON
  X:E665H         SYMBOL        CLRERRCNT
  X:E600H         SYMBOL        CPUCS
  B:00C8H.0       SYMBOL        CP_RL2
  X:E6FBH         SYMBOL        CT1
  X:E6FCH         SYMBOL        CT2
  X:E6FDH         SYMBOL        CT3
  X:E6FEH         SYMBOL        CT4
  B:00D0H.7       SYMBOL        CY
  B:00C8H.1       SYMBOL        C_T2
  X:E6F8H         SYMBOL        DBUG
  D:0083H         SYMBOL        DPH
  D:0085H         SYMBOL        DPH1
  D:0082H         SYMBOL        DPL
  D:0084H         SYMBOL        DPL1
  D:0086H         SYMBOL        DPS
  B:00A8H.7       SYMBOL        EA
  X:E62AH         SYMBOL        ECC1B0
  X:E62BH         SYMBOL        ECC1B1
  X:E62CH         SYMBOL        ECC1B2
  X:E62DH         SYMBOL        ECC2B0
  X:E62EH         SYMBOL        ECC2B1
  X:E62FH         SYMBOL        ECC2B2
  X:E628H         SYMBOL        ECCCFG
  X:E629H         SYMBOL        ECCRESET
  B:00E8H.1       SYMBOL        EI2C
  D:00D8H         SYMBOL        EICON
BL51 BANKED LINKER/LOCATER V5.03                                                      06/13/2012  13:36:49  PAGE 30


  D:00E8H         SYMBOL        EIE
  B:00E8H.2       SYMBOL        EIEX4
  B:00E8H.3       SYMBOL        EIEX5
  B:00E8H.4       SYMBOL        EIEX6
  D:00F8H         SYMBOL        EIP
  B:00F8H.2       SYMBOL        EIPX4
  B:00F8H.3       SYMBOL        EIPX5
  B:00F8H.4       SYMBOL        EIPX6
  D:00BAH         SYMBOL        EP01STAT
  X:E68AH         SYMBOL        EP0BCH
  X:E68BH         SYMBOL        EP0BCL
  X:E740H         SYMBOL        EP0BUF
  X:E6A0H         SYMBOL        EP0CS
  X:E780H         SYMBOL        EP10UTBUF
  X:E68FH         SYMBOL        EP1INBC
  X:E7C0H         SYMBOL        EP1INBUF
  X:E611H         SYMBOL        EP1INCFG
  X:E6A2H         SYMBOL        EP1INCS
  X:E68DH         SYMBOL        EP1OUTBC
  X:E610H         SYMBOL        EP1OUTCFG
  X:E6A1H         SYMBOL        EP1OUTCS
  D:00AAH         SYMBOL        EP2468STAT
  D:00ABH         SYMBOL        EP24FIFOFLGS
  X:E620H         SYMBOL        EP2AUTOINLENH
  X:E621H         SYMBOL        EP2AUTOINLENL
  X:E690H         SYMBOL        EP2BCH
  X:E691H         SYMBOL        EP2BCL
  X:E612H         SYMBOL        EP2CFG
  X:E6A3H         SYMBOL        EP2CS
  X:E6ABH         SYMBOL        EP2FIFOBCH
  X:E6ACH         SYMBOL        EP2FIFOBCL
  X:F000H         SYMBOL        EP2FIFOBUF
  X:E618H         SYMBOL        EP2FIFOCFG
  X:E6A7H         SYMBOL        EP2FIFOFLGS
  X:E650H         SYMBOL        EP2FIFOIE
  X:E651H         SYMBOL        EP2FIFOIRQ
  X:E630H         SYMBOL        EP2FIFOPFH
  X:E631H         SYMBOL        EP2FIFOPFL
  X:E6D2H         SYMBOL        EP2GPIFFLGSEL
  X:E6D3H         SYMBOL        EP2GPIFPFSTOP
  X:E6D0H         SYMBOL        EP2GPIFTCH
  X:E6D1H         SYMBOL        EP2GPIFTCL
  X:E6D4H         SYMBOL        EP2GPIFTRIG
  X:E640H         SYMBOL        EP2ISOINPKTS
  X:E622H         SYMBOL        EP4AUTOINLENH
  X:E623H         SYMBOL        EP4AUTOINLENL
  X:E694H         SYMBOL        EP4BCH
  X:E695H         SYMBOL        EP4BCL
  X:E613H         SYMBOL        EP4CFG
  X:E6A4H         SYMBOL        EP4CS
  X:E6ADH         SYMBOL        EP4FIFOBCH
  X:E6AEH         SYMBOL        EP4FIFOBCL
  X:F400H         SYMBOL        EP4FIFOBUF
  X:E619H         SYMBOL        EP4FIFOCFG
  X:E6A8H         SYMBOL        EP4FIFOFLGS
  X:E652H         SYMBOL        EP4FIFOIE
  X:E653H         SYMBOL        EP4FIFOIRQ
BL51 BANKED LINKER/LOCATER V5.03                                                      06/13/2012  13:36:49  PAGE 31


  X:E632H         SYMBOL        EP4FIFOPFH
  X:E633H         SYMBOL        EP4FIFOPFL
  X:E6DAH         SYMBOL        EP4GPIFFLGSEL
  X:E6DBH         SYMBOL        EP4GPIFPFSTOP
  X:E6D0H         SYMBOL        EP4GPIFTCH
  X:E6D1H         SYMBOL        EP4GPIFTCL
  X:E6DCH         SYMBOL        EP4GPIFTRIG
  X:E641H         SYMBOL        EP4ISOINPKTS
  D:00ACH         SYMBOL        EP68FIFOFLGS
  X:E624H         SYMBOL        EP6AUTOINLENH
  X:E625H         SYMBOL        EP6AUTOINLENL
  X:E698H         SYMBOL        EP6BCH
  X:E699H         SYMBOL        EP6BCL
  X:E614H         SYMBOL        EP6CFG
  X:E6A5H         SYMBOL        EP6CS
  X:E6AFH         SYMBOL        EP6FIFOBCH
  X:E6B0H         SYMBOL        EP6FIFOBCL
  X:F800H         SYMBOL        EP6FIFOBUF
  X:E61AH         SYMBOL        EP6FIFOCFG
  X:E6A9H         SYMBOL        EP6FIFOFLGS
  X:E654H         SYMBOL        EP6FIFOIE
  X:E655H         SYMBOL        EP6FIFOIRQ
  X:E634H         SYMBOL        EP6FIFOPFH
  X:E635H         SYMBOL        EP6FIFOPFL
  X:E6E2H         SYMBOL        EP6GPIFFLGSEL
  X:E6E3H         SYMBOL        EP6GPIFPFSTOP
  X:E6D0H         SYMBOL        EP6GPIFTCH
  X:E6D1H         SYMBOL        EP6GPIFTCL
  X:E6E4H         SYMBOL        EP6GPIFTRIG
  X:E642H         SYMBOL        EP6ISOINPKTS
  X:E626H         SYMBOL        EP8AUTOINLENH
  X:E627H         SYMBOL        EP8AUTOINLENL
  X:E69CH         SYMBOL        EP8BCH
  X:E69DH         SYMBOL        EP8BCL
  X:E615H         SYMBOL        EP8CFG
  X:E6A6H         SYMBOL        EP8CS
  X:E6B1H         SYMBOL        EP8FIFOBCH
  X:E6B2H         SYMBOL        EP8FIFOBCL
  X:FC00H         SYMBOL        EP8FIFOBUF
  X:E61BH         SYMBOL        EP8FIFOCFG
  X:E6AAH         SYMBOL        EP8FIFOFLGS
  X:E656H         SYMBOL        EP8FIFOIE
  X:E657H         SYMBOL        EP8FIFOIRQ
  X:E636H         SYMBOL        EP8FIFOPFH
  X:E637H         SYMBOL        EP8FIFOPFL
  X:E6EAH         SYMBOL        EP8GPIFFLGSEL
  X:E6EBH         SYMBOL        EP8GPIFPFSTOP
  X:E6D0H         SYMBOL        EP8GPIFTCH
  X:E6D1H         SYMBOL        EP8GPIFTCL
  X:E6ECH         SYMBOL        EP8GPIFTRIG
  X:E643H         SYMBOL        EP8ISOINPKTS
  X:E65EH         SYMBOL        EPIE
  X:E65FH         SYMBOL        EPIRQ
  B:00D8H.5       SYMBOL        ERESI
  X:E664H         SYMBOL        ERRCNTLIM
  C:0A5FH         SYMBOL        ER_END
  B:00A8H.4       SYMBOL        ES0
BL51 BANKED LINKER/LOCATER V5.03                                                      06/13/2012  13:36:49  PAGE 32


  B:00A8H.6       SYMBOL        ES1
  B:00A8H.1       SYMBOL        ET0
  B:00A8H.3       SYMBOL        ET1
  B:00A8H.5       SYMBOL        ET2
  B:00E8H.0       SYMBOL        EUSB
  B:00A8H.0       SYMBOL        EX0
  B:00A8H.2       SYMBOL        EX1
  B:00C8H.3       SYMBOL        EXEN2
  B:00C8H.6       SYMBOL        EXF2
  D:0091H         SYMBOL        EXIF
  X:E67BH         SYMBOL        EXTAUTODAT1
  X:E67CH         SYMBOL        EXTAUTODAT2
  B:00D0H.5       SYMBOL        F0
  X:E609H         SYMBOL        FIFOPINPOLAR
  X:E604H         SYMBOL        FIFORESET
  B:00D0H.1       SYMBOL        FL
  X:E6CCH         SYMBOL        FLOWEDGE
  X:E6C8H         SYMBOL        FLOWEQ0CTL
  X:E6C9H         SYMBOL        FLOWEQ1CTL
  X:E6C7H         SYMBOL        FLOWLOGIC
  X:E6C6H         SYMBOL        FLOWSTATE
  X:E6CBH         SYMBOL        FLOWSTB
  X:E6CDH         SYMBOL        FLOWSTBHPERIOD
  X:E687H         SYMBOL        FNADDR
  X:E509H         SYMBOL        GPCR2
  X:E6F5H         SYMBOL        GPIFABORT
  X:E6C4H         SYMBOL        GPIFADRH
  X:E6C5H         SYMBOL        GPIFADRL
  X:E6C3H         SYMBOL        GPIFCTLCFG
  X:E60CH         SYMBOL        GPIFHOLDAMOUNT
  X:E6C1H         SYMBOL        GPIFIDLECS
  X:E6C2H         SYMBOL        GPIFIDLECTL
  X:E660H         SYMBOL        GPIFIE
  X:E661H         SYMBOL        GPIFIRQ
  X:E6F3H         SYMBOL        GPIFREADYCFG
[...]
  D:00B8H         SYMBOL        IP
  B:0088H.0       SYMBOL        IT0
  B:0088H.2       SYMBOL        IT1
  X:E686H         SYMBOL        MICROFRAME
  D:0092H         SYMBOL        MPAGE
  X:E65AH         SYMBOL        NAKIE
  X:E65BH         SYMBOL        NAKIRQ
  D:00B2H         SYMBOL        OEA
  D:00B3H         SYMBOL        OEB
  D:00B4H         SYMBOL        OEC
  D:00B5H         SYMBOL        OED
  D:00B6H         SYMBOL        OEE
  X:E649H         SYMBOL        OUTPKTEND
  B:00D0H.2       SYMBOL        OV
  B:00D0H.0       SYMBOL        P
  D:0087H         SYMBOL        PCON
  B:00F8H.1       SYMBOL        PI2C
  X:E602H         SYMBOL        PINFLAGSAB
  X:E603H         SYMBOL        PINFLAGSCD
  X:E670H         SYMBOL        PORTACFG
  X:E671H         SYMBOL        PORTCCFG
  X:E672H         SYMBOL        PORTECFG
  B:00B8H.4       SYMBOL        PS0
  B:00B8H.6       SYMBOL        PS1
  D:00D0H         SYMBOL        PSW
  B:00B8H.1       SYMBOL        PT0
  B:00B8H.3       SYMBOL        PT1
  B:00B8H.5       SYMBOL        PT2
  B:00F8H.0       SYMBOL        PUSB
  B:00B8H.0       SYMBOL        PX0
  B:00B8H.2       SYMBOL        PX1
  B:0098H.2       SYMBOL        RB8
  B:00C0H.2       SYMBOL        RB81
  D:00CBH         SYMBOL        RCAP2H
  D:00CAH         SYMBOL        RCAP2L
  B:00C8H.5       SYMBOL        RCLK
  B:0098H.4       SYMBOL        REN
  B:00C0H.4       SYMBOL        REN1
  B:00D8H.4       SYMBOL        RESI
  X:E480H         SYMBOL        RES_WAVEDATA_END
  X:E60BH         SYMBOL        REVCTL
  X:E60AH         SYMBOL        REVID
  B:0098H.0       SYMBOL        RI
  B:00C0H.0       SYMBOL        RI1
  B:00D0H.3       SYMBOL        RS0
  B:00D0H.4       SYMBOL        RS1
  D:0099H         SYMBOL        SBUF0
BL51 BANKED LINKER/LOCATER V5.03                                                      06/13/2012  13:36:49  PAGE 34


  D:00C1H         SYMBOL        SBUF1
  D:0098H         SYMBOL        SCON0
  D:00C0H         SYMBOL        SCON1
  B:0080H.6       SYMBOL        SEL
  X:E6B8H         SYMBOL        SETUPDAT
  B:0098H.7       SYMBOL        SM0
  B:00C0H.7       SYMBOL        SM01
  B:0098H.6       SYMBOL        SM1
  B:00C0H.6       SYMBOL        SM11
  B:0098H.5       SYMBOL        SM2
  B:00C0H.5       SYMBOL        SM21
  B:00D8H.7       SYMBOL        SMOD1
  D:0081H         SYMBOL        SP
  X:E6B5H         SYMBOL        SUDPTRCTL
  X:E6B3H         SYMBOL        SUDPTRH
  X:E6B4H         SYMBOL        SUDPTRL
  N:0000H         SYMBOL        SUSP
  X:E681H         SYMBOL        SUSPEND
  D:00C8H         SYMBOL        T2CON
  B:0098H.3       SYMBOL        TB8
  B:00C0H.3       SYMBOL        TB81
  B:00C8H.4       SYMBOL        TCLK
  D:0088H         SYMBOL        TCON
  X:E6F9H         SYMBOL        TESTCFG
  B:0088H.5       SYMBOL        TF0
  B:0088H.7       SYMBOL        TF1
  B:00C8H.7       SYMBOL        TF2
  D:008CH         SYMBOL        TH0
  D:008DH         SYMBOL        TH1
  D:00CDH         SYMBOL        TH2
  B:0098H.1       SYMBOL        TI
  B:00C0H.1       SYMBOL        TI1
  D:008AH         SYMBOL        TL0
  D:008BH         SYMBOL        TL1
  D:00CCH         SYMBOL        TL2
  D:0089H         SYMBOL        TMOD
  X:E683H         SYMBOL        TOGCTL
  B:0088H.4       SYMBOL        TR0
  B:0088H.6       SYMBOL        TR1
  B:00C8H.2       SYMBOL        TR2
  X:E608H         SYMBOL        UART230
  X:E67DH         SYMBOL        UDMACRCH
  X:E67EH         SYMBOL        UDMACRCL
  X:E67FH         SYMBOL        UDMACRCQUAL
  X:E680H         SYMBOL        USBCS
  X:E662H         SYMBOL        USBERRIE
  X:E663H         SYMBOL        USBERRIRQ
  X:E684H         SYMBOL        USBFRAMEH
  X:E685H         SYMBOL        USBFRAMEL
  X:E65CH         SYMBOL        USBIE
  X:E65DH         SYMBOL        USBIRQ
  X:E6FAH         SYMBOL        USBTEST
  X:E682H         SYMBOL        WAKEUPCS
  X:E6F0H         SYMBOL        XGPIFSGLDATH
  X:E6F2H         SYMBOL        XGPIFSGLDATLNOX
  X:E6F1H         SYMBOL        XGPIFSGLDATLX
  C:0A4CH         LINE#         22
BL51 BANKED LINKER/LOCATER V5.03                                                      06/13/2012  13:36:49  PAGE 35


  C:0A4FH         LINE#         23
  C:0A50H         LINE#         24
  C:0A52H         LINE#         25
  C:0A53H         LINE#         27
  C:0A56H         LINE#         28
  C:0A57H         LINE#         30
  C:0A5AH         LINE#         32
  C:0A5BH         LINE#         33
  C:0A5CH         LINE#         34
  C:0A5DH         LINE#         35
  C:0A5EH         LINE#         36
  C:0A5FH         LINE#         37
  -------         ENDMOD        SUSP

  -------         MODULE        DELAY
  C:0000H         SYMBOL        _ICE_DUMMY_
  C:0875H         PUBLIC        _EZUSB_Delay
  -------         PROC          _EZUSB_DELAY
  D:0018H         SYMBOL        ms
  C:0875H         LINE#         39
  C:0879H         LINE#         40
  C:0879H         LINE#         46
  C:0881H         LINE#         47
  C:0893H         LINE#         48
  C:089DH         LINE#         49
  C:08A8H         LINE#         51
  C:08B5H         LINE#         52
  C:08BAH         LINE#         53
  -------         ENDPROC       _EZUSB_DELAY
  -------         ENDMOD        DELAY

  -------         MODULE        DELAY1MS
  C:0A4CH         SEGMENT       EZUSB
  C:0A60H         PUBLIC        EZUSB_DELAY1MS
  B:00D0H.6       SYMBOL        AC
  D:00E0H         SYMBOL        ACC
  D:009AH         SYMBOL        APTR1H
  D:009BH         SYMBOL        APTR1L
  D:009AH         SYMBOL        AUTOPTR1H
  D:009BH         SYMBOL        AUTOPTR1L
  D:009AH         SYMBOL        AUTOPTRH1
  D:009DH         SYMBOL        AUTOPTRH2
  D:009BH         SYMBOL        AUTOPTRL1
  D:009EH         SYMBOL        AUTOPTRL2
  D:00AFH         SYMBOL        AUTOPTRSETUP
  D:00F0H         SYMBOL        B
  X:E606H         SYMBOL        BPADDRH
  X:E607H         SYMBOL        BPADDRL
  X:E605H         SYMBOL        BREAKPT
  D:008EH         SYMBOL        CKCON
  X:E665H         SYMBOL        CLRERRCNT
  X:E600H         SYMBOL        CPUCS
  B:00C8H.0       SYMBOL        CP_RL2
  X:E6FBH         SYMBOL        CT1
  X:E6FCH         SYMBOL        CT2
  X:E6FDH         SYMBOL        CT3
  X:E6FEH         SYMBOL        CT4
BL51 BANKED LINKER/LOCATER V5.03                                                      06/13/2012  13:36:49  PAGE 36


  B:00D0H.7       SYMBOL        CY
  B:00C8H.1       SYMBOL        C_T2
  X:E6F8H         SYMBOL        DBUG
  N:0000H         SYMBOL        DELAY1MS
  D:0083H         SYMBOL        DPH
  D:0085H         SYMBOL        DPH1
  D:0082H         SYMBOL        DPL
  D:0084H         SYMBOL        DPL1
  D:0086H         SYMBOL        DPS
  B:00A8H.7       SYMBOL        EA
  X:E62AH         SYMBOL        ECC1B0
  X:E62BH         SYMBOL        ECC1B1
  X:E62CH         SYMBOL        ECC1B2
  X:E62DH         SYMBOL        ECC2B0
  X:E62EH         SYMBOL        ECC2B1
  X:E62FH         SYMBOL        ECC2B2
  X:E628H         SYMBOL        ECCCFG
  X:E629H         SYMBOL        ECCRESET
  B:00E8H.1       SYMBOL        EI2C
  D:00D8H         SYMBOL        EICON
  D:00E8H         SYMBOL        EIE
  B:00E8H.2       SYMBOL        EIEX4
  B:00E8H.3       SYMBOL        EIEX5
  B:00E8H.4       SYMBOL        EIEX6
  D:00F8H         SYMBOL        EIP
  B:00F8H.2       SYMBOL        EIPX4
  B:00F8H.3       SYMBOL        EIPX5
  B:00F8H.4       SYMBOL        EIPX6
  D:00BAH         SYMBOL        EP01STAT
  X:E68AH         SYMBOL        EP0BCH
  X:E68BH         SYMBOL        EP0BCL
  X:E740H         SYMBOL        EP0BUF
  X:E6A0H         SYMBOL        EP0CS
  X:E780H         SYMBOL        EP10UTBUF
  X:E68FH         SYMBOL        EP1INBC
  X:E7C0H         SYMBOL        EP1INBUF
  X:E611H         SYMBOL        EP1INCFG
  X:E6A2H         SYMBOL        EP1INCS
  X:E68DH         SYMBOL        EP1OUTBC
  X:E610H         SYMBOL        EP1OUTCFG
  X:E6A1H         SYMBOL        EP1OUTCS
  D:00AAH         SYMBOL        EP2468STAT
  D:00ABH         SYMBOL        EP24FIFOFLGS
  X:E620H         SYMBOL        EP2AUTOINLENH
  X:E621H         SYMBOL        EP2AUTOINLENL
  X:E690H         SYMBOL        EP2BCH
  X:E691H         SYMBOL        EP2BCL
  X:E612H         SYMBOL        EP2CFG
  X:E6A3H         SYMBOL        EP2CS
  X:E6ABH         SYMBOL        EP2FIFOBCH
  X:E6ACH         SYMBOL        EP2FIFOBCL
  X:F000H         SYMBOL        EP2FIFOBUF
  X:E618H         SYMBOL        EP2FIFOCFG
  X:E6A7H         SYMBOL        EP2FIFOFLGS
  X:E650H         SYMBOL        EP2FIFOIE
  X:E651H         SYMBOL        EP2FIFOIRQ
  X:E630H         SYMBOL        EP2FIFOPFH
BL51 BANKED LINKER/LOCATER V5.03                                                      06/13/2012  13:36:49  PAGE 37


  X:E631H         SYMBOL        EP2FIFOPFL
  X:E6D2H         SYMBOL        EP2GPIFFLGSEL
  X:E6D3H         SYMBOL        EP2GPIFPFSTOP
  X:E6D0H         SYMBOL        EP2GPIFTCH
  X:E6D1H         SYMBOL        EP2GPIFTCL
  X:E6D4H         SYMBOL        EP2GPIFTRIG
  X:E640H         SYMBOL        EP2ISOINPKTS
  X:E622H         SYMBOL        EP4AUTOINLENH
  X:E623H         SYMBOL        EP4AUTOINLENL
  X:E694H         SYMBOL        EP4BCH
  X:E695H         SYMBOL        EP4BCL
  X:E613H         SYMBOL        EP4CFG
  X:E6A4H         SYMBOL        EP4CS
  X:E6ADH         SYMBOL        EP4FIFOBCH
  X:E6AEH         SYMBOL        EP4FIFOBCL
  X:F400H         SYMBOL        EP4FIFOBUF
  X:E619H         SYMBOL        EP4FIFOCFG
  X:E6A8H         SYMBOL        EP4FIFOFLGS
  X:E652H         SYMBOL        EP4FIFOIE
  X:E653H         SYMBOL        EP4FIFOIRQ
  X:E632H         SYMBOL        EP4FIFOPFH
  X:E633H         SYMBOL        EP4FIFOPFL
  X:E6DAH         SYMBOL        EP4GPIFFLGSEL
  X:E6DBH         SYMBOL        EP4GPIFPFSTOP
  X:E6D0H         SYMBOL        EP4GPIFTCH
  X:E6D1H         SYMBOL        EP4GPIFTCL
  X:E6DCH         SYMBOL        EP4GPIFTRIG
  X:E641H         SYMBOL        EP4ISOINPKTS
  D:00ACH         SYMBOL        EP68FIFOFLGS
  X:E624H         SYMBOL        EP6AUTOINLENH
  X:E625H         SYMBOL        EP6AUTOINLENL
  X:E698H         SYMBOL        EP6BCH
  X:E699H         SYMBOL        EP6BCL
  X:E614H         SYMBOL        EP6CFG
  X:E6A5H         SYMBOL        EP6CS
  X:E6AFH         SYMBOL        EP6FIFOBCH
  X:E6B0H         SYMBOL        EP6FIFOBCL
  X:F800H         SYMBOL        EP6FIFOBUF
  X:E61AH         SYMBOL        EP6FIFOCFG
  X:E6A9H         SYMBOL        EP6FIFOFLGS
  X:E654H         SYMBOL        EP6FIFOIE
  X:E655H         SYMBOL        EP6FIFOIRQ
  X:E634H         SYMBOL        EP6FIFOPFH
  X:E635H         SYMBOL        EP6FIFOPFL
  X:E6E2H         SYMBOL        EP6GPIFFLGSEL
  X:E6E3H         SYMBOL        EP6GPIFPFSTOP
  X:E6D0H         SYMBOL        EP6GPIFTCH
  X:E6D1H         SYMBOL        EP6GPIFTCL
  X:E6E4H         SYMBOL        EP6GPIFTRIG
  X:E642H         SYMBOL        EP6ISOINPKTS
  X:E626H         SYMBOL        EP8AUTOINLENH
  X:E627H         SYMBOL        EP8AUTOINLENL
  X:E69CH         SYMBOL        EP8BCH
  X:E69DH         SYMBOL        EP8BCL
  X:E615H         SYMBOL        EP8CFG
  X:E6A6H         SYMBOL        EP8CS
  X:E6B1H         SYMBOL        EP8FIFOBCH
BL51 BANKED LINKER/LOCATER V5.03                                                      06/13/2012  13:36:49  PAGE 38


  X:E6B2H         SYMBOL        EP8FIFOBCL
  X:FC00H         SYMBOL        EP8FIFOBUF
  X:E61BH         SYMBOL        EP8FIFOCFG
  X:E6AAH         SYMBOL        EP8FIFOFLGS
  X:E656H         SYMBOL        EP8FIFOIE
  X:E657H         SYMBOL        EP8FIFOIRQ
  X:E636H         SYMBOL        EP8FIFOPFH
  X:E637H         SYMBOL        EP8FIFOPFL
  X:E6EAH         SYMBOL        EP8GPIFFLGSEL
  X:E6EBH         SYMBOL        EP8GPIFPFSTOP
  X:E6D0H         SYMBOL        EP8GPIFTCH
  X:E6D1H         SYMBOL        EP8GPIFTCL
  X:E6ECH         SYMBOL        EP8GPIFTRIG
  X:E643H         SYMBOL        EP8ISOINPKTS
  X:E65EH         SYMBOL        EPIE
  X:E65FH         SYMBOL        EPIRQ
  B:00D8H.5       SYMBOL        ERESI
  X:E664H         SYMBOL        ERRCNTLIM
  C:0A70H         SYMBOL        ER_END
  B:00A8H.4       SYMBOL        ES0
  B:00A8H.6       SYMBOL        ES1
  B:00A8H.1       SYMBOL        ET0
  B:00A8H.3       SYMBOL        ET1
  B:00A8H.5       SYMBOL        ET2
  B:00E8H.0       SYMBOL        EUSB
  B:00A8H.0       SYMBOL        EX0
  B:00A8H.2       SYMBOL        EX1
  B:00C8H.3       SYMBOL        EXEN2
  B:00C8H.6       SYMBOL        EXF2
  D:0091H         SYMBOL        EXIF
  X:E67BH         SYMBOL        EXTAUTODAT1
  X:E67CH         SYMBOL        EXTAUTODAT2
  B:00D0H.5       SYMBOL        F0
  X:E609H         SYMBOL        FIFOPINPOLAR
  X:E604H         SYMBOL        FIFORESET
  B:00D0H.1       SYMBOL        FL
  X:E6CCH         SYMBOL        FLOWEDGE
  X:E6C8H         SYMBOL        FLOWEQ0CTL
  X:E6C9H         SYMBOL        FLOWEQ1CTL
  X:E6C7H         SYMBOL        FLOWLOGIC
  X:E6C6H         SYMBOL        FLOWSTATE
  X:E6CBH         SYMBOL        FLOWSTB
  X:E6CDH         SYMBOL        FLOWSTBHPERIOD
  X:E687H         SYMBOL        FNADDR
  X:E509H         SYMBOL        GPCR2
  X:E6F5H         SYMBOL        GPIFABORT
  X:E6C4H         SYMBOL        GPIFADRH
  X:E6C5H         SYMBOL        GPIFADRL
  X:E6C3H         SYMBOL        GPIFCTLCFG
  X:E60CH         SYMBOL        GPIFHOLDAMOUNT
  X:E6C1H         SYMBOL        GPIFIDLECS
  X:E6C2H         SYMBOL        GPIFIDLECTL
  X:E660H         SYMBOL        GPIFIE
  X:E661H         SYMBOL        GPIFIRQ
  X:E6F3H         SYMBOL        GPIFREADYCFG
  X:E6F4H         SYMBOL        GPIFREADYSTAT
  D:00BDH         SYMBOL        GPIFSGLDATH
BL51 BANKED LINKER/LOCATER V5.03                                                      06/13/2012  13:36:49  PAGE 39


  D:00BFH         SYMBOL        GPIFSGLDATLNOX
  D:00BEH         SYMBOL        GPIFSGLDATLX
  X:E6D1H         SYMBOL        GPIFTCB0
  X:E6D0H         SYMBOL        GPIFTCB1
  X:E6CFH         SYMBOL        GPIFTCB2
  X:E6CEH         SYMBOL        GPIFTCB3
  D:00BBH         SYMBOL        GPIFTRIG
  X:E6C0H         SYMBOL        GPIFWFSELECT
  X:E400H         SYMBOL        GPIF_WAVE_DATA
  X:E678H         SYMBOL        I2CS
  X:E67AH         SYMBOL        I2CTL
  X:E679H         SYMBOL        I2DAT
  X:E658H         SYMBOL        IBNIE
  X:E659H         SYMBOL        IBNIRQ
  D:00A8H         SYMBOL        IE
  B:0088H.1       SYMBOL        IE0
  B:0088H.3       SYMBOL        IE1
  X:E601H         SYMBOL        IFCONFIG
  X:E648H         SYMBOL        INPKTEND
  D:00A1H         SYMBOL        INT2CLR
  X:E666H         SYMBOL        INT2IVEC
  D:00A2H         SYMBOL        INT4CLR
  X:E667H         SYMBOL        INT4IVEC
  B:00D8H.3       SYMBOL        INT6
  X:E668H         SYMBOL        INTSETUP
  D:0080H         SYMBOL        IOA
  D:0090H         SYMBOL        IOB
  D:00A0H         SYMBOL        IOC
  D:00B0H         SYMBOL        IOD
  D:00B1H         SYMBOL        IOE
  D:00B8H         SYMBOL        IP
  B:0088H.0       SYMBOL        IT0
  B:0088H.2       SYMBOL        IT1
  C:0A69H         SYMBOL        LOOP
  X:E686H         SYMBOL        MICROFRAME
  D:0092H         SYMBOL        MPAGE
  X:E65AH         SYMBOL        NAKIE
  X:E65BH         SYMBOL        NAKIRQ
  D:00B2H         SYMBOL        OEA
  D:00B3H         SYMBOL        OEB
  D:00B4H         SYMBOL        OEC
  D:00B5H         SYMBOL        OED
  D:00B6H         SYMBOL        OEE
  X:E649H         SYMBOL        OUTPKTEND
  B:00D0H.2       SYMBOL        OV
  B:00D0H.0       SYMBOL        P
  D:0087H         SYMBOL        PCON
  B:00F8H.1       SYMBOL        PI2C
  X:E602H         SYMBOL        PINFLAGSAB
  X:E603H         SYMBOL        PINFLAGSCD
  X:E670H         SYMBOL        PORTACFG
  X:E671H         SYMBOL        PORTCCFG
  X:E672H         SYMBOL        PORTECFG
  B:00B8H.4       SYMBOL        PS0
  B:00B8H.6       SYMBOL        PS1
  D:00D0H         SYMBOL        PSW
  B:00B8H.1       SYMBOL        PT0
BL51 BANKED LINKER/LOCATER V5.03                                                      06/13/2012  13:36:49  PAGE 40


  B:00B8H.3       SYMBOL        PT1
  B:00B8H.5       SYMBOL        PT2
  B:00F8H.0       SYMBOL        PUSB
  B:00B8H.0       SYMBOL        PX0
  B:00B8H.2       SYMBOL        PX1
  B:0098H.2       SYMBOL        RB8
  B:00C0H.2       SYMBOL        RB81
  D:00CBH         SYMBOL        RCAP2H
  D:00CAH         SYMBOL        RCAP2L
  B:00C8H.5       SYMBOL        RCLK
  B:0098H.4       SYMBOL        REN
  B:00C0H.4       SYMBOL        REN1
  B:00D8H.4       SYMBOL        RESI
  X:E480H         SYMBOL        RES_WAVEDATA_END
  X:E60BH         SYMBOL        REVCTL
  X:E60AH         SYMBOL        REVID
  B:0098H.0       SYMBOL        RI
  B:00C0H.0       SYMBOL        RI1
  B:00D0H.3       SYMBOL        RS0
  B:00D0H.4       SYMBOL        RS1
  D:0099H         SYMBOL        SBUF0
  D:00C1H         SYMBOL        SBUF1
  D:0098H         SYMBOL        SCON0
  D:00C0H         SYMBOL        SCON1
  B:0080H.6       SYMBOL        SEL
  X:E6B8H         SYMBOL        SETUPDAT
  B:0098H.7       SYMBOL        SM0
  B:00C0H.7       SYMBOL        SM01
  B:0098H.6       SYMBOL        SM1
  B:00C0H.6       SYMBOL        SM11
  B:0098H.5       SYMBOL        SM2
  B:00C0H.5       SYMBOL        SM21
  B:00D8H.7       SYMBOL        SMOD1
  D:0081H         SYMBOL        SP
  X:E6B5H         SYMBOL        SUDPTRCTL
  X:E6B3H         SYMBOL        SUDPTRH
  X:E6B4H         SYMBOL        SUDPTRL
  X:E681H         SYMBOL        SUSPEND
  D:00C8H         SYMBOL        T2CON
  B:0098H.3       SYMBOL        TB8
  B:00C0H.3       SYMBOL        TB81
  B:00C8H.4       SYMBOL        TCLK
  D:0088H         SYMBOL        TCON
  X:E6F9H         SYMBOL        TESTCFG
  B:0088H.5       SYMBOL        TF0
  B:0088H.7       SYMBOL        TF1
  B:00C8H.7       SYMBOL        TF2
  D:008CH         SYMBOL        TH0
  D:008DH         SYMBOL        TH1
  D:00CDH         SYMBOL        TH2
  B:0098H.1       SYMBOL        TI
  B:00C0H.1       SYMBOL        TI1
  D:008AH         SYMBOL        TL0
  D:008BH         SYMBOL        TL1
  D:00CCH         SYMBOL        TL2
  D:0089H         SYMBOL        TMOD
  X:E683H         SYMBOL        TOGCTL
BL51 BANKED LINKER/LOCATER V5.03                                                      06/13/2012  13:36:49  PAGE 41


  B:0088H.4       SYMBOL        TR0
  B:0088H.6       SYMBOL        TR1
  B:00C8H.2       SYMBOL        TR2
  X:E608H         SYMBOL        UART230
  X:E67DH         SYMBOL        UDMACRCH
  X:E67EH         SYMBOL        UDMACRCL
  X:E67FH         SYMBOL        UDMACRCQUAL
  X:E680H         SYMBOL        USBCS
  X:E662H         SYMBOL        USBERRIE
  X:E663H         SYMBOL        USBERRIRQ
  X:E684H         SYMBOL        USBFRAMEH
  X:E685H         SYMBOL        USBFRAMEL
  X:E65CH         SYMBOL        USBIE
  X:E65DH         SYMBOL        USBIRQ
  X:E6FAH         SYMBOL        USBTEST
  X:E682H         SYMBOL        WAKEUPCS
  X:E6F0H         SYMBOL        XGPIFSGLDATH
  X:E6F2H         SYMBOL        XGPIFSGLDATLNOX
  X:E6F1H         SYMBOL        XGPIFSGLDATLX
  C:0A60H         LINE#         48
  C:0A62H         LINE#         49
  C:0A64H         LINE#         50
  C:0A67H         LINE#         51
  C:0A69H         LINE#         53
  C:0A6AH         LINE#         54
  C:0A6CH         LINE#         55
  C:0A6EH         LINE#         56
  C:0A70H         LINE#         58
  -------         ENDMOD        DELAY1MS

  -------         MODULE        ?C?CLDOPTR
  C:07B8H         PUBLIC        ?C?CLDOPTR
  -------         ENDMOD        ?C?CLDOPTR

  -------         MODULE        ?C?CSTOPTR
  C:07E5H         PUBLIC        ?C?CSTOPTR
  -------         ENDMOD        ?C?CSTOPTR

  -------         MODULE        ?C?ULCMP
  C:0807H         PUBLIC        ?C?ULCMP
  -------         ENDMOD        ?C?ULCMP

Program Size: data=55.5 xdata=4476 code=2837
LINK/LOCATE RUN COMPLETE.  0 WARNING(S),  0 ERROR(S)
